******************************************************************************
                  TI ARM Linker PC v18.12.3                    
******************************************************************************
>> Linked Wed Aug 26 21:09:09 2020

OUTPUT FILE NAME:   <SPI_tm4c.out>
ENTRY POINT SYMBOL: "_c_int00_noargs"  address: 00000c31


MEMORY CONFIGURATION

         name            origin    length      used     unused   attr    fill
----------------------  --------  ---------  --------  --------  ----  --------
  FLASH                 00000000   00040000  00000e1a  0003f1e6  R  X
  SRAM                  20000000   00008000  00000205  00007dfb  RW X


SEGMENT ALLOCATION MAP

run origin  load origin   length   init length attrs members
----------  ----------- ---------- ----------- ----- -------
00000000    00000000    00000e20   00000e20    r-x
  00000000    00000000    0000026c   0000026c    r-- .intvecs
  0000026c    0000026c    00000ad6   00000ad6    r-x .text
  00000d44    00000d44    000000c0   000000c0    r-- .const
  00000e08    00000e08    00000018   00000018    r-- .cinit
20000000    20000000    00000205   00000000    rw-
  20000000    20000000    00000200   00000000    rw- .stack
  20000200    20000200    00000005   00000000    rw- .data


SECTION ALLOCATION MAP

 output                                  attributes/
section   page    origin      length       input sections
--------  ----  ----------  ----------   ----------------
.intvecs   0    00000000    0000026c     
                  00000000    0000026c     tm4c123gh6pm_startup_ccs.obj (.intvecs)

.text      0    0000026c    00000ad6     
                  0000026c    0000049c     uartstdio.obj (.text)
                  00000708    00000132     driverlib.lib : gpio.obj (.text:GPIOPadConfigSet)
                  0000083a    00000002     rtsv7M4_T_le_v4SPD16_eabi.lib : div0.asm.obj (.text)
                  0000083c    000000f4     driverlib.lib : sysctl.obj (.text:SysCtlClockSet)
                  00000930    0000009c     rtsv7M4_T_le_v4SPD16_eabi.lib : memcpy_t2.asm.obj (.text)
                  000009cc    0000007c     main.obj (.text)
                  00000a48    00000068     rtsv7M4_T_le_v4SPD16_eabi.lib : copy_decompress_lzss.c.obj (.text:decompress:lzss:__TI_decompress_lzss)
                  00000ab0    00000048     driverlib.lib : gpio.obj (.text:GPIOPinConfigure)
                  00000af8    00000046                   : uart.obj (.text:UARTConfigSetExpClk)
                  00000b3e    00000002     --HOLE-- [fill = 0]
                  00000b40    00000044     rtsv7M4_T_le_v4SPD16_eabi.lib : autoinit.c.obj (.text:__TI_auto_init_nobinit_nopinit:__TI_auto_init_nobinit_nopinit)
                  00000b84    00000040                                   : u_divt2.asm.obj (.text)
                  00000bc4    00000038     driverlib.lib : sysctl.obj (.text:SysCtlPeripheralPresent)
                  00000bfc    00000034                   : sysctl.obj (.text:SysCtlPeripheralEnable)
                  00000c30    00000034     rtsv7M4_T_le_v4SPD16_eabi.lib : boot_cortex_m.c.obj (.text:_c_int00_noargs:_c_int00_noargs)
                  00000c64    0000002a     driverlib.lib : gpio.obj (.text:GPIODirModeSet)
                  00000c8e    00000002     --HOLE-- [fill = 0]
                  00000c90    00000020                   : uart.obj (.text:UARTDisable)
                  00000cb0    00000018                   : gpio.obj (.text:GPIOPinTypeGPIOOutput)
                  00000cc8    00000014                   : uart.obj (.text:UARTEnable)
                  00000cdc    00000012                   : gpio.obj (.text:GPIOPinTypeUART)
                  00000cee    00000002     --HOLE-- [fill = 0]
                  00000cf0    00000010                   : fpu.obj (.text:FPULazyStackingEnable)
                  00000d00    0000000e     rtsv7M4_T_le_v4SPD16_eabi.lib : copy_decompress_none.c.obj (.text:decompress:none:__TI_decompress_none)
                  00000d0e    0000000c     tm4c123gh6pm_startup_ccs.obj (.text)
                  00000d1a    0000000a     driverlib.lib : uart.obj (.text:UARTCharGet)
                  00000d24    0000000a                   : uart.obj (.text:UARTCharPut)
                  00000d2e    00000006                   : sysctl.obj (.text:SysCtlDelay)
                  00000d34    00000006                   : uart.obj (.text:UARTClockSourceSet)
                  00000d3a    00000004     rtsv7M4_T_le_v4SPD16_eabi.lib : pre_init.c.obj (.text:_system_pre_init)
                  00000d3e    00000004                                   : exit.c.obj (.text:abort:abort)

.const     0    00000d44    000000c0     
                  00000d44    00000090     driverlib.lib : gpio.obj (.const:g_pui32GPIOBaseAddrs)
                  00000dd4    00000012     uartstdio.obj (.const:.string)
                  00000de6    00000002     --HOLE-- [fill = 0]
                  00000de8    0000000c     uartstdio.obj (.const:g_ui32UARTBase)
                  00000df4    0000000c     uartstdio.obj (.const:g_ui32UARTPeriph)
                  00000e00    00000004     uartstdio.obj (.const)

.cinit     0    00000e08    00000018     
                  00000e08    00000008     (__TI_handler_table)
                  00000e10    00000007     (.cinit..data.load) [load image, compression = lzss]
                  00000e17    00000001     --HOLE-- [fill = 0]
                  00000e18    00000008     (__TI_cinit_table)

.init_array 
*          0    00000000    00000000     UNINITIALIZED

.data      0    20000200    00000005     UNINITIALIZED
                  20000200    00000005     uartstdio.obj (.data)

.stack     0    20000000    00000200     UNINITIALIZED
                  20000000    00000004     rtsv7M4_T_le_v4SPD16_eabi.lib : boot_cortex_m.c.obj (.stack)
                  20000004    000001fc     --HOLE--

MODULE SUMMARY

       Module                         code   ro data   rw data
       ------                         ----   -------   -------
    .\
       tm4c123gh6pm_startup_ccs.obj   12     620       0      
       main.obj                       124    0         0      
    +--+------------------------------+------+---------+---------+
       Total:                         136    620       0      
                                                              
    .\utils\
       uartstdio.obj                  1180   46        5      
    +--+------------------------------+------+---------+---------+
       Total:                         1180   46        5      
                                                              
    D:/ti/TivaWare_C_Series-2.1.4.178/driverlib/ccs/Debug/driverlib.lib
       gpio.obj                       462    144       0      
       sysctl.obj                     358    0         0      
       uart.obj                       148    0         0      
       fpu.obj                        16     0         0      
    +--+------------------------------+------+---------+---------+
       Total:                         984    144       0      
                                                              
    D:\ti\ccs920\ccs\tools\compiler\ti-cgt-arm_18.12.3.LTS\lib\rtsv7M4_T_le_v4SPD16_eabi.lib
       memcpy_t2.asm.obj              156    0         0      
       copy_decompress_lzss.c.obj     104    0         0      
       autoinit.c.obj                 68     0         0      
       u_divt2.asm.obj                64     0         0      
       boot_cortex_m.c.obj            52     0         0      
       copy_decompress_none.c.obj     14     0         0      
       exit.c.obj                     4      0         0      
       pre_init.c.obj                 4      0         0      
       div0.asm.obj                   2      0         0      
    +--+------------------------------+------+---------+---------+
       Total:                         468    0         0      
                                                              
       Stack:                         0      0         512    
       Linker Generated:              0      23        0      
    +--+------------------------------+------+---------+---------+
       Grand Total:                   2768   833       517    


LINKER GENERATED COPY TABLES

__TI_cinit_table @ 00000e18 records: 1, size/record: 8, table size: 8
	.data: load addr=00000e10, load size=00000007 bytes, run addr=20000200, run size=00000005 bytes, compression=lzss


LINKER GENERATED HANDLER TABLE

__TI_handler_table @ 00000e08 records: 2, size/record: 4, table size: 8
	index: 0, handler: __TI_decompress_lzss
	index: 1, handler: __TI_decompress_none


GLOBAL SYMBOLS: SORTED ALPHABETICALLY BY Name 

address   name                          
-------   ----                          
00000d3f  C$$EXIT                       
000009cd  ConfigureUART                 
00000cf1  FPULazyStackingEnable         
00000c65  GPIODirModeSet                
00000709  GPIOPadConfigSet              
00000ab1  GPIOPinConfigure              
00000cb1  GPIOPinTypeGPIOOutput         
00000cdd  GPIOPinTypeUART               
00000d0f  ResetISR                      
0000083d  SysCtlClockSet                
00000d2f  SysCtlDelay                   
00000bfd  SysCtlPeripheralEnable        
00000bc5  SysCtlPeripheralPresent       
00000d1b  UARTCharGet                   
00000d25  UARTCharPut                   
00000d35  UARTClockSourceSet            
00000af9  UARTConfigSetExpClk           
00000c91  UARTDisable                   
00000cc9  UARTEnable                    
0000026d  UARTStdioConfig               
000003b3  UARTgetc                      
000002f9  UARTgets                      
000006d3  UARTprintf                    
000003d9  UARTvprintf                   
000002b3  UARTwrite                     
20000200  __STACK_END                   
00000200  __STACK_SIZE                  
20000200  __STACK_TOP                   
00000e18  __TI_CINIT_Base               
00000e20  __TI_CINIT_Limit              
00000e08  __TI_Handler_Table_Base       
00000e10  __TI_Handler_Table_Limit      
00000b41  __TI_auto_init_nobinit_nopinit
00000a49  __TI_decompress_lzss          
00000d01  __TI_decompress_none          
ffffffff  __TI_pprof_out_hndl           
ffffffff  __TI_prof_data_size           
ffffffff  __TI_prof_data_start          
00000000  __TI_static_base__            
0000083b  __aeabi_idiv0                 
0000083b  __aeabi_ldiv0                 
00000931  __aeabi_memcpy                
00000931  __aeabi_memcpy4               
00000931  __aeabi_memcpy8               
00000b85  __aeabi_uidiv                 
00000b85  __aeabi_uidivmod              
ffffffff  __binit__                     
ffffffff  __c_args__                    
UNDEFED   __mpu_init                    
20000000  __stack                       
00000c31  _c_int00_noargs               
UNDEFED   _system_post_cinit            
00000d3b  _system_pre_init              
00000d3f  abort                         
ffffffff  binit                         
00000000  g_pfnVectors                  
00000a09  main                          
00000931  memcpy                        


GLOBAL SYMBOLS: SORTED BY Symbol Address 

address   name                          
-------   ----                          
00000000  __TI_static_base__            
00000000  g_pfnVectors                  
00000200  __STACK_SIZE                  
0000026d  UARTStdioConfig               
000002b3  UARTwrite                     
000002f9  UARTgets                      
000003b3  UARTgetc                      
000003d9  UARTvprintf                   
000006d3  UARTprintf                    
00000709  GPIOPadConfigSet              
0000083b  __aeabi_idiv0                 
0000083b  __aeabi_ldiv0                 
0000083d  SysCtlClockSet                
00000931  __aeabi_memcpy                
00000931  __aeabi_memcpy4               
00000931  __aeabi_memcpy8               
00000931  memcpy                        
000009cd  ConfigureUART                 
00000a09  main                          
00000a49  __TI_decompress_lzss          
00000ab1  GPIOPinConfigure              
00000af9  UARTConfigSetExpClk           
00000b41  __TI_auto_init_nobinit_nopinit
00000b85  __aeabi_uidiv                 
00000b85  __aeabi_uidivmod              
00000bc5  SysCtlPeripheralPresent       
00000bfd  SysCtlPeripheralEnable        
00000c31  _c_int00_noargs               
00000c65  GPIODirModeSet                
00000c91  UARTDisable                   
00000cb1  GPIOPinTypeGPIOOutput         
00000cc9  UARTEnable                    
00000cdd  GPIOPinTypeUART               
00000cf1  FPULazyStackingEnable         
00000d01  __TI_decompress_none          
00000d0f  ResetISR                      
00000d1b  UARTCharGet                   
00000d25  UARTCharPut                   
00000d2f  SysCtlDelay                   
00000d35  UARTClockSourceSet            
00000d3b  _system_pre_init              
00000d3f  C$$EXIT                       
00000d3f  abort                         
00000e08  __TI_Handler_Table_Base       
00000e10  __TI_Handler_Table_Limit      
00000e18  __TI_CINIT_Base               
00000e20  __TI_CINIT_Limit              
20000000  __stack                       
20000200  __STACK_END                   
20000200  __STACK_TOP                   
ffffffff  __TI_pprof_out_hndl           
ffffffff  __TI_prof_data_size           
ffffffff  __TI_prof_data_start          
ffffffff  __binit__                     
ffffffff  __c_args__                    
ffffffff  binit                         
UNDEFED   __mpu_init                    
UNDEFED   _system_post_cinit            

[58 symbols]
