******************************************************************************
                  TI ARM Linker PC v18.12.3                    
******************************************************************************
>> Linked Wed Jul 29 02:58:40 2020

OUTPUT FILE NAME:   <lwip_1.out>
ENTRY POINT SYMBOL: "_c_int00_noargs"  address: 0000a9cd


MEMORY CONFIGURATION

         name            origin    length      used     unused   attr    fill
----------------------  --------  ---------  --------  --------  ----  --------
  FLASH                 00000000   00040000  0000afb2  0003504e  R  X
  SRAM                  20000000   00008000  0000595b  000026a5  RW X


SEGMENT ALLOCATION MAP

run origin  load origin   length   init length attrs members
----------  ----------- ---------- ----------- ----- -------
00000000    00000000    0000afb8   0000afb8    r-x
  00000000    00000000    0000026c   0000026c    r-- .intvecs
  0000026c    0000026c    0000a8f6   0000a8f6    r-x .text
  0000ab64    0000ab64    00000408   00000408    r-- .const
  0000af70    0000af70    00000048   00000048    r-- .cinit
20000000    20000000    00005962   00000000    rw-
  20000000    20000000    0000026c   00000000    rw- .vtable
  2000026c    2000026c    000054dd   00000000    rw- .bss
  20005750    20005750    00000200   00000000    rw- .stack
  20005950    20005950    00000012   00000000    rw- .data


SECTION ALLOCATION MAP

 output                                  attributes/
section   page    origin      length       input sections
--------  ----  ----------  ----------   ----------------
.intvecs   0    00000000    0000026c     
                  00000000    0000026c     tm4c123gh6pm_startup_ccs.obj (.intvecs)

.text      0    0000026c    0000a8f6     
                  0000026c    000015dc     dhcp.obj (.text)
                  00001848    00001594     tcp_in.obj (.text)
                  00002ddc    00001274     tcp.obj (.text)
                  00004050    00001082     tcp_out.obj (.text)
                  000050d2    00000002     --HOLE-- [fill = 0]
                  000050d4    00000c34     etharp.obj (.text)
                  00005d08    00000ac6     pbuf.obj (.text)
                  000067ce    00000002     --HOLE-- [fill = 0]
                  000067d0    0000090c     enc28j60.obj (.text)
                  000070dc    00000848     ip_frag.obj (.text)
                  00007924    00000668     udp.obj (.text)
                  00007f8c    00000514     ethernetif.obj (.text)
                  000084a0    00000488     ip.obj (.text)
                  00008928    00000470     mem.obj (.text)
                  00008d98    000003c4     inet_chksum.obj (.text)
                  0000915c    000003c4     ip_addr.obj (.text)
                  00009520    0000039c     netif.obj (.text)
                  000098bc    000002e4     timers.obj (.text)
                  00009ba0    00000278     icmp.obj (.text)
                  00009e18    0000026c     raw.obj (.text)
                  0000a084    00000184     main.obj (.text)
                  0000a208    00000132     driverlib.lib : gpio.obj (.text:GPIOPadConfigSet)
                  0000a33a    00000002     --HOLE-- [fill = 0]
                  0000a33c    00000128     memp.obj (.text)
                  0000a464    00000110     driverlib.lib : sysctl.obj (.text:SysCtlClockGet)
                  0000a574    0000009c     rtsv7M4_T_le_v4SPD16_eabi.lib : memcpy_t2.asm.obj (.text)
                  0000a610    0000007a                                   : memset_t2.asm.obj (.text)
                  0000a68a    0000006c     def.obj (.text)
                  0000a6f6    00000002     --HOLE-- [fill = 0]
                  0000a6f8    00000068     driverlib.lib : interrupt.obj (.text:IntEnable)
                  0000a760    00000068     rtsv7M4_T_le_v4SPD16_eabi.lib : copy_decompress_lzss.c.obj (.text:decompress:lzss:__TI_decompress_lzss)
                  0000a7c8    00000056     driverlib.lib : gpio.obj (.text:GPIOIntTypeSet)
                  0000a81e    00000002     --HOLE-- [fill = 0]
                  0000a820    00000048                   : gpio.obj (.text:GPIOPinConfigure)
                  0000a868    00000044                   : gpio.obj (.text:_GPIOIntNumberGet)
                  0000a8ac    00000044     rtsv7M4_T_le_v4SPD16_eabi.lib : autoinit.c.obj (.text:__TI_auto_init_nobinit_nopinit:__TI_auto_init_nobinit_nopinit)
                  0000a8f0    0000003c     driverlib.lib : ssi.obj (.text:SSIConfigSetExpClk)
                  0000a92c    00000038                   : sysctl.obj (.text:SysCtlPeripheralReady)
                  0000a964    00000034                   : interrupt.obj (.text:IntRegister)
                  0000a998    00000034                   : sysctl.obj (.text:SysCtlPeripheralEnable)
                  0000a9cc    00000034     rtsv7M4_T_le_v4SPD16_eabi.lib : boot_cortex_m.c.obj (.text:_c_int00_noargs:_c_int00_noargs)
                  0000aa00    0000002a     driverlib.lib : gpio.obj (.text:GPIODirModeSet)
                  0000aa2a    00000024     rtsv7M4_T_le_v4SPD16_eabi.lib : memcmp.c.obj (.text:memcmp)
                  0000aa4e    0000001c     init.obj (.text)
                  0000aa6a    00000018     driverlib.lib : gpio.obj (.text:GPIOIntRegister)
                  0000aa82    00000018                   : gpio.obj (.text:GPIOPinTypeGPIOOutput)
                  0000aa9a    00000014     rtsv7M4_T_le_v4SPD16_eabi.lib : strlen.c.obj (.text:strlen)
                  0000aaae    00000012     driverlib.lib : gpio.obj (.text:GPIOPinTypeGPIOInput)
                  0000aac0    00000012                   : gpio.obj (.text:GPIOPinTypeSSI)
                  0000aad2    0000000e                   : gpio.obj (.text:GPIOIntDisable)
                  0000aae0    0000000e                   : gpio.obj (.text:GPIOIntStatus)
                  0000aaee    0000000e     rtsv7M4_T_le_v4SPD16_eabi.lib : copy_decompress_none.c.obj (.text:decompress:none:__TI_decompress_none)
                  0000aafc    0000000c     driverlib.lib : gpio.obj (.text:GPIOIntEnable)
                  0000ab08    0000000c                   : ssi.obj (.text:SSIDataGet)
                  0000ab14    0000000c     rtsv7M4_T_le_v4SPD16_eabi.lib : copy_zero_init.c.obj (.text:decompress:ZI:__TI_zero_init)
                  0000ab20    0000000c     tm4c123gh6pm_startup_ccs.obj (.text)
                  0000ab2c    0000000a     driverlib.lib : ssi.obj (.text:SSIDataPut)
                  0000ab36    0000000a                   : ssi.obj (.text:SSIEnable)
                  0000ab40    00000008                   : ssi.obj (.text:SSIBusy)
                  0000ab48    00000006                   : gpio.obj (.text:GPIOIntClear)
                  0000ab4e    00000006                   : gpio.obj (.text:GPIOPinWrite)
                  0000ab54    00000006                   : sysctl.obj (.text:SysCtlDelay)
                  0000ab5a    00000004     rtsv7M4_T_le_v4SPD16_eabi.lib : pre_init.c.obj (.text:_system_pre_init)
                  0000ab5e    00000004                                   : exit.c.obj (.text:abort:abort)

.const     0    0000ab64    00000408     
                  0000ab64    000000d8     driverlib.lib : gpio.obj (.const:g_ppui32GPIOIntMapSnowflake)
                  0000ac3c    000000c0                   : gpio.obj (.const:g_ppui32GPIOIntMapBlizzard)
                  0000acfc    00000090                   : gpio.obj (.const:g_pui32GPIOBaseAddrs)
                  0000ad8c    00000076     tcp.obj (.const:.string)
                  0000ae02    00000002     --HOLE-- [fill = 0]
                  0000ae04    00000070     driverlib.lib : interrupt.obj (.const)
                  0000ae74    0000006c                   : sysctl.obj (.const:g_pui32Xtals)
                  0000aee0    0000002c     tcp.obj (.const:tcp_state_str)
                  0000af0c    00000014     memp.obj (.const:memp_num)
                  0000af20    00000014     memp.obj (.const:memp_sizes)
                  0000af34    00000010     tcp.obj (.const:tcp_pcb_lists)
                  0000af44    0000000d     tcp.obj (.const:.string:tcp_backoff)
                  0000af51    00000007     tcp.obj (.const:.string:tcp_persist_backoff)
                  0000af58    00000006     etharp.obj (.const:ethbroadcast)
                  0000af5e    00000006     etharp.obj (.const:ethzero)
                  0000af64    00000004     ip_addr.obj (.const:ip_addr_any)
                  0000af68    00000004     ip_addr.obj (.const:ip_addr_broadcast)

.cinit     0    0000af70    00000048     
                  0000af70    00000014     (.cinit..data.load) [load image, compression = lzss]
                  0000af84    0000000c     (__TI_handler_table)
                  0000af90    00000008     (.cinit..bss.load) [load image, compression = zero_init]
                  0000af98    00000008     (.cinit..vtable.load) [load image, compression = zero_init]
                  0000afa0    00000018     (__TI_cinit_table)

.init_array 
*          0    00000000    00000000     UNINITIALIZED

.vtable    0    20000000    0000026c     UNINITIALIZED
                  20000000    0000026c     driverlib.lib : interrupt.obj (.vtable)

.bss       0    2000026c    000054dd     UNINITIALIZED
                  2000026c    00002814     (.common:ram_heap)
                  20002a80    0000249c     memp.obj (.bss:memp_memory)
                  20004f1c    00000630     (.common:EncHandle)
                  2000554c    000000c8     etharp.obj (.bss:arp_table)
                  20005614    00000038     (.common:gnetif)
                  2000564c    00000028     memp.obj (.bss:memp_tab)
                  20005674    00000028     (.common:dhcp_rx_options_val)
                  2000569c    0000001c     tcp_in.obj (.bss)
                  200056b8    00000014     tcp_in.obj (.bss:inseg)
                  200056cc    00000010     ip_addr.obj (.bss:str$1)
                  200056dc    0000000c     mem.obj (.bss)
                  200056e8    0000000c     timers.obj (.bss)
                  200056f4    0000000c     (.common:dhcp_rx_options_given)
                  20005700    00000006     ip_frag.obj (.bss)
                  20005706    00000002     ip.obj (.bss)
                  20005708    00000004     raw.obj (.bss)
                  2000570c    00000004     (.common:current_header)
                  20005710    00000004     (.common:current_iphdr_dest)
                  20005714    00000004     (.common:current_iphdr_src)
                  20005718    00000004     (.common:current_netif)
                  2000571c    00000004     (.common:netif_default)
                  20005720    00000004     (.common:netif_list)
                  20005724    00000004     (.common:tcp_active_pcbs)
                  20005728    00000004     (.common:tcp_bound_pcbs)
                  2000572c    00000004     (.common:tcp_input_pcb)
                  20005730    00000004     (.common:tcp_listen_pcbs)
                  20005734    00000004     (.common:tcp_ticks)
                  20005738    00000004     (.common:tcp_tmp_pcb)
                  2000573c    00000004     (.common:tcp_tw_pcbs)
                  20005740    00000004     (.common:udp_pcbs)
                  20005744    00000002     tcp.obj (.bss)
                  20005746    00000001     etharp.obj (.bss)
                  20005747    00000001     netif.obj (.bss)
                  20005748    00000001     (.common:tcp_active_pcbs_changed)

.data      0    20005950    00000012     UNINITIALIZED
                  20005950    00000008     tcp.obj (.data)
                  20005958    00000004     dhcp.obj (.data)
                  2000595c    00000004     enc28j60.obj (.data)
                  20005960    00000002     udp.obj (.data)

.stack     0    20005750    00000200     UNINITIALIZED
                  20005750    00000004     rtsv7M4_T_le_v4SPD16_eabi.lib : boot_cortex_m.c.obj (.stack)
                  20005754    000001fc     --HOLE--

MODULE SUMMARY

       Module                         code    ro data   rw data
       ------                         ----    -------   -------
    .\
       ethernetif.obj                 1300    0         1584   
       enc28j60.obj                   2316    0         4      
       tm4c123gh6pm_startup_ccs.obj   12      620       0      
       main.obj                       388     0         56     
    +--+------------------------------+-------+---------+---------+
       Total:                         4016    620       1644   
                                                               
    .\Third Party\LWIP\src\core\
       mem.obj                        1136    0         10272  
       memp.obj                       296     40        9412   
       dhcp.obj                       5596    0         56     
       tcp_in.obj                     5524    0         52     
       tcp.obj                        4724    198       35     
       tcp_out.obj                    4226    0         0      
       pbuf.obj                       2758    0         0      
       udp.obj                        1640    0         6      
       netif.obj                      924     0         9      
       timers.obj                     740     0         12     
       raw.obj                        620     0         4      
       def.obj                        108     0         0      
       init.obj                       28      0         0      
    +--+------------------------------+-------+---------+---------+
       Total:                         28320   238       19858  
                                                               
    .\Third Party\LWIP\src\core\ipv4\
       ip_frag.obj                    2120    0         6      
       ip.obj                         1160    0         18     
       ip_addr.obj                    964     8         16     
       inet_chksum.obj                964     0         0      
       icmp.obj                       632     0         0      
    +--+------------------------------+-------+---------+---------+
       Total:                         5840    8         40     
                                                               
    .\Third Party\LWIP\src\netif\
       etharp.obj                     3124    12        201    
    +--+------------------------------+-------+---------+---------+
       Total:                         3124    12        201    
                                                               
    D:/ti/TivaWare_C_Series-2.1.4.178/driverlib/ccs/Debug/driverlib.lib
       gpio.obj                       710     552       0      
       interrupt.obj                  156     112       620    
       sysctl.obj                     386     108       0      
       ssi.obj                        100     0         0      
    +--+------------------------------+-------+---------+---------+
       Total:                         1352    772       620    
                                                               
    D:\ti\ccs920\ccs\tools\compiler\ti-cgt-arm_18.12.3.LTS\lib\rtsv7M4_T_le_v4SPD16_eabi.lib
       memcpy_t2.asm.obj              156     0         0      
       memset_t2.asm.obj              122     0         0      
       copy_decompress_lzss.c.obj     104     0         0      
       autoinit.c.obj                 68      0         0      
       boot_cortex_m.c.obj            52      0         0      
       memcmp.c.obj                   36      0         0      
       strlen.c.obj                   20      0         0      
       copy_decompress_none.c.obj     14      0         0      
       copy_zero_init.c.obj           12      0         0      
       exit.c.obj                     4       0         0      
       pre_init.c.obj                 4       0         0      
    +--+------------------------------+-------+---------+---------+
       Total:                         592     0         0      
                                                               
       Stack:                         0       0         512    
       Linker Generated:              0       72        0      
    +--+------------------------------+-------+---------+---------+
       Grand Total:                   43244   1722      22875  


LINKER GENERATED COPY TABLES

__TI_cinit_table @ 0000afa0 records: 3, size/record: 8, table size: 24
	.data: load addr=0000af70, load size=00000014 bytes, run addr=20005950, run size=00000012 bytes, compression=lzss
	.bss: load addr=0000af90, load size=00000008 bytes, run addr=2000026c, run size=000054dd bytes, compression=zero_init
	.vtable: load addr=0000af98, load size=00000008 bytes, run addr=20000000, run size=0000026c bytes, compression=zero_init


LINKER GENERATED HANDLER TABLE

__TI_handler_table @ 0000af84 records: 3, size/record: 4, table size: 12
	index: 0, handler: __TI_zero_init
	index: 1, handler: __TI_decompress_lzss
	index: 2, handler: __TI_decompress_none


GLOBAL SYMBOLS: SORTED ALPHABETICALLY BY Name 

address   name                          
-------   ----                          
0000ab5f  C$$EXIT                       
0000702b  ENC_EnableInterrupts          
00007095  ENC_GetPkcnt                  
00006f07  ENC_GetReceivedFrame          
0000703d  ENC_IRQHandler                
00006dbf  ENC_RestoreTXBuffer           
0000844b  ENC_SPI_Select                
00008285  ENC_SPI_Send                  
000082e1  ENC_SPI_SendBuf               
0000825f  ENC_SPI_SendWithoutSelection  
00006d21  ENC_SetMacAddr                
00006b55  ENC_Start                     
00006e59  ENC_Transmit                  
00006d7b  ENC_WriteBuffer               
20004f1c  EncHandle                     
0000aa01  GPIODirModeSet                
0000ab49  GPIOIntClear                  
0000aad3  GPIOIntDisable                
0000aafd  GPIOIntEnable                 
0000aa6b  GPIOIntRegister               
0000aae1  GPIOIntStatus                 
0000a7c9  GPIOIntTypeSet                
0000a209  GPIOPadConfigSet              
0000a821  GPIOPinConfigure              
0000aaaf  GPIOPinTypeGPIOInput          
0000aa83  GPIOPinTypeGPIOOutput         
0000aac1  GPIOPinTypeSSI                
0000ab4f  GPIOPinWrite                  
0000a1bb  GPIO_Int_Callback             
000083c1  HAL_SPI_Receive               
0000840d  HAL_SPI_Transmit              
00008353  HAL_SPI_TransmitReceive       
0000a6f9  IntEnable                     
0000a965  IntRegister                   
00007f8d  MX_SPI1_Init                  
0000ab21  ResetISR                      
0000ab41  SSIBusy                       
0000a8f1  SSIConfigSetExpClk            
0000ab09  SSIDataGet                    
0000ab2d  SSIDataPut                    
0000ab37  SSIEnable                     
0000a465  SysCtlClockGet                
0000ab55  SysCtlDelay                   
0000a999  SysCtlPeripheralEnable        
0000a92d  SysCtlPeripheralReady         
20005950  __STACK_END                   
00000200  __STACK_SIZE                  
20005950  __STACK_TOP                   
0000afa0  __TI_CINIT_Base               
0000afb8  __TI_CINIT_Limit              
0000af84  __TI_Handler_Table_Base       
0000af90  __TI_Handler_Table_Limit      
0000a8ad  __TI_auto_init_nobinit_nopinit
0000a761  __TI_decompress_lzss          
0000aaef  __TI_decompress_none          
ffffffff  __TI_pprof_out_hndl           
ffffffff  __TI_prof_data_size           
ffffffff  __TI_prof_data_start          
00000000  __TI_static_base__            
0000ab15  __TI_zero_init                
0000a611  __aeabi_memclr                
0000a611  __aeabi_memclr4               
0000a611  __aeabi_memclr8               
0000a575  __aeabi_memcpy                
0000a575  __aeabi_memcpy4               
0000a575  __aeabi_memcpy8               
0000a613  __aeabi_memset                
0000a613  __aeabi_memset4               
0000a613  __aeabi_memset8               
ffffffff  __binit__                     
ffffffff  __c_args__                    
UNDEFED   __mpu_init                    
20005750  __stack                       
0000a9cd  _c_int00_noargs               
UNDEFED   _system_post_cinit            
0000ab5b  _system_pre_init              
0000ab5f  abort                         
ffffffff  binit                         
2000570c  current_header                
20005710  current_iphdr_dest            
20005714  current_iphdr_src             
20005718  current_netif                 
000070a7  delayMs                       
000070c1  delayUs                       
000008ed  dhcp_arp_reply                
000006ad  dhcp_cleanup                  
00000439  dhcp_coarse_tmr               
00000483  dhcp_fine_tmr                 
000007b9  dhcp_inform                   
00000891  dhcp_network_changed          
00000e2f  dhcp_release                  
00000bfb  dhcp_renew                    
200056f4  dhcp_rx_options_given         
20005674  dhcp_rx_options_val           
00000695  dhcp_set_struct               
000006c7  dhcp_start                    
00000f13  dhcp_stop                     
0000695b  enc_reset                     
00006973  enc_setbank                   
00005571  etharp_cleanup_netif          
000055cb  etharp_find_addr              
00005815  etharp_output                 
00005981  etharp_query                  
00005c05  etharp_request                
00005155  etharp_tmr                    
0000af58  ethbroadcast                  
00005c35  ethernet_input                
00008255  ethernet_transmit             
000081c5  ethernetif_init               
00008199  ethernetif_input              
00008243  ethernetif_notify_conn_changed
000081f7  ethernetif_set_link           
0000821f  ethernetif_update_config      
0000af5e  ethzero                       
20000000  g_pfnRAMVectors               
00000000  g_pfnVectors                  
20005614  gnetif                        
00009d51  icmp_dest_unreach             
00009ba1  icmp_input                    
00009d67  icmp_time_exceeded            
000090a5  inet_chksum                   
000090bd  inet_chksum_pbuf              
00008e4b  inet_chksum_pseudo            
00008f67  inet_chksum_pseudo_partial    
0000915d  ip4_addr_isbroadcast          
000091c9  ip4_addr_netmask_valid        
0000af64  ip_addr_any                   
0000af68  ip_addr_broadcast             
000076e9  ip_frag                       
00008511  ip_input                      
000088dd  ip_output                     
00008761  ip_output_if                  
000074c1  ip_reass                      
000070dd  ip_reass_tmr                  
000084a1  ip_route                      
00009213  ipaddr_addr                   
0000922b  ipaddr_aton                   
00009431  ipaddr_ntoa                   
00009441  ipaddr_ntoa_r                 
0000a6bf  lwip_htonl                    
0000a68b  lwip_htons                    
0000aa4f  lwip_init                     
0000a6eb  lwip_ntohl                    
0000a6af  lwip_ntohs                    
0000a085  main                          
00008d57  mem_calloc                    
00008a27  mem_free                      
000089c9  mem_init                      
00008c0d  mem_malloc                    
00008a6b  mem_trim                      
0000aa2b  memcmp                        
0000a575  memcpy                        
0000a425  memp_free                     
0000a33d  memp_init                     
0000a3e7  memp_malloc                   
0000a619  memset                        
00009523  netif_add                     
2000571c  netif_default                 
00009641  netif_find                    
00009521  netif_init                    
20005720  netif_list                    
000095c9  netif_remove                  
0000959f  netif_set_addr                
00009789  netif_set_default             
000097e5  netif_set_down                
0000974d  netif_set_gw                  
000096a3  netif_set_ipaddr              
0000989d  netif_set_link_callback       
0000986b  netif_set_link_down           
00009813  netif_set_link_up             
0000976b  netif_set_netmask             
000097a5  netif_set_up                  
00005d09  pbuf_alloc                    
00005f11  pbuf_alloced_custom           
0000624d  pbuf_cat                      
00006293  pbuf_chain                    
00006209  pbuf_clen                     
000065b1  pbuf_coalesce                 
000062fd  pbuf_copy                     
00006419  pbuf_copy_partial             
000062ab  pbuf_dechain                  
00006157  pbuf_free                     
000065f1  pbuf_get_at                   
0000607b  pbuf_header                   
0000664f  pbuf_memcmp                   
00006707  pbuf_memfind                  
00005fc3  pbuf_realloc                  
00006237  pbuf_ref                      
00006785  pbuf_strstr                   
00006501  pbuf_take                     
2000026c  ram_heap                      
00009ec1  raw_bind                      
00009edf  raw_connect                   
00009e19  raw_input                     
0000a03b  raw_new                       
00009efd  raw_recv                      
00009fe9  raw_remove                    
00009fd5  raw_send                      
00009f17  raw_sendto                    
0000aa9b  strlen                        
00009afd  sys_check_timeouts            
000081ef  sys_now                       
00009b7d  sys_restart_timeouts          
0000999f  sys_timeout                   
00009963  sys_timeouts_init             
00009a6d  sys_untimeout                 
000030bd  tcp_abandon                   
00003169  tcp_abort                     
00003e81  tcp_accept                    
20005724  tcp_active_pcbs               
20005748  tcp_active_pcbs_changed       
00003d35  tcp_alloc                     
00003e37  tcp_arg                       
0000af44  tcp_backoff                   
00003181  tcp_bind                      
20005728  tcp_bound_pcbs                
0000301d  tcp_close                     
000034c9  tcp_connect                   
0000401d  tcp_debug_state_str           
00003fd9  tcp_eff_send_mss              
00004827  tcp_enqueue_flags             
00003e6d  tcp_err                       
00003a81  tcp_fasttmr                   
00002ddd  tcp_init                      
00001849  tcp_input                     
2000572c  tcp_input_pcb                 
00004f81  tcp_keepalive                 
20005730  tcp_listen_pcbs               
00003267  tcp_listen_with_backlog       
00003e2d  tcp_new                       
00003fc7  tcp_next_iss                  
000049fb  tcp_output                    
0000af34  tcp_pcb_lists                 
00003eb9  tcp_pcb_purge                 
00003f2d  tcp_pcb_remove                
0000af51  tcp_persist_backoff           
00003e93  tcp_poll                      
00003b05  tcp_process_refused_data      
00003e49  tcp_recv                      
00003c1f  tcp_recv_null                 
000033d9  tcp_recved                    
00004e73  tcp_rexmit                    
00004eef  tcp_rexmit_fast               
00004e23  tcp_rexmit_rto                
00004d7d  tcp_rst                       
00003be5  tcp_seg_free                  
00003bc5  tcp_segs_free                 
0000497d  tcp_send_empty_ack            
000040fd  tcp_send_fin                  
00003e5b  tcp_sent                      
00003c09  tcp_setprio                   
00003041  tcp_shutdown                  
00003675  tcp_slowtmr                   
0000aee0  tcp_state_str                 
20005734  tcp_ticks                     
000098e5  tcp_timer_needed              
20005738  tcp_tmp_pcb                   
00002ddf  tcp_tmr                       
2000573c  tcp_tw_pcbs                   
00003361  tcp_update_rcv_ann_wnd        
0000437f  tcp_write                     
00004feb  tcp_zero_window_probe         
00007d93  udp_bind                      
00007e51  udp_connect                   
00007ed9  udp_disconnect                
00007925  udp_init                      
00007991  udp_input                     
00007f65  udp_new                       
20005740  udp_pcbs                      
00007ef9  udp_recv                      
00007f13  udp_remove                    
00007bf9  udp_send                      
00007c11  udp_sendto                    
00007c51  udp_sendto_if                 
0000682b  up_udelay                     


GLOBAL SYMBOLS: SORTED BY Symbol Address 

address   name                          
-------   ----                          
00000000  __TI_static_base__            
00000000  g_pfnVectors                  
00000200  __STACK_SIZE                  
00000439  dhcp_coarse_tmr               
00000483  dhcp_fine_tmr                 
00000695  dhcp_set_struct               
000006ad  dhcp_cleanup                  
000006c7  dhcp_start                    
000007b9  dhcp_inform                   
00000891  dhcp_network_changed          
000008ed  dhcp_arp_reply                
00000bfb  dhcp_renew                    
00000e2f  dhcp_release                  
00000f13  dhcp_stop                     
00001849  tcp_input                     
00002ddd  tcp_init                      
00002ddf  tcp_tmr                       
0000301d  tcp_close                     
00003041  tcp_shutdown                  
000030bd  tcp_abandon                   
00003169  tcp_abort                     
00003181  tcp_bind                      
00003267  tcp_listen_with_backlog       
00003361  tcp_update_rcv_ann_wnd        
000033d9  tcp_recved                    
000034c9  tcp_connect                   
00003675  tcp_slowtmr                   
00003a81  tcp_fasttmr                   
00003b05  tcp_process_refused_data      
00003bc5  tcp_segs_free                 
00003be5  tcp_seg_free                  
00003c09  tcp_setprio                   
00003c1f  tcp_recv_null                 
00003d35  tcp_alloc                     
00003e2d  tcp_new                       
00003e37  tcp_arg                       
00003e49  tcp_recv                      
00003e5b  tcp_sent                      
00003e6d  tcp_err                       
00003e81  tcp_accept                    
00003e93  tcp_poll                      
00003eb9  tcp_pcb_purge                 
00003f2d  tcp_pcb_remove                
00003fc7  tcp_next_iss                  
00003fd9  tcp_eff_send_mss              
0000401d  tcp_debug_state_str           
000040fd  tcp_send_fin                  
0000437f  tcp_write                     
00004827  tcp_enqueue_flags             
0000497d  tcp_send_empty_ack            
000049fb  tcp_output                    
00004d7d  tcp_rst                       
00004e23  tcp_rexmit_rto                
00004e73  tcp_rexmit                    
00004eef  tcp_rexmit_fast               
00004f81  tcp_keepalive                 
00004feb  tcp_zero_window_probe         
00005155  etharp_tmr                    
00005571  etharp_cleanup_netif          
000055cb  etharp_find_addr              
00005815  etharp_output                 
00005981  etharp_query                  
00005c05  etharp_request                
00005c35  ethernet_input                
00005d09  pbuf_alloc                    
00005f11  pbuf_alloced_custom           
00005fc3  pbuf_realloc                  
0000607b  pbuf_header                   
00006157  pbuf_free                     
00006209  pbuf_clen                     
00006237  pbuf_ref                      
0000624d  pbuf_cat                      
00006293  pbuf_chain                    
000062ab  pbuf_dechain                  
000062fd  pbuf_copy                     
00006419  pbuf_copy_partial             
00006501  pbuf_take                     
000065b1  pbuf_coalesce                 
000065f1  pbuf_get_at                   
0000664f  pbuf_memcmp                   
00006707  pbuf_memfind                  
00006785  pbuf_strstr                   
0000682b  up_udelay                     
0000695b  enc_reset                     
00006973  enc_setbank                   
00006b55  ENC_Start                     
00006d21  ENC_SetMacAddr                
00006d7b  ENC_WriteBuffer               
00006dbf  ENC_RestoreTXBuffer           
00006e59  ENC_Transmit                  
00006f07  ENC_GetReceivedFrame          
0000702b  ENC_EnableInterrupts          
0000703d  ENC_IRQHandler                
00007095  ENC_GetPkcnt                  
000070a7  delayMs                       
000070c1  delayUs                       
000070dd  ip_reass_tmr                  
000074c1  ip_reass                      
000076e9  ip_frag                       
00007925  udp_init                      
00007991  udp_input                     
00007bf9  udp_send                      
00007c11  udp_sendto                    
00007c51  udp_sendto_if                 
00007d93  udp_bind                      
00007e51  udp_connect                   
00007ed9  udp_disconnect                
00007ef9  udp_recv                      
00007f13  udp_remove                    
00007f65  udp_new                       
00007f8d  MX_SPI1_Init                  
00008199  ethernetif_input              
000081c5  ethernetif_init               
000081ef  sys_now                       
000081f7  ethernetif_set_link           
0000821f  ethernetif_update_config      
00008243  ethernetif_notify_conn_changed
00008255  ethernet_transmit             
0000825f  ENC_SPI_SendWithoutSelection  
00008285  ENC_SPI_Send                  
000082e1  ENC_SPI_SendBuf               
00008353  HAL_SPI_TransmitReceive       
000083c1  HAL_SPI_Receive               
0000840d  HAL_SPI_Transmit              
0000844b  ENC_SPI_Select                
000084a1  ip_route                      
00008511  ip_input                      
00008761  ip_output_if                  
000088dd  ip_output                     
000089c9  mem_init                      
00008a27  mem_free                      
00008a6b  mem_trim                      
00008c0d  mem_malloc                    
00008d57  mem_calloc                    
00008e4b  inet_chksum_pseudo            
00008f67  inet_chksum_pseudo_partial    
000090a5  inet_chksum                   
000090bd  inet_chksum_pbuf              
0000915d  ip4_addr_isbroadcast          
000091c9  ip4_addr_netmask_valid        
00009213  ipaddr_addr                   
0000922b  ipaddr_aton                   
00009431  ipaddr_ntoa                   
00009441  ipaddr_ntoa_r                 
00009521  netif_init                    
00009523  netif_add                     
0000959f  netif_set_addr                
000095c9  netif_remove                  
00009641  netif_find                    
000096a3  netif_set_ipaddr              
0000974d  netif_set_gw                  
0000976b  netif_set_netmask             
00009789  netif_set_default             
000097a5  netif_set_up                  
000097e5  netif_set_down                
00009813  netif_set_link_up             
0000986b  netif_set_link_down           
0000989d  netif_set_link_callback       
000098e5  tcp_timer_needed              
00009963  sys_timeouts_init             
0000999f  sys_timeout                   
00009a6d  sys_untimeout                 
00009afd  sys_check_timeouts            
00009b7d  sys_restart_timeouts          
00009ba1  icmp_input                    
00009d51  icmp_dest_unreach             
00009d67  icmp_time_exceeded            
00009e19  raw_input                     
00009ec1  raw_bind                      
00009edf  raw_connect                   
00009efd  raw_recv                      
00009f17  raw_sendto                    
00009fd5  raw_send                      
00009fe9  raw_remove                    
0000a03b  raw_new                       
0000a085  main                          
0000a1bb  GPIO_Int_Callback             
0000a209  GPIOPadConfigSet              
0000a33d  memp_init                     
0000a3e7  memp_malloc                   
0000a425  memp_free                     
0000a465  SysCtlClockGet                
0000a575  __aeabi_memcpy                
0000a575  __aeabi_memcpy4               
0000a575  __aeabi_memcpy8               
0000a575  memcpy                        
0000a611  __aeabi_memclr                
0000a611  __aeabi_memclr4               
0000a611  __aeabi_memclr8               
0000a613  __aeabi_memset                
0000a613  __aeabi_memset4               
0000a613  __aeabi_memset8               
0000a619  memset                        
0000a68b  lwip_htons                    
0000a6af  lwip_ntohs                    
0000a6bf  lwip_htonl                    
0000a6eb  lwip_ntohl                    
0000a6f9  IntEnable                     
0000a761  __TI_decompress_lzss          
0000a7c9  GPIOIntTypeSet                
0000a821  GPIOPinConfigure              
0000a8ad  __TI_auto_init_nobinit_nopinit
0000a8f1  SSIConfigSetExpClk            
0000a92d  SysCtlPeripheralReady         
0000a965  IntRegister                   
0000a999  SysCtlPeripheralEnable        
0000a9cd  _c_int00_noargs               
0000aa01  GPIODirModeSet                
0000aa2b  memcmp                        
0000aa4f  lwip_init                     
0000aa6b  GPIOIntRegister               
0000aa83  GPIOPinTypeGPIOOutput         
0000aa9b  strlen                        
0000aaaf  GPIOPinTypeGPIOInput          
0000aac1  GPIOPinTypeSSI                
0000aad3  GPIOIntDisable                
0000aae1  GPIOIntStatus                 
0000aaef  __TI_decompress_none          
0000aafd  GPIOIntEnable                 
0000ab09  SSIDataGet                    
0000ab15  __TI_zero_init                
0000ab21  ResetISR                      
0000ab2d  SSIDataPut                    
0000ab37  SSIEnable                     
0000ab41  SSIBusy                       
0000ab49  GPIOIntClear                  
0000ab4f  GPIOPinWrite                  
0000ab55  SysCtlDelay                   
0000ab5b  _system_pre_init              
0000ab5f  C$$EXIT                       
0000ab5f  abort                         
0000aee0  tcp_state_str                 
0000af34  tcp_pcb_lists                 
0000af44  tcp_backoff                   
0000af51  tcp_persist_backoff           
0000af58  ethbroadcast                  
0000af5e  ethzero                       
0000af64  ip_addr_any                   
0000af68  ip_addr_broadcast             
0000af84  __TI_Handler_Table_Base       
0000af90  __TI_Handler_Table_Limit      
0000afa0  __TI_CINIT_Base               
0000afb8  __TI_CINIT_Limit              
20000000  g_pfnRAMVectors               
2000026c  ram_heap                      
20004f1c  EncHandle                     
20005614  gnetif                        
20005674  dhcp_rx_options_val           
200056f4  dhcp_rx_options_given         
2000570c  current_header                
20005710  current_iphdr_dest            
20005714  current_iphdr_src             
20005718  current_netif                 
2000571c  netif_default                 
20005720  netif_list                    
20005724  tcp_active_pcbs               
20005728  tcp_bound_pcbs                
2000572c  tcp_input_pcb                 
20005730  tcp_listen_pcbs               
20005734  tcp_ticks                     
20005738  tcp_tmp_pcb                   
2000573c  tcp_tw_pcbs                   
20005740  udp_pcbs                      
20005748  tcp_active_pcbs_changed       
20005750  __stack                       
20005950  __STACK_END                   
20005950  __STACK_TOP                   
ffffffff  __TI_pprof_out_hndl           
ffffffff  __TI_prof_data_size           
ffffffff  __TI_prof_data_start          
ffffffff  __binit__                     
ffffffff  __c_args__                    
ffffffff  binit                         
UNDEFED   __mpu_init                    
UNDEFED   _system_post_cinit            

[275 symbols]
