******************************************************************************
                  TI ARM Linker PC v16.9.4                     
******************************************************************************
>> Linked Sun Nov 24 14:39:46 2019

OUTPUT FILE NAME:   <uart_2.out>
ENTRY POINT SYMBOL: "_c_int00"  address: 00000c8d


MEMORY CONFIGURATION

         name            origin    length      used     unused   attr    fill
----------------------  --------  ---------  --------  --------  ----  --------
  FLASH                 00000000   00100000  00001360  000feca0  R  X
  SRAM                  20000000   00040000  00000224  0003fddc  RW X


SEGMENT ALLOCATION MAP

run origin  load origin   length   init length attrs members
----------  ----------- ---------- ----------- ----- -------
00000000    00000000    00001360   00001360    r-x
  00000000    00000000    00000208   00000208    r-- .intvecs
  00000208    00000208    00000e0c   00000e0c    r-x .text
  00001014    00001014    00000314   00000314    r-- .const
  00001328    00001328    00000038   00000038    r-- .cinit
20000000    20000000    00000224   00000000    rw-
  20000000    20000000    00000200   00000000    rw- .stack
  20000200    20000200    00000020   00000000    rw- .data
  20000220    20000220    00000004   00000000    rw- .bss


SECTION ALLOCATION MAP

 output                                  attributes/
section   page    origin      length       input sections
--------  ----  ----------  ----------   ----------------
.intvecs   0    00000000    00000208     
                  00000000    00000208     tm4c1294ncpdt_startup_ccs.obj (.intvecs)

.text      0    00000208    00000e0c     
                  00000208    0000049c     uartstdio.obj (.text)
                  000006a4    00000200     driverlib.lib : sysctl.obj (.text:SysCtlClockFreqSet)
                  000008a4    00000132                   : gpio.obj (.text:GPIOPadConfigSet)
                  000009d6    00000002     rtsv7M4_T_le_v4SPD16_eabi.lib : i_div0.obj (.text)
                  000009d8    000000c4     main.obj (.text)
                  00000a9c    0000009c     rtsv7M4_T_le_v4SPD16_eabi.lib : memcpy_t2.obj (.text)
                  00000b38    0000007a                                   : memset_t2.obj (.text)
                  00000bb2    00000002                                   : mpu_init.obj (.text)
                  00000bb4    00000070                                   : autoinit.obj (.text)
                  00000c24    00000068                                   : copy_decompress_lzss.obj (.text:decompress:lzss)
                  00000c8c    00000054                                   : boot.obj (.text)
                  00000ce0    00000054                                   : exit.obj (.text)
                  00000d34    0000004c                                   : cpy_tbl.obj (.text)
                  00000d80    00000048     driverlib.lib : gpio.obj (.text:GPIOPinConfigure)
                  00000dc8    00000048                   : sysctl.obj (.text:_SysCtlFrequencyGet)
                  00000e10    00000046                   : uart.obj (.text:UARTConfigSetExpClk)
                  00000e56    00000040     rtsv7M4_T_le_v4SPD16_eabi.lib : u_divt2.obj (.text)
                  00000e96    00000002                                   : startup.obj (.text)
                  00000e98    00000038     driverlib.lib : sysctl.obj (.text:SysCtlPeripheralPresent)
                  00000ed0    00000034                   : sysctl.obj (.text:SysCtlPeripheralEnable)
                  00000f04    0000002a                   : gpio.obj (.text:GPIODirModeSet)
                  00000f2e    00000002     --HOLE-- [fill = 0]
                  00000f30    00000020                   : uart.obj (.text:UARTDisable)
                  00000f50    00000020                   : sysctl.obj (.text:_SysCtlMemTimingGet)
                  00000f70    00000018     rtsv7M4_T_le_v4SPD16_eabi.lib : args_main.obj (.text)
                  00000f88    00000014     driverlib.lib : uart.obj (.text:UARTEnable)
                  00000f9c    00000014     rtsv7M4_T_le_v4SPD16_eabi.lib : _lock.obj (.text)
                  00000fb0    00000012     driverlib.lib : gpio.obj (.text:GPIOPinTypeUART)
                  00000fc2    0000000e                   : uart.obj (.text:UARTCharPutNonBlocking)
                  00000fd0    0000000e     rtsv7M4_T_le_v4SPD16_eabi.lib : copy_decompress_none.obj (.text:decompress:none)
                  00000fde    0000000c                                   : copy_zero_init.obj (.text:decompress:ZI)
                  00000fea    0000000c     tm4c1294ncpdt_startup_ccs.obj (.text)
                  00000ff6    0000000a     driverlib.lib : uart.obj (.text:UARTCharGet)
                  00001000    0000000a                   : uart.obj (.text:UARTCharPut)
                  0000100a    00000006                   : sysctl.obj (.text:SysCtlDelay)
                  00001010    00000004     rtsv7M4_T_le_v4SPD16_eabi.lib : pre_init.obj (.text)

.const     0    00001014    00000314     
                  00001014    000001b0     driverlib.lib : sysctl.obj (.const:g_pppui32XTALtoVCO)
                  000011c4    00000090                   : gpio.obj (.const:g_pui32GPIOBaseAddrs)
                  00001254    0000006c                   : sysctl.obj (.const:g_pui32Xtals)
                  000012c0    00000030                   : sysctl.obj (.const:g_sXTALtoMEMTIM)
                  000012f0    00000012     uartstdio.obj (.const:.string)
                  00001302    00000002     --HOLE-- [fill = 0]
                  00001304    0000000c     uartstdio.obj (.const:g_ui32UARTBase)
                  00001310    0000000c     uartstdio.obj (.const:g_ui32UARTPeriph)
                  0000131c    00000008     driverlib.lib : sysctl.obj (.const)
                  00001324    00000004     uartstdio.obj (.const)

.cinit     0    00001328    00000038     
                  00001328    00000011     (.cinit..data.load) [load image, compression = lzss]
                  00001339    00000003     --HOLE-- [fill = 0]
                  0000133c    0000000c     (__TI_handler_table)
                  00001348    00000008     (.cinit..bss.load) [load image, compression = zero_init]
                  00001350    00000010     (__TI_cinit_table)

.init_array 
*          0    00000000    00000000     UNINITIALIZED

.stack     0    20000000    00000200     UNINITIALIZED
                  20000000    00000200     --HOLE--

.data      0    20000200    00000020     UNINITIALIZED
                  20000200    0000000c     rtsv7M4_T_le_v4SPD16_eabi.lib : exit.obj (.data:$O1$$)
                  2000020c    00000008                                   : _lock.obj (.data:$O1$$)
                  20000214    00000005     uartstdio.obj (.data)
                  20000219    00000003     --HOLE--
                  2000021c    00000004     rtsv7M4_T_le_v4SPD16_eabi.lib : stkdepth_vars.obj (.data)

.bss       0    20000220    00000004     UNINITIALIZED
                  20000220    00000004     (.common:g_ui32SysClock)

MODULE SUMMARY

       Module                          code   ro data   rw data
       ------                          ----   -------   -------
    .\
       tm4c1294ncpdt_startup_ccs.obj   12     520       0      
       main.obj                        196    0         4      
    +--+-------------------------------+------+---------+---------+
       Total:                          208    520       4      
                                                               
    .\utils\
       uartstdio.obj                   1180   46        5      
    +--+-------------------------------+------+---------+---------+
       Total:                          1180   46        5      
                                                               
    C:/ti/TivaWare_C_Series-2.1.4.178/driverlib/ccs/Debug/driverlib.lib
       sysctl.obj                      730    596       0      
       gpio.obj                        438    144       0      
       uart.obj                        156    0         0      
    +--+-------------------------------+------+---------+---------+
       Total:                          1324   740       0      
                                                               
    C:\ti\ti-cgt-arm_16.9.4.LTS\lib\rtsv7M4_T_le_v4SPD16_eabi.lib
       memcpy_t2.obj                   156    0         0      
       memset_t2.obj                   122    0         0      
       autoinit.obj                    112    0         0      
       copy_decompress_lzss.obj        104    0         0      
       exit.obj                        84     0         12     
       boot.obj                        84     0         0      
       cpy_tbl.obj                     76     0         0      
       u_divt2.obj                     64     0         0      
       _lock.obj                       20     0         8      
       args_main.obj                   24     0         0      
       copy_decompress_none.obj        14     0         0      
       copy_zero_init.obj              12     0         0      
       pre_init.obj                    4      0         0      
       stkdepth_vars.obj               0      0         4      
       i_div0.obj                      2      0         0      
       mpu_init.obj                    2      0         0      
       startup.obj                     2      0         0      
    +--+-------------------------------+------+---------+---------+
       Total:                          882    0         24     
                                                               
       Stack:                          0      0         512    
       Linker Generated:               0      53        0      
    +--+-------------------------------+------+---------+---------+
       Grand Total:                    3594   1359      545    


LINKER GENERATED COPY TABLES

__TI_cinit_table @ 00001350 records: 2, size/record: 8, table size: 16
	.data: load addr=00001328, load size=00000011 bytes, run addr=20000200, run size=00000020 bytes, compression=lzss
	.bss: load addr=00001348, load size=00000008 bytes, run addr=20000220, run size=00000004 bytes, compression=zero_init


LINKER GENERATED HANDLER TABLE

__TI_handler_table @ 0000133c records: 3, size/record: 4, table size: 12
	index: 0, handler: __TI_decompress_lzss
	index: 1, handler: __TI_decompress_none
	index: 2, handler: __TI_zero_init


GLOBAL SYMBOLS: SORTED ALPHABETICALLY BY Name 

address   name                           
-------   ----                           
00000ce1  C$$EXIT                        
00000a01  ConfigureUART                  
00000f05  GPIODirModeSet                 
000008a5  GPIOPadConfigSet               
00000d81  GPIOPinConfigure               
00000fb1  GPIOPinTypeUART                
00000feb  ResetISR                       
UNDEFED   SHT$$INIT_ARRAY$$Base          
UNDEFED   SHT$$INIT_ARRAY$$Limit         
000006a5  SysCtlClockFreqSet             
0000100b  SysCtlDelay                    
00000ed1  SysCtlPeripheralEnable         
00000e99  SysCtlPeripheralPresent        
00000ff7  UARTCharGet                    
00001001  UARTCharPut                    
00000fc3  UARTCharPutNonBlocking         
00000e11  UARTConfigSetExpClk            
00000f31  UARTDisable                    
00000f89  UARTEnable                     
000009d9  UARTSend                       
00000209  UARTStdioConfig                
0000034f  UARTgetc                       
00000295  UARTgets                       
0000066f  UARTprintf                     
00000375  UARTvprintf                    
0000024f  UARTwrite                      
20000200  __STACK_END                    
00000200  __STACK_SIZE                   
20000200  __STACK_TOP                    
00001350  __TI_CINIT_Base                
00001360  __TI_CINIT_Limit               
0000133c  __TI_Handler_Table_Base        
00001348  __TI_Handler_Table_Limit       
00000bb5  __TI_auto_init                 
20000200  __TI_cleanup_ptr               
00000c25  __TI_decompress_lzss           
00000fd1  __TI_decompress_none           
20000204  __TI_dtors_ptr                 
20000208  __TI_enable_exit_profile_output
ffffffff  __TI_pprof_out_hndl            
ffffffff  __TI_prof_data_size            
ffffffff  __TI_prof_data_start           
00000000  __TI_static_base__             
00000fdf  __TI_zero_init                 
000009d7  __aeabi_idiv0                  
00000b39  __aeabi_memclr                 
00000b39  __aeabi_memclr4                
00000b39  __aeabi_memclr8                
00000a9d  __aeabi_memcpy                 
00000a9d  __aeabi_memcpy4                
00000a9d  __aeabi_memcpy8                
00000b3b  __aeabi_memset                 
00000b3b  __aeabi_memset4                
00000b3b  __aeabi_memset8                
00000e57  __aeabi_uidiv                  
00000e57  __aeabi_uidivmod               
ffffffff  __binit__                      
ffffffff  __c_args__                     
00000bb3  __mpu_init                     
20000000  __stack                        
00000f71  _args_main                     
00000c8d  _c_int00                       
2000020c  _lock                          
00000fab  _nop                           
00000fa3  _register_lock                 
00000f9d  _register_unlock               
00000e97  _system_post_cinit             
00001011  _system_pre_init               
20000210  _unlock                        
00000ce5  abort                          
ffffffff  binit                          
00000d35  copy_in                        
00000ced  exit                           
00000000  g_pfnVectors                   
20000220  g_ui32SysClock                 
00000a37  main                           
2000021c  main_func_sp                   
00000a9d  memcpy                         
00000b41  memset                         


GLOBAL SYMBOLS: SORTED BY Symbol Address 

address   name                           
-------   ----                           
00000000  __TI_static_base__             
00000000  g_pfnVectors                   
00000200  __STACK_SIZE                   
00000209  UARTStdioConfig                
0000024f  UARTwrite                      
00000295  UARTgets                       
0000034f  UARTgetc                       
00000375  UARTvprintf                    
0000066f  UARTprintf                     
000006a5  SysCtlClockFreqSet             
000008a5  GPIOPadConfigSet               
000009d7  __aeabi_idiv0                  
000009d9  UARTSend                       
00000a01  ConfigureUART                  
00000a37  main                           
00000a9d  __aeabi_memcpy                 
00000a9d  __aeabi_memcpy4                
00000a9d  __aeabi_memcpy8                
00000a9d  memcpy                         
00000b39  __aeabi_memclr                 
00000b39  __aeabi_memclr4                
00000b39  __aeabi_memclr8                
00000b3b  __aeabi_memset                 
00000b3b  __aeabi_memset4                
00000b3b  __aeabi_memset8                
00000b41  memset                         
00000bb3  __mpu_init                     
00000bb5  __TI_auto_init                 
00000c25  __TI_decompress_lzss           
00000c8d  _c_int00                       
00000ce1  C$$EXIT                        
00000ce5  abort                          
00000ced  exit                           
00000d35  copy_in                        
00000d81  GPIOPinConfigure               
00000e11  UARTConfigSetExpClk            
00000e57  __aeabi_uidiv                  
00000e57  __aeabi_uidivmod               
00000e97  _system_post_cinit             
00000e99  SysCtlPeripheralPresent        
00000ed1  SysCtlPeripheralEnable         
00000f05  GPIODirModeSet                 
00000f31  UARTDisable                    
00000f71  _args_main                     
00000f89  UARTEnable                     
00000f9d  _register_unlock               
00000fa3  _register_lock                 
00000fab  _nop                           
00000fb1  GPIOPinTypeUART                
00000fc3  UARTCharPutNonBlocking         
00000fd1  __TI_decompress_none           
00000fdf  __TI_zero_init                 
00000feb  ResetISR                       
00000ff7  UARTCharGet                    
00001001  UARTCharPut                    
0000100b  SysCtlDelay                    
00001011  _system_pre_init               
0000133c  __TI_Handler_Table_Base        
00001348  __TI_Handler_Table_Limit       
00001350  __TI_CINIT_Base                
00001360  __TI_CINIT_Limit               
20000000  __stack                        
20000200  __STACK_END                    
20000200  __STACK_TOP                    
20000200  __TI_cleanup_ptr               
20000204  __TI_dtors_ptr                 
20000208  __TI_enable_exit_profile_output
2000020c  _lock                          
20000210  _unlock                        
2000021c  main_func_sp                   
20000220  g_ui32SysClock                 
ffffffff  __TI_pprof_out_hndl            
ffffffff  __TI_prof_data_size            
ffffffff  __TI_prof_data_start           
ffffffff  __binit__                      
ffffffff  __c_args__                     
ffffffff  binit                          
UNDEFED   SHT$$INIT_ARRAY$$Base          
UNDEFED   SHT$$INIT_ARRAY$$Limit         

[79 symbols]
