******************************************************************************
                  TI ARM Linker PC v16.9.4                     
******************************************************************************
>> Linked Sat Nov 23 20:42:01 2019

OUTPUT FILE NAME:   <hello_EK_TM4C1294XL_TI.out>
ENTRY POINT SYMBOL: "_c_int00"  address: 00003e5d


MEMORY CONFIGURATION

         name            origin    length      used     unused   attr    fill
----------------------  --------  ---------  --------  --------  ----  --------
  FLASH                 00000000   00100000  0000775e  000f88a2  R  X
  SRAM                  20000000   00040000  0000217a  0003de86  RW X


SEGMENT ALLOCATION MAP

run origin  load origin   length   init length attrs members
----------  ----------- ---------- ----------- ----- -------
00000000    00000000    00007768   00007768    r-x
  00000000    00000000    0000003c   0000003c    r-- .resetVecs
  00000040    00000040    00005502   00005502    r-x .text
  00005544    00005544    00001ff0   00001ff0    r-- .const
  00007538    00007538    00000230   00000230    r-- .cinit
20000000    20000000    0000217c   00000000    rw-
  20000000    20000000    00000360   00000000    rw- .vecs
  20000360    20000360    00001688   00000000    rw- .bss
  200019e8    200019e8    00000492   00000000    rw- .data
  20001e7c    20001e7c    00000300   00000000    rw- .stack


SECTION ALLOCATION MAP

 output                                  attributes/
section   page    origin      length       input sections
--------  ----  ----------  ----------   ----------------
.resetVecs 
*          0    00000000    0000003c     
                  00000000    0000003c     hello_pem4f.oem4f (.resetVecs)

.text      0    00000040    00005502     
                  00000040    00000430     sysbios.aem4f : BIOS.obj (.text:ti_sysbios_family_arm_m3_Hwi_excDumpRegs__I)
                  00000470    0000034c     ti.targets.arm.rtsarm.aem4f : System.oem4f (.text:xdc_runtime_System_doPrint__I)
                  000007bc    00000004     hello_pem4f.oem4f (.text:ti_sysbios_BIOS_RtsGateProxy_enter__E)
                  000007c0    00000314     sysbios.aem4f : BIOS.obj (.text:ti_sysbios_knl_Semaphore_pend__E)
                  00000ad4    00000004     hello_pem4f.oem4f (.text:ti_sysbios_BIOS_RtsGateProxy_leave__E)
                  00000ad8    00000258     sysbios.aem4f : BIOS.obj (.text:ti_sysbios_heaps_HeapMem_free__E)
                  00000d30    00000240                   : BIOS.obj (.text:ti_sysbios_heaps_HeapMem_alloc__E)
                  00000f70    00000204     Boot.aem4f : Boot_sysctl.oem4f (.text:ti_catalog_arm_cortexm4_tiva_ce_Boot_sysCtlClockFreqSetI__I)
                  00001174    00000004     sysbios.aem4f : BIOS.obj (.text:ti_sysbios_family_arm_lm4_Timer_masterEnable__I)
                  00001178    000001fc                   : BIOS.obj (.text:ti_sysbios_family_arm_m3_Hwi_excHandlerMax__I)
                  00001374    00000004     hello_pem4f.oem4f (.text:ti_sysbios_family_arm_m3_TaskSupport_Module__startupDone__S)
                  00001378    0000017c     sysbios.aem4f : BIOS.obj (.text:ti_sysbios_family_arm_lm4_TimestampProvider_get64__E)
                  000014f4    00000004     hello_pem4f.oem4f (.text:ti_sysbios_heaps_HeapMem_Module_GateProxy_enter__E)
                  000014f8    00000174     sysbios.aem4f : BIOS.obj (.text:ti_sysbios_family_arm_m3_Hwi_excBusFault__I)
                  0000166c    00000004     hello_pem4f.oem4f (.text:ti_sysbios_heaps_HeapMem_Module_GateProxy_leave__E)
                  00001670    00000164     sysbios.aem4f : BIOS.obj (.text:ti_sysbios_family_arm_m3_Hwi_excUsageFault__I)
                  000017d4    00000004     hello_pem4f.oem4f (.text:ti_sysbios_knl_Clock_TimerProxy_getMaxTicks__E)
                  000017d8    00000148     sysbios.aem4f : BIOS.obj (.text:ti_sysbios_family_arm_m3_Hwi_excMemFault__I)
                  00001920    00000144                   : BIOS.obj (.text:ti_sysbios_family_arm_m3_Hwi_dispatchC__I)
                  00001a64    00000004     hello_pem4f.oem4f (.text:ti_sysbios_knl_Clock_TimerProxy_getPeriod__E)
                  00001a68    00000140     sysbios.aem4f : BIOS.obj (.text:ti_sysbios_knl_Semaphore_post__E)
                  00001ba8    0000013c                   : BIOS.obj (.text:ti_sysbios_heaps_HeapMem_Instance_init__E)
                  00001ce4    00000004     hello_pem4f.oem4f (.text:ti_sysbios_knl_Queue_destruct)
                  00001ce8    0000013c     sysbios.aem4f : BIOS.obj (.text:ti_sysbios_knl_Clock_workFunc__E)
                  00001e24    00000138     ti.targets.arm.rtsarm.aem4f : LoggerBuf.oem4f (.text:xdc_runtime_LoggerBuf_write8__E)
                  00001f5c    00000004     hello_pem4f.oem4f (.text:ti_sysbios_knl_Semaphore_destruct)
                  00001f60    00000134     sysbios.aem4f : BIOS.obj (.text:ti_sysbios_family_arm_lm4_Timer_start__E)
                  00002094    00000004     ti.targets.arm.rtsarm.aem4f : Error.oem4f (.text:xdc_runtime_Error_getSite__E)
                  00002098    0000011c     sysbios.aem4f : BIOS.obj (.text:ti_sysbios_knl_Swi_run__I)
                  000021b4    00000118     ti.targets.arm.rtsarm.aem4f : Error.oem4f (.text:xdc_runtime_Error_policyDefault__E)
                  000022cc    00000100                                 : Core-mem.oem4f (.text:xdc_runtime_Core_createObject__I)
                  000023cc    000000f8                                 : Startup.oem4f (.text:xdc_runtime_Startup_startMods__I)
                  000024c4    000000f8     hello_pem4f.oem4f (.text:xdc_runtime_System_printfExtend__I)
                  000025bc    000000f4     sysbios.aem4f : m3_Hwi_asm.obj (.text:ti_sysbios_family_arm_m3_Hwi_dispatch__I)
                  000026b0    000000d4     ti.targets.arm.rtsarm.aem4f : LoggerBuf.oem4f (.text:xdc_runtime_LoggerBuf_write4__E)
                  00002784    00000004     hello_pem4f.oem4f (.text:xdc_runtime_LoggerBuf_Module_GateProxy_enter__E)
                  00002788    000000cc     sysbios.aem4f : BIOS.obj (.text:ti_sysbios_knl_Task_schedule__I)
                  00002854    000000cc     ti.targets.arm.rtsarm.aem4f : Core-smem.oem4f (.text:xdc_runtime_Core_constructObject__I)
                  00002920    000000bc     sysbios.aem4f : BIOS.obj (.text:ti_sysbios_family_arm_m3_Hwi_excDebugMon__I)
                  000029dc    00000004     hello_pem4f.oem4f (.text:xdc_runtime_LoggerBuf_Module_GateProxy_leave__E)
                  000029e0    000000bc     sysbios.aem4f : BIOS.obj (.text:ti_sysbios_family_arm_m3_Hwi_excHardFault__I)
                  00002a9c    00000004     hello_pem4f.oem4f (.text:xdc_runtime_System_Module_GateProxy_enter__E)
                  00002aa0    000000bc     sysbios.aem4f : BIOS.obj (.text:ti_sysbios_knl_Task_startCore__E)
                  00002b5c    000000b8     EK_TM4C1294XL.obj (.text:EK_TM4C1294XL_initGeneral)
                  00002c14    00000004     hello_pem4f.oem4f (.text:xdc_runtime_System_Module_GateProxy_leave__E)
                  00002c18    000000b4     sysbios.aem4f : BIOS.obj (.text:ti_sysbios_gates_GateMutex_enter__E)
                  00002ccc    00000004     ti.targets.arm.rtsarm.aem4f : System.oem4f (.text:xdc_runtime_System_aprintf_va__F)
                  00002cd0    000000b4     sysbios.aem4f : BIOS.obj (.text:ti_sysbios_knl_Task_checkStacks__E)
                  00002d84    00000004     ti.targets.arm.rtsarm.aem4f : System.oem4f (.text:xdc_runtime_System_printf_va__F)
                  00002d88    000000ac     sysbios.aem4f : BIOS.obj (.text:ti_sysbios_family_arm_lm4_Timer_enableTiva__I)
                  00002e34    00000002     rtsv7M4_T_le_v4SPD16_eabi.lib : i_div0.obj (.text)
                  00002e36    00000002     hello_pem4f.oem4f (.text:ti_sysbios_BIOS_nullFunc__I)
                  00002e38    000000ac     sysbios.aem4f : BIOS.obj (.text:ti_sysbios_knl_Swi_post__E)
                  00002ee4    00000002     hello_pem4f.oem4f (.text:xdc_runtime_Startup_reset__I)
                  00002ee6    00000002     --HOLE-- [fill = 0]
                  00002ee8    000000a8     sysbios.aem4f : BIOS.obj (.text:ti_sysbios_family_arm_lm4_Timer_enableTimers__I)
                  00002f90    000000a8                   : BIOS.obj (.text:ti_sysbios_knl_Task_blockI__E)
                  00003038    000000a8                   : BIOS.obj (.text:ti_sysbios_knl_Task_postInit__I)
                  000030e0    000000a0     auto_init.aem4f : auto_init.oem4f (.text)
                  00003180    000000a0     ti.targets.arm.rtsarm.aem4f : Text.oem4f (.text:xdc_runtime_Text_putMod__E)
                  00003220    0000009c     rtsv7M4_T_le_v4SPD16_eabi.lib : memcpy_t2.obj (.text)
                  000032bc    00000004     --HOLE-- [fill = 0]
                  000032c0    0000009c     sysbios.aem4f : BIOS.obj (.text:ti_sysbios_knl_Semaphore_Instance_init__E)
                  0000335c    0000009c     ti.targets.arm.rtsarm.aem4f : LoggerBuf.oem4f (.text:xdc_runtime_LoggerBuf_setFilterLevel__E)
                  000033f8    0000009a                                 : Text.oem4f (.text:xdc_runtime_Text_putSite__E)
                  00003492    00000002     --HOLE-- [fill = 0]
                  00003494    00000098     Boot.aem4f : Boot.oem4f (.text:ti_catalog_arm_cortexm4_tiva_ce_Boot_sysCtlClockFreqSet__E)
                  0000352c    00000004     --HOLE-- [fill = 0]
                  00003530    00000094     sysbios.aem4f : BIOS.obj (.text:ti_sysbios_family_arm_m3_Hwi_initNVIC__E)
                  000035c4    00000004     --HOLE-- [fill = 0]
                  000035c8    00000094                   : BIOS.obj (.text:ti_sysbios_knl_Task_exit__E)
                  0000365c    00000004     --HOLE-- [fill = 0]
                  00003660    00000090                   : BIOS.obj (.text:ti_sysbios_knl_Task_unblockI__E)
                  000036f0    0000008c                   : m3_TaskSupport_asm.obj (.text:ti_sysbios_family_arm_m3_TaskSupport_buildTaskStack)
                  0000377c    0000007a     rtsv7M4_T_le_v4SPD16_eabi.lib : memset_t2.obj (.text)
                  000037f6    00000002     --HOLE-- [fill = 0]
                  000037f8    00000074     sysbios.aem4f : BIOS.obj (.text:ti_sysbios_family_arm_m3_Hwi_postInit__I)
                  0000386c    00000074     ti.targets.arm.rtsarm.aem4f : LoggerBuf.oem4f (.text:xdc_runtime_LoggerBuf_getFilterLevel__E)
                  000038e0    0000006c     sysbios.aem4f : BIOS.obj (.text:ti_sysbios_knl_Swi_restoreHwi__E)
                  0000394c    0000006c     ti.targets.arm.rtsarm.aem4f : Error.oem4f (.text:xdc_runtime_Error_print__E)
                  000039b8    0000006c                                 : Memory.oem4f (.text:xdc_runtime_Memory_alloc__E)
                  00003a24    00000068     rtsv7M4_T_le_v4SPD16_eabi.lib : copy_decompress_lzss.obj (.text:decompress:lzss)
                  00003a8c    00000068                                   : trgmsg.obj (.text)
                  00003af4    00000066     ti.targets.arm.rtsarm.aem4f : Core-mem.oem4f (.text:xdc_runtime_Core_deleteObject__I)
                  00003b5a    00000006                                 : System.oem4f (.text:xdc_runtime_System_Module_startup__E)
                  00003b60    00000064     sysbios.aem4f : BIOS.obj (.text:ti_sysbios_family_arm_lm4_Timer_Module_startup__E)
                  00003bc4    00000064     ti.targets.arm.rtsarm.aem4f : System.oem4f (.text:xdc_runtime_System_formatNum__I)
                  00003c28    00000060     sysbios.aem4f : BIOS.obj (.text:ti_sysbios_family_arm_lm4_Timer_isrStub__E)
                  00003c88    00000060                   : BIOS.obj (.text:ti_sysbios_knl_Clock_logTick__E)
                  00003ce8    0000005c                   : BIOS.obj (.text:ti_sysbios_knl_Swi_schedule__I)
                  00003d44    00000004     --HOLE-- [fill = 0]
                  00003d48    0000005c                   : BIOS.obj (.text:ti_sysbios_knl_Task_Module_startup__E)
                  00003da4    0000005c     hello_pem4f.oem4f (.text:xdc_runtime_LoggerBuf_Object__create__S)
                  00003e00    0000005b     ti.targets.arm.rtsarm.aem4f : Text.oem4f (.text:xdc_runtime_Text_putLab__E)
                  00003e5b    00000001     --HOLE-- [fill = 0]
                  00003e5c    00000058     boot.aem4f : boot.oem4f (.text)
                  00003eb4    00000058     rtsv7M4_T_le_v4SPD16_eabi.lib : hostwrite.obj (.text)
                  00003f0c    00000058     sysbios.aem4f : m3_Hwi_asm_switch.obj (.text:ti_sysbios_family_arm_m3_Hwi_initStacks__E)
                  00003f64    00000054     rtsv7M4_T_le_v4SPD16_eabi.lib : exit.obj (.text)
                  00003fb8    00000054     ti.targets.arm.rtsarm.aem4f : Assert.oem4f (.text:xdc_runtime_Assert_raise__I)
                  0000400c    00000050     Boot.aem4f : Boot_sysctl.oem4f (.text:_SysCtlFrequencyGet)
                  0000405c    00000004     --HOLE-- [fill = 0]
                  00004060    00000050     sysbios.aem4f : BIOS.obj (.text:ti_sysbios_family_arm_m3_Hwi_Module_startup__E)
                  000040b0    00000050     ti.targets.arm.rtsarm.aem4f : Startup.oem4f (.text:xdc_runtime_Startup_exec__E)
                  00004100    00000050                                 : Text.oem4f (.text:xdc_runtime_Text_visitRope2__I)
                  00004150    0000004c     rtsv7M4_T_le_v4SPD16_eabi.lib : cpy_tbl.obj (.text)
                  0000419c    00000004     --HOLE-- [fill = 0]
                  000041a0    0000004c     sysbios.aem4f : BIOS.obj (.text:ti_sysbios_heaps_HeapMem_getStats__E)
                  000041ec    00000004     --HOLE-- [fill = 0]
                  000041f0    0000004c                   : BIOS.obj (.text:ti_sysbios_knl_Swi_runLoop__I)
                  0000423c    00000004     --HOLE-- [fill = 0]
                  00004240    0000004c                   : BIOS.obj (.text:ti_sysbios_knl_Task_allBlockedFunction__I)
                  0000428c    00000004     --HOLE-- [fill = 0]
                  00004290    00000048                   : BIOS.obj (.text:ti_sysbios_family_arm_m3_Hwi_disableInterrupt__E)
                  000042d8    00000048                   : BIOS.obj (.text:ti_sysbios_family_arm_m3_Hwi_enableInterrupt__E)
                  00004320    00000048                   : BIOS.obj (.text:ti_sysbios_family_arm_m3_Hwi_excReserved__I)
                  00004368    00000046     ti.targets.arm.rtsarm.aem4f : Core-params.oem4f (.text:xdc_runtime_Core_assignParams__I)
                  000043ae    00000002     --HOLE-- [fill = 0]
                  000043b0    00000044     sysbios.aem4f : BIOS.obj (.text:ti_sysbios_family_arm_lm4_Timer_stop__E)
                  000043f4    00000004     --HOLE-- [fill = 0]
                  000043f8    00000044                   : BIOS.obj (.text:ti_sysbios_family_arm_m3_Hwi_getStackInfo__E)
                  0000443c    00000044     ti.targets.arm.rtsarm.aem4f : Error.oem4f (.text:xdc_runtime_Error_setX__E)
                  00004480    00000044                                 : LoggerBuf.oem4f (.text:xdc_runtime_LoggerBuf_filterOutEvent__I)
                  000044c4    00000044                                 : SysMin.oem4f (.text:xdc_runtime_SysMin_flush__E)
                  00004508    00000044                                 : Text.oem4f (.text:xdc_runtime_Text_xprintf__I)
                  0000454c    00000040     rtsv7M4_T_le_v4SPD16_eabi.lib : u_divt2.obj (.text)
                  0000458c    00000004     --HOLE-- [fill = 0]
                  00004590    00000040     sysbios.aem4f : BIOS.obj (.text:ti_sysbios_family_arm_lm4_Timer_startup__E)
                  000045d0    0000003c                   : BIOS.obj (.text:ti_sysbios_family_arm_m3_Hwi_excSvCall__I)
                  0000460c    00000004     --HOLE-- [fill = 0]
                  00004610    0000003c                   : BIOS.obj (.text:ti_sysbios_family_arm_m3_TaskSupport_start__E)
                  0000464c    00000004     --HOLE-- [fill = 0]
                  00004650    0000003c                   : BIOS.obj (.text:ti_sysbios_heaps_HeapMem_init__I)
                  0000468c    00000004     --HOLE-- [fill = 0]
                  00004690    0000003c                   : BIOS.obj (.text:ti_sysbios_knl_Swi_restore__E)
                  000046cc    0000003a     ti.targets.arm.rtsarm.aem4f : LoggerBuf.oem4f (.text:xdc_runtime_LoggerBuf_Instance_init__E)
                  00004706    00000002     --HOLE-- [fill = 0]
                  00004708    00000038     sysbios.aem4f : BIOS.obj (.text:ti_sysbios_family_arm_m3_Hwi_excNoIsr__I)
                  00004740    00000038                   : BIOS.obj (.text:ti_sysbios_knl_Task_processVitalTaskFlag__I)
                  00004778    00000038     ti.targets.arm.rtsarm.aem4f : SysMin.oem4f (.text:xdc_runtime_SysMin_putch__E)
                  000047b0    00000038                                 : System.oem4f (.text:xdc_runtime_System_atexit__E)
                  000047e8    00000034     driverlib.lib : sysctl.obj (.text:SysCtlPeripheralEnable)
                  0000481c    00000004     --HOLE-- [fill = 0]
                  00004820    00000034     sysbios.aem4f : BIOS.obj (.text:ti_sysbios_family_arm_m3_Hwi_excNmi__I)
                  00004854    00000004     --HOLE-- [fill = 0]
                  00004858    00000034                   : BIOS.obj (.text:ti_sysbios_hal_Hwi_checkStack)
                  0000488c    00000034     ti.targets.arm.rtsarm.aem4f : Core-label.oem4f (.text:xdc_runtime_Core_assignLabel__I)
                  000048c0    00000033                                 : Text.oem4f (.text:xdc_runtime_Text_printVisFxn__I)
                  000048f3    00000005     --HOLE-- [fill = 0]
                  000048f8    00000032     sysbios.aem4f : BIOS.obj (.text:ti_sysbios_hal_Hwi_initStack)
                  0000492a    00000006     --HOLE-- [fill = 0]
                  00004930    00000032                   : BIOS.obj (.text:ti_sysbios_knl_Semaphore_pendTimeout__I)
                  00004962    00000002     --HOLE-- [fill = 0]
                  00004964    00000030     hello_pem4f.oem4f (.text:ti_sysbios_BIOS_atExitFunc__I)
                  00004994    00000030     hello_pem4f.oem4f (.text:ti_sysbios_gates_GateHwi_Object__create__S)
                  000049c4    00000030     hello_pem4f.oem4f (.text:ti_sysbios_gates_GateMutex_Object__create__S)
                  000049f4    00000030     hello_pem4f.oem4f (.text:ti_sysbios_heaps_HeapMem_Object__create__S)
                  00004a24    00000030     hello_pem4f.oem4f (.text:ti_sysbios_knl_Semaphore_construct)
                  00004a54    00000030     ti.targets.arm.rtsarm.aem4f : SysMin.oem4f (.text:xdc_runtime_SysMin_abort__E)
                  00004a84    00000030                                 : System.oem4f (.text:xdc_runtime_System_processAtExit__E)
                  00004ab4    0000002c     hello_pem4f.oem4f (.text:ti_sysbios_knl_Clock_doTick__I)
                  00004ae0    0000002c     hello_pem4f.oem4f (.text:ti_sysbios_knl_Queue_construct)
                  00004b0c    00000004     --HOLE-- [fill = 0]
                  00004b10    0000002c     sysbios.aem4f : BIOS.obj (.text:ti_sysbios_knl_Task_restore__E)
                  00004b3c    0000002c     ti.targets.arm.rtsarm.aem4f : Text.oem4f (.text:xdc_runtime_Text_cordText__E)
                  00004b68    0000002a                                 : System.oem4f (.text:xdc_runtime_System_putchar__I)
                  00004b92    00000006     --HOLE-- [fill = 0]
                  00004b98    00000028     sysbios.aem4f : BIOS.obj (.text:ti_sysbios_knl_Swi_Module_startup__E)
                  00004bc0    00000028     ti.targets.arm.rtsarm.aem4f : LoggerBuf.oem4f (.text:xdc_runtime_LoggerBuf_Module_startup__E)
                  00004be8    00000026     hello.obj (.text:main)
                  00004c0e    00000026     sysbios.aem4f : m3_Hwi_asm.obj (.text:ti_sysbios_family_arm_m3_Hwi_pendSV__I)
                  00004c34    00000026     ti.targets.arm.rtsarm.aem4f : System.oem4f (.text:xdc_runtime_System_avprintf__E)
                  00004c5a    00000002     --HOLE-- [fill = 0]
                  00004c5c    00000024     hello_pem4f.oem4f (.text:ti_sysbios_BIOS_errorRaiseHook__I)
                  00004c80    00000024     hello_pem4f.oem4f (.text:ti_sysbios_BIOS_registerRTSLock__I)
                  00004ca4    00000024     hello_pem4f.oem4f (.text:ti_sysbios_BIOS_removeRTSLock__I)
                  00004cc8    00000024     hello_pem4f.oem4f (.text:ti_sysbios_BIOS_startFunc__I)
                  00004cec    00000024     hello_pem4f.oem4f (.text:ti_sysbios_gates_GateMutex_Object__delete__S)
                  00004d10    00000024     sysbios.aem4f : BIOS.obj (.text:ti_sysbios_knl_Clock_Module_startup__E)
                  00004d34    00000004     --HOLE-- [fill = 0]
                  00004d38    00000024                   : BIOS.obj (.text:ti_sysbios_knl_Task_restoreHwi__E)
                  00004d5c    00000024     ti.targets.arm.rtsarm.aem4f : System.oem4f (.text:xdc_runtime_System_vprintf__E)
                  00004d80    00000022     sysbios.aem4f : BIOS.obj (.text:ti_sysbios_family_arm_lm4_Timer_write__I)
                  00004da2    00000022     hello_pem4f.oem4f (.text:xdc_runtime_SysMin_output__I)
                  00004dc4    00000020     Boot.aem4f : Boot_sysctl.oem4f (.text:_SysCtlMemTimingGet)
                  00004de4    00000020     hello_pem4f.oem4f (.text:ti_sysbios_BIOS_rtsLock__I)
                  00004e04    00000020     sysbios.aem4f : m3_Hwi_asm.obj (.text:ti_sysbios_family_arm_m3_Hwi_excHandlerAsm__I)
                  00004e24    00000004     --HOLE-- [fill = 0]
                  00004e28    00000020                   : BIOS.obj (.text:ti_sysbios_family_arm_m3_Hwi_excHandler__I)
                  00004e48    00000020     hello_pem4f.oem4f (.text:ti_sysbios_gates_GateHwi_Object__delete__S)
                  00004e68    00000020     hello_pem4f.oem4f (.text:ti_sysbios_heaps_HeapMem_Object__delete__S)
                  00004e88    00000020     sysbios.aem4f : BIOS.obj (.text:ti_sysbios_knl_Idle_run__E)
                  00004ea8    00000020     hello_pem4f.oem4f (.text:ti_sysbios_knl_Semaphore_Object__destruct__S)
                  00004ec8    00000020     hello_pem4f.oem4f (.text:xdc_runtime_LoggerBuf_Object__delete__S)
                  00004ee8    00000020     ti.targets.arm.rtsarm.aem4f : LoggerBuf.oem4f (.text:xdc_runtime_LoggerBuf_reset__E)
                  00004f08    00000020                                 : Registry.oem4f (.text:xdc_runtime_Registry_findById__E)
                  00004f28    00000020                                 : SysMin.oem4f (.text:xdc_runtime_SysMin_Module_startup__E)
                  00004f48    0000001e     sysbios.aem4f : m3_Hwi_asm_switch.obj (.text:ti_sysbios_family_xxx_Hwi_switchAndRunFunc)
                  00004f66    00000002     --HOLE-- [fill = 0]
                  00004f68    0000001c                   : BIOS.obj (.text:ti_sysbios_gates_GateMutex_Instance_init__E)
                  00004f84    0000001c     hello_pem4f.oem4f (.text:ti_sysbios_knl_Queue_Object__destruct__S)
                  00004fa0    0000001c     sysbios.aem4f : BIOS.obj (.text:ti_sysbios_knl_Task_enter__I)
                  00004fbc    0000001c     ti.targets.arm.rtsarm.aem4f : Error.oem4f (.text:xdc_runtime_Error_raiseX__E)
                  00004fd8    0000001c                                 : Memory.oem4f (.text:xdc_runtime_Memory_valloc__E)
                  00004ff4    0000001c                                 : SysMin.oem4f (.text:xdc_runtime_SysMin_exit__E)
                  00005010    0000001c                                 : System.oem4f (.text:xdc_runtime_System_abort__E)
                  0000502c    0000001a     hello_pem4f.oem4f (.text:ti_sysbios_family_arm_m3_Hwi_Handle__label__S)
                  00005046    0000001a     hello_pem4f.oem4f (.text:ti_sysbios_gates_GateHwi_Handle__label__S)
                  00005060    0000001a     hello_pem4f.oem4f (.text:ti_sysbios_gates_GateMutex_Handle__label__S)
                  0000507a    0000001a     hello_pem4f.oem4f (.text:ti_sysbios_heaps_HeapMem_Handle__label__S)
                  00005094    0000001a     hello_pem4f.oem4f (.text:ti_sysbios_knl_Swi_Handle__label__S)
                  000050ae    0000001a     hello_pem4f.oem4f (.text:ti_sysbios_knl_Task_Handle__label__S)
                  000050c8    0000001a     hello_pem4f.oem4f (.text:xdc_runtime_LoggerBuf_Handle__label__S)
                  000050e2    0000001a     hello_pem4f.oem4f (.text:xdc_runtime_System_aprintf__E)
                  000050fc    0000001a     hello_pem4f.oem4f (.text:xdc_runtime_System_printf__E)
                  00005116    00000002     --HOLE-- [fill = 0]
                  00005118    00000018     rtsv7M4_T_le_v4SPD16_eabi.lib : args_main.obj (.text)
                  00005130    00000018     hello_pem4f.oem4f (.text:ti_sysbios_BIOS_rtsUnlock__I)
                  00005148    00000018     hello_pem4f.oem4f (.text:ti_sysbios_family_arm_lm4_Timer_Module__startupDone__F)
                  00005160    00000018     hello_pem4f.oem4f (.text:ti_sysbios_family_arm_m3_Hwi_Module__startupDone__F)
                  00005178    00000018     sysbios.aem4f : m3_TaskSupport_asm.obj (.text:ti_sysbios_family_arm_m3_TaskSupport_swap__E)
                  00005190    00000018                   : BIOS.obj (.text:ti_sysbios_gates_GateMutex_leave__E)
                  000051a8    00000018     ti.targets.arm.rtsarm.aem4f : Error.oem4f (.text:xdc_runtime_Error_check__E)
                  000051c0    00000018                                 : System.oem4f (.text:xdc_runtime_System_exit__E)
                  000051d8    00000018                                 : Text.oem4f (.text:xdc_runtime_Text_ropeText__E)
                  000051f0    00000016     hello_pem4f.oem4f (.text:ti_sysbios_BIOS_exitFunc__I)
                  00005206    00000002     --HOLE-- [fill = 0]
                  00005208    00000014     rtsv7M4_T_le_v4SPD16_eabi.lib : _lock.obj (.text)
                  0000521c    00000014                                   : strlen.obj (.text)
                  00005230    00000014     hello_pem4f.oem4f (.text:ti_sysbios_family_arm_m3_Hwi_Object__get__S)
                  00005244    00000004     --HOLE-- [fill = 0]
                  00005248    00000014     sysbios.aem4f : BIOS.obj (.text:ti_sysbios_family_arm_m3_Hwi_switchFromBootStack__E)
                  0000525c    00000014     hello_pem4f.oem4f (.text:ti_sysbios_heaps_HeapMem_Object__get__S)
                  00005270    00000014     hello_pem4f.oem4f (.text:ti_sysbios_knl_Swi_Object__get__S)
                  00005284    00000014     hello_pem4f.oem4f (.text:xdc_runtime_LoggerBuf_Object__get__S)
                  00005298    00000012     sysbios.aem4f : BIOS.obj (.text:ti_sysbios_hal_Hwi_Module_startup__E)
                  000052aa    00000012     ti.targets.arm.rtsarm.aem4f : LoggerBuf.oem4f (.text:xdc_runtime_LoggerBuf_Instance_finalize__E)
                  000052bc    00000012                                 : LoggerBuf.oem4f (.text:xdc_runtime_LoggerBuf_write1__E)
                  000052ce    00000012                                 : LoggerBuf.oem4f (.text:xdc_runtime_LoggerBuf_write2__E)
                  000052e0    00000012     hello_pem4f.oem4f (.text:xdc_runtime_Startup_exec__I)
                  000052f2    00000002     --HOLE-- [fill = 0]
                  000052f4    00000010     hello_pem4f.oem4f (.text:.bootCodeSection:ti_catalog_arm_cortexm4_tiva_ce_Boot_init__I)
                  00005304    00000004     --HOLE-- [fill = 0]
                  00005308    00000010     sysbios.aem4f : BIOS.obj (.text:ti_sysbios_BIOS_exit__E)
                  00005318    00000010                   : BIOS.obj (.text:ti_sysbios_BIOS_setThreadType__E)
                  00005328    00000010                   : BIOS.obj (.text:ti_sysbios_family_arm_lm4_TimestampProvider_rolloverFunc__E)
                  00005338    00000010                   : m3_TaskSupport_asm.obj (.text:ti_sysbios_family_arm_m3_TaskSupport_glue)
                  00005348    00000010                   : BIOS.obj (.text:ti_sysbios_gates_GateMutex_Instance_finalize__E)
                  00005358    00000010                   : BIOS.obj (.text:ti_sysbios_knl_Semaphore_Instance_finalize__E)
                  00005368    00000010                   : BIOS.obj (.text:ti_sysbios_knl_Swi_disable__E)
                  00005378    00000010     hello_pem4f.oem4f (.text:ti_sysbios_knl_Task_Object__get__S)
                  00005388    00000010     sysbios.aem4f : BIOS.obj (.text:ti_sysbios_knl_Task_disable__E)
                  00005398    00000010     ti.targets.arm.rtsarm.aem4f : Gate.oem4f (.text:xdc_runtime_Gate_leaveSystem__E)
                  000053a8    00000010                                 : LoggerBuf.oem4f (.text:xdc_runtime_LoggerBuf_write0__E)
                  000053b8    00000010                                 : Memory.oem4f (.text:xdc_runtime_Memory_free__E)
                  000053c8    00000010                                 : SysMin.oem4f (.text:xdc_runtime_SysMin_ready__E)
                  000053d8    00000010                                 : System.oem4f (.text:xdc_runtime_System_vsnprintf__E)
                  000053e8    00000010     hello_pem4f.oem4f (.text:xdc_runtime_Text_visitRope__I)
                  000053f8    0000000e     rtsv7M4_T_le_v4SPD16_eabi.lib : copy_decompress_none.obj (.text:decompress:none)
                  00005406    00000002     --HOLE-- [fill = 0]
                  00005408    0000000e     sysbios.aem4f : BIOS.obj (.text:ti_sysbios_knl_Idle_loop__E)
                  00005416    00000002     --HOLE-- [fill = 0]
                  00005418    0000000e                   : BIOS.obj (.text:ti_sysbios_knl_Queue_empty__E)
                  00005426    0000000c     rtsv7M4_T_le_v4SPD16_eabi.lib : copy_zero_init.obj (.text:decompress:ZI)
                  00005432    00000006     --HOLE-- [fill = 0]
                  00005438    0000000c     sysbios.aem4f : BIOS.obj (.text:ti_sysbios_family_arm_lm4_Timer_getMaxTicks__E)
                  00005444    00000004     --HOLE-- [fill = 0]
                  00005448    0000000c                   : BIOS.obj (.text:ti_sysbios_family_arm_lm4_TimestampProvider_startTimer__E)
                  00005454    00000004     --HOLE-- [fill = 0]
                  00005458    0000000c                   : BIOS.obj (.text:ti_sysbios_family_arm_m3_TaskSupport_checkStack__E)
                  00005464    00000004     --HOLE-- [fill = 0]
                  00005468    0000000c                   : BIOS.obj (.text:ti_sysbios_gates_GateHwi_enter__E)
                  00005474    0000000c     hello_pem4f.oem4f (.text:ti_sysbios_knl_Queue_Object__get__S)
                  00005480    0000000c     ti.targets.arm.rtsarm.aem4f : Error.oem4f (.text:xdc_runtime_Error_init__E)
                  0000548c    0000000c                                 : Gate.oem4f (.text:xdc_runtime_Gate_enterSystem__E)
                  00005498    0000000c                                 : Memory.oem4f (.text:xdc_runtime_Memory_calloc__E)
                  000054a4    0000000c                                 : Memory.oem4f (.text:xdc_runtime_Memory_getMaxDefaultTypeAlign__E)
                  000054b0    0000000a     hello_pem4f.oem4f (.text:xdc_runtime_IHeap_alloc)
                  000054ba    0000000a     hello_pem4f.oem4f (.text:xdc_runtime_IHeap_free)
                  000054c4    0000000a     ti.targets.arm.rtsarm.aem4f : LoggerBuf.oem4f (.text:xdc_runtime_LoggerBuf_disable__E)
                  000054ce    0000000a                                 : LoggerBuf.oem4f (.text:xdc_runtime_LoggerBuf_enable__E)
                  000054d8    00000008     sysbios.aem4f : BIOS.obj (.text:ti_sysbios_family_arm_lm4_Timer_masterDisable__I)
                  000054e0    00000008                   : BIOS.obj (.text:ti_sysbios_family_arm_m3_Hwi_doSwiRestore__I)
                  000054e8    00000008                   : BIOS.obj (.text:ti_sysbios_family_arm_m3_Hwi_startup__E)
                  000054f0    00000006                   : BIOS.obj (.text:ti_sysbios_family_arm_lm4_TimestampProvider_Module_startup__E)
                  000054f6    00000002     --HOLE-- [fill = 0]
                  000054f8    00000006                   : BIOS.obj (.text:ti_sysbios_family_arm_m3_Hwi_doTaskRestore__I)
                  000054fe    00000002     --HOLE-- [fill = 0]
                  00005500    00000006                   : BIOS.obj (.text:ti_sysbios_gates_GateHwi_leave__E)
                  00005506    00000002     --HOLE-- [fill = 0]
                  00005508    00000006                   : BIOS.obj (.text:ti_sysbios_heaps_HeapMem_isBlocking__E)
                  0000550e    00000002     --HOLE-- [fill = 0]
                  00005510    00000006                   : BIOS.obj (.text:ti_sysbios_knl_Queue_Instance_init__E)
                  00005516    00000002     --HOLE-- [fill = 0]
                  00005518    00000006                   : BIOS.obj (.text:ti_sysbios_knl_Swi_startup__E)
                  0000551e    00000002     --HOLE-- [fill = 0]
                  00005520    00000004                   : BIOS.obj (.text:ti_sysbios_family_arm_lm4_Timer_getPeriod__E)
                  00005524    00000004     --HOLE-- [fill = 0]
                  00005528    00000004                   : BIOS.obj (.text:ti_sysbios_gates_GateHwi_query__E)
                  0000552c    00000004     --HOLE-- [fill = 0]
                  00005530    00000004                   : BIOS.obj (.text:ti_sysbios_gates_GateMutex_query__E)
                  00005534    00000004     --HOLE-- [fill = 0]
                  00005538    00000004                   : BIOS.obj (.text:ti_sysbios_knl_Task_startup__E)
                  0000553c    00000004     --HOLE-- [fill = 0]
                  00005540    00000002                   : BIOS.obj (.text:ti_sysbios_gates_GateHwi_Instance_init__E)

.const     0    00005544    00001ff0     
                  00005544    00001818     hello_pem4f.oem4f (.const:xdc_runtime_Text_charTab__A)
                  00006d5c    00000120     Boot.aem4f : Boot_sysctl.oem4f (.const:g_pppui32XTALtoVCO)
                  00006e7c    000000c4     hello_pem4f.oem4f (.const:xdc_runtime_Text_nodeTab__A)
                  00006f40    0000006c     Boot.aem4f : Boot_sysctl.oem4f (.const:g_pui32Xtals)
                  00006fac    00000048     hello_pem4f.oem4f (.const:.string)
                  00006ff4    0000003c     hello_pem4f.oem4f (.const:xdc_runtime_LoggerBuf_Module__FXNS__C)
                  00007030    00000030     Boot.aem4f : Boot_sysctl.oem4f (.const:g_sXTALtoMEMTIM)
                  00007060    00000028     hello_pem4f.oem4f (.const:ti_sysbios_heaps_HeapMem_Module__FXNS__C)
                  00007088    00000028     hello_pem4f.oem4f (.const:xdc_runtime_Startup_sfxnTab__A)
                  000070b0    00000024     hello_pem4f.oem4f (.const:ti_sysbios_gates_GateHwi_Module__FXNS__C)
                  000070d4    00000024     hello_pem4f.oem4f (.const:ti_sysbios_gates_GateMutex_Module__FXNS__C)
                  000070f8    00000024     hello_pem4f.oem4f (.const:ti_sysbios_heaps_HeapMem_Object__PARAMS__C)
                  0000711c    00000024     hello_pem4f.oem4f (.const:ti_sysbios_knl_Semaphore_Object__PARAMS__C)
                  00007140    00000024     hello_pem4f.oem4f (.const:xdc_runtime_LoggerBuf_Object__PARAMS__C)
                  00007164    00000020     hello_pem4f.oem4f (.const:ti_sysbios_gates_GateHwi_Object__DESC__C)
                  00007184    00000020     hello_pem4f.oem4f (.const:ti_sysbios_gates_GateMutex_Object__DESC__C)
                  000071a4    00000020     hello_pem4f.oem4f (.const:ti_sysbios_heaps_HeapMem_Object__DESC__C)
                  000071c4    00000020     hello_pem4f.oem4f (.const:ti_sysbios_knl_Queue_Object__DESC__C)
                  000071e4    00000020     hello_pem4f.oem4f (.const:ti_sysbios_knl_Semaphore_Object__DESC__C)
                  00007204    00000020     hello_pem4f.oem4f (.const:xdc_runtime_LoggerBuf_Object__DESC__C)
                  00007224    00000018     hello_pem4f.oem4f (.const:ti_sysbios_gates_GateHwi_Object__PARAMS__C)
                  0000723c    00000018     hello_pem4f.oem4f (.const:ti_sysbios_gates_GateMutex_Object__PARAMS__C)
                  00007254    00000018     hello_pem4f.oem4f (.const:ti_sysbios_knl_Queue_Object__PARAMS__C)
                  0000726c    00000014     hello_pem4f.oem4f (.const:xdc_runtime_Startup_firstFxns__A)
                  00007280    00000014     hello_pem4f.oem4f (.const:xdc_runtime_Startup_sfxnRts__A)
                  00007294    00000011     ti.targets.arm.rtsarm.aem4f : System.oem4f (.const:.string)
                  000072a5    00000001     hello_pem4f.oem4f (.const:xdc_runtime_Error_policy__C)
                  000072a6    00000002     hello_pem4f.oem4f (.const:ti_catalog_arm_cortexm4_tiva_ce_Boot_Module__id__C)
                  000072a8    00000008     Boot.aem4f : Boot_sysctl.oem4f (.const)
                  000072b0    00000008     hello_pem4f.oem4f (.const:ti_sysbios_family_arm_m3_Hwi_excHookFuncs__A)
                  000072b8    00000008     hello_pem4f.oem4f (.const:ti_sysbios_knl_Idle_funcList__C)
                  000072c0    00000008     hello_pem4f.oem4f (.const:xdc_runtime_Startup_firstFxns__C)
                  000072c8    00000008     hello_pem4f.oem4f (.const:xdc_runtime_Startup_lastFxns__C)
                  000072d0    00000004     hello_pem4f.oem4f (.const:ti_catalog_arm_cortexm4_tiva_ce_Boot_A_mustNotUseEnhancedClockMode__C)
                  000072d4    00000004     hello_pem4f.oem4f (.const:ti_catalog_arm_cortexm4_tiva_ce_Boot_Module__diagsEnabled__C)
                  000072d8    00000004     hello_pem4f.oem4f (.const:ti_catalog_arm_cortexm4_tiva_ce_Boot_Module__diagsIncluded__C)
                  000072dc    00000004     hello_pem4f.oem4f (.const:ti_catalog_arm_cortexm4_tiva_ce_Boot_Module__diagsMask__C)
                  000072e0    00000004     hello_pem4f.oem4f (.const:ti_sysbios_family_arm_lm4_Timer_enableFunc__C)
                  000072e4    00000004     hello_pem4f.oem4f (.const:ti_sysbios_family_arm_lm4_Timer_numTimerDevices__C)
                  000072e8    00000004     hello_pem4f.oem4f (.const:ti_sysbios_family_arm_lm4_Timer_startupNeeded__C)
                  000072ec    00000004     hello_pem4f.oem4f (.const:ti_sysbios_family_arm_m3_Hwi_E_NMI__C)
                  000072f0    00000004     hello_pem4f.oem4f (.const:ti_sysbios_family_arm_m3_Hwi_E_busFault__C)
                  000072f4    00000004     hello_pem4f.oem4f (.const:ti_sysbios_family_arm_m3_Hwi_E_debugMon__C)
                  000072f8    00000004     hello_pem4f.oem4f (.const:ti_sysbios_family_arm_m3_Hwi_E_hardFault__C)
                  000072fc    00000004     hello_pem4f.oem4f (.const:ti_sysbios_family_arm_m3_Hwi_E_memFault__C)
                  00007300    00000004     hello_pem4f.oem4f (.const:ti_sysbios_family_arm_m3_Hwi_E_noIsr__C)
                  00007304    00000004     hello_pem4f.oem4f (.const:ti_sysbios_family_arm_m3_Hwi_E_reserved__C)
                  00007308    00000004     hello_pem4f.oem4f (.const:ti_sysbios_family_arm_m3_Hwi_E_svCall__C)
                  0000730c    00000004     hello_pem4f.oem4f (.const:ti_sysbios_family_arm_m3_Hwi_E_usageFault__C)
                  00007310    00000004     hello_pem4f.oem4f (.const:ti_sysbios_family_arm_m3_Hwi_LD_end__C)
                  00007314    00000004     hello_pem4f.oem4f (.const:ti_sysbios_family_arm_m3_Hwi_LM_begin__C)
                  00007318    00000004     hello_pem4f.oem4f (.const:ti_sysbios_family_arm_m3_Hwi_Module__diagsEnabled__C)
                  0000731c    00000004     hello_pem4f.oem4f (.const:ti_sysbios_family_arm_m3_Hwi_Module__diagsIncluded__C)
                  00007320    00000004     hello_pem4f.oem4f (.const:ti_sysbios_family_arm_m3_Hwi_Module__diagsMask__C)
                  00007324    00000004     hello_pem4f.oem4f (.const:ti_sysbios_family_arm_m3_Hwi_Module__loggerFxn1__C)
                  00007328    00000004     hello_pem4f.oem4f (.const:ti_sysbios_family_arm_m3_Hwi_Module__loggerFxn8__C)
                  0000732c    00000004     hello_pem4f.oem4f (.const:ti_sysbios_family_arm_m3_Hwi_Module__loggerObj__C)
                  00007330    00000004     hello_pem4f.oem4f (.const:ti_sysbios_family_arm_m3_Hwi_NUM_INTERRUPTS__C)
                  00007334    00000004     hello_pem4f.oem4f (.const:ti_sysbios_family_arm_m3_Hwi_Object__count__C)
                  00007338    00000004     hello_pem4f.oem4f (.const:ti_sysbios_family_arm_m3_Hwi_ccr__C)
                  0000733c    00000004     hello_pem4f.oem4f (.const:ti_sysbios_family_arm_m3_Hwi_excHandlerFunc__C)
                  00007340    00000004     hello_pem4f.oem4f (.const:ti_sysbios_family_arm_m3_Hwi_excHookFuncs__C)
                  00007344    00000004     hello_pem4f.oem4f (.const:ti_sysbios_family_arm_m3_Hwi_nullIsrFunc__C)
                  00007348    00000004     hello_pem4f.oem4f (.const:ti_sysbios_family_arm_m3_Hwi_priGroup__C)
                  0000734c    00000004     hello_pem4f.oem4f (.const:ti_sysbios_gates_GateMutex_A_badContext__C)
                  00007350    00000004     hello_pem4f.oem4f (.const:ti_sysbios_gates_GateMutex_Instance_State_sem__O)
                  00007354    00000004     hello_pem4f.oem4f (.const:ti_sysbios_gates_GateMutex_Module__diagsEnabled__C)
                  00007358    00000004     hello_pem4f.oem4f (.const:ti_sysbios_gates_GateMutex_Module__diagsIncluded__C)
                  0000735c    00000004     hello_pem4f.oem4f (.const:ti_sysbios_gates_GateMutex_Module__diagsMask__C)
                  00007360    00000004     hello_pem4f.oem4f (.const:ti_sysbios_hal_Hwi_E_stackOverflow__C)
                  00007364    00000004     hello_pem4f.oem4f (.const:ti_sysbios_heaps_HeapMem_A_align__C)
                  00007368    00000004     hello_pem4f.oem4f (.const:ti_sysbios_heaps_HeapMem_A_heapSize__C)
                  0000736c    00000004     hello_pem4f.oem4f (.const:ti_sysbios_heaps_HeapMem_A_invalidFree__C)
                  00007370    00000004     hello_pem4f.oem4f (.const:ti_sysbios_heaps_HeapMem_A_zeroBlock__C)
                  00007374    00000004     hello_pem4f.oem4f (.const:ti_sysbios_heaps_HeapMem_E_memory__C)
                  00007378    00000004     hello_pem4f.oem4f (.const:ti_sysbios_heaps_HeapMem_Module__diagsEnabled__C)
                  0000737c    00000004     hello_pem4f.oem4f (.const:ti_sysbios_heaps_HeapMem_Module__diagsIncluded__C)
                  00007380    00000004     hello_pem4f.oem4f (.const:ti_sysbios_heaps_HeapMem_Module__diagsMask__C)
                  00007384    00000004     hello_pem4f.oem4f (.const:ti_sysbios_heaps_HeapMem_Module__gateObj__C)
                  00007388    00000004     hello_pem4f.oem4f (.const:ti_sysbios_heaps_HeapMem_Object__count__C)
                  0000738c    00000004     hello_pem4f.oem4f (.const:ti_sysbios_heaps_HeapMem_reqAlign__C)
                  00007390    00000004     hello_pem4f.oem4f (.const:ti_sysbios_knl_Clock_LM_begin__C)
                  00007394    00000004     hello_pem4f.oem4f (.const:ti_sysbios_knl_Clock_LM_tick__C)
                  00007398    00000004     hello_pem4f.oem4f (.const:ti_sysbios_knl_Clock_LW_delayed__C)
                  0000739c    00000004     hello_pem4f.oem4f (.const:ti_sysbios_knl_Clock_Module_State_clockQ__O)
                  000073a0    00000004     hello_pem4f.oem4f (.const:ti_sysbios_knl_Clock_Module__diagsEnabled__C)
                  000073a4    00000004     hello_pem4f.oem4f (.const:ti_sysbios_knl_Clock_Module__diagsIncluded__C)
                  000073a8    00000004     hello_pem4f.oem4f (.const:ti_sysbios_knl_Clock_Module__diagsMask__C)
                  000073ac    00000004     hello_pem4f.oem4f (.const:ti_sysbios_knl_Clock_Module__loggerFxn1__C)
                  000073b0    00000004     hello_pem4f.oem4f (.const:ti_sysbios_knl_Clock_Module__loggerFxn2__C)
                  000073b4    00000004     hello_pem4f.oem4f (.const:ti_sysbios_knl_Clock_Module__loggerObj__C)
                  000073b8    00000004     hello_pem4f.oem4f (.const:ti_sysbios_knl_Idle_funcList__A)
                  000073bc    00000004     hello_pem4f.oem4f (.const:ti_sysbios_knl_Semaphore_A_badContext__C)
                  000073c0    00000004     hello_pem4f.oem4f (.const:ti_sysbios_knl_Semaphore_A_noEvents__C)
                  000073c4    00000004     hello_pem4f.oem4f (.const:ti_sysbios_knl_Semaphore_A_overflow__C)
                  000073c8    00000004     hello_pem4f.oem4f (.const:ti_sysbios_knl_Semaphore_A_pendTaskDisabled__C)
                  000073cc    00000004     hello_pem4f.oem4f (.const:ti_sysbios_knl_Semaphore_Instance_State_pendQ__O)
                  000073d0    00000004     hello_pem4f.oem4f (.const:ti_sysbios_knl_Semaphore_LM_pend__C)
                  000073d4    00000004     hello_pem4f.oem4f (.const:ti_sysbios_knl_Semaphore_LM_post__C)
                  000073d8    00000004     hello_pem4f.oem4f (.const:ti_sysbios_knl_Semaphore_Module__diagsEnabled__C)
                  000073dc    00000004     hello_pem4f.oem4f (.const:ti_sysbios_knl_Semaphore_Module__diagsIncluded__C)
                  000073e0    00000004     hello_pem4f.oem4f (.const:ti_sysbios_knl_Semaphore_Module__diagsMask__C)
                  000073e4    00000004     hello_pem4f.oem4f (.const:ti_sysbios_knl_Semaphore_Module__loggerFxn2__C)
                  000073e8    00000004     hello_pem4f.oem4f (.const:ti_sysbios_knl_Semaphore_Module__loggerFxn4__C)
                  000073ec    00000004     hello_pem4f.oem4f (.const:ti_sysbios_knl_Semaphore_Module__loggerObj__C)
                  000073f0    00000004     hello_pem4f.oem4f (.const:ti_sysbios_knl_Swi_LD_end__C)
                  000073f4    00000004     hello_pem4f.oem4f (.const:ti_sysbios_knl_Swi_LM_begin__C)
                  000073f8    00000004     hello_pem4f.oem4f (.const:ti_sysbios_knl_Swi_LM_post__C)
                  000073fc    00000004     hello_pem4f.oem4f (.const:ti_sysbios_knl_Swi_Module__diagsEnabled__C)
                  00007400    00000004     hello_pem4f.oem4f (.const:ti_sysbios_knl_Swi_Module__diagsIncluded__C)
                  00007404    00000004     hello_pem4f.oem4f (.const:ti_sysbios_knl_Swi_Module__diagsMask__C)
                  00007408    00000004     hello_pem4f.oem4f (.const:ti_sysbios_knl_Swi_Module__loggerFxn1__C)
                  0000740c    00000004     hello_pem4f.oem4f (.const:ti_sysbios_knl_Swi_Module__loggerFxn4__C)
                  00007410    00000004     hello_pem4f.oem4f (.const:ti_sysbios_knl_Swi_Module__loggerObj__C)
                  00007414    00000004     hello_pem4f.oem4f (.const:ti_sysbios_knl_Swi_Object__count__C)
                  00007418    00000004     hello_pem4f.oem4f (.const:ti_sysbios_knl_Task_E_spOutOfBounds__C)
                  0000741c    00000004     hello_pem4f.oem4f (.const:ti_sysbios_knl_Task_E_stackOverflow__C)
                  00007420    00000004     hello_pem4f.oem4f (.const:ti_sysbios_knl_Task_LD_block__C)
                  00007424    00000004     hello_pem4f.oem4f (.const:ti_sysbios_knl_Task_LD_exit__C)
                  00007428    00000004     hello_pem4f.oem4f (.const:ti_sysbios_knl_Task_LD_ready__C)
                  0000742c    00000004     hello_pem4f.oem4f (.const:ti_sysbios_knl_Task_LM_switch__C)
                  00007430    00000004     hello_pem4f.oem4f (.const:ti_sysbios_knl_Task_Module_State_inactiveQ__O)
                  00007434    00000004     hello_pem4f.oem4f (.const:ti_sysbios_knl_Task_Module__diagsEnabled__C)
                  00007438    00000004     hello_pem4f.oem4f (.const:ti_sysbios_knl_Task_Module__diagsIncluded__C)
                  0000743c    00000004     hello_pem4f.oem4f (.const:ti_sysbios_knl_Task_Module__diagsMask__C)
                  00007440    00000004     hello_pem4f.oem4f (.const:ti_sysbios_knl_Task_Module__loggerFxn2__C)
                  00007444    00000004     hello_pem4f.oem4f (.const:ti_sysbios_knl_Task_Module__loggerFxn4__C)
                  00007448    00000004     hello_pem4f.oem4f (.const:ti_sysbios_knl_Task_Module__loggerObj__C)
                  0000744c    00000004     hello_pem4f.oem4f (.const:ti_sysbios_knl_Task_Object__count__C)
                  00007450    00000004     hello_pem4f.oem4f (.const:ti_sysbios_knl_Task_allBlockedFunc__C)
                  00007454    00000004     hello_pem4f.oem4f (.const:ti_sysbios_knl_Task_numConstructedTasks__C)
                  00007458    00000004     hello_pem4f.oem4f (.const:xdc_runtime_Assert_E_assertFailed__C)
                  0000745c    00000004     hello_pem4f.oem4f (.const:xdc_runtime_Core_A_initializedParams__C)
                  00007460    00000004     hello_pem4f.oem4f (.const:xdc_runtime_Core_Module__diagsEnabled__C)
                  00007464    00000004     hello_pem4f.oem4f (.const:xdc_runtime_Core_Module__diagsIncluded__C)
                  00007468    00000004     hello_pem4f.oem4f (.const:xdc_runtime_Core_Module__diagsMask__C)
                  0000746c    00000004     hello_pem4f.oem4f (.const:xdc_runtime_Error_E_memory__C)
                  00007470    00000004     hello_pem4f.oem4f (.const:xdc_runtime_Error_Module__diagsEnabled__C)
                  00007474    00000004     hello_pem4f.oem4f (.const:xdc_runtime_Error_Module__diagsIncluded__C)
                  00007478    00000004     hello_pem4f.oem4f (.const:xdc_runtime_Error_Module__diagsMask__C)
                  0000747c    00000004     hello_pem4f.oem4f (.const:xdc_runtime_Error_Module__loggerFxn8__C)
                  00007480    00000004     hello_pem4f.oem4f (.const:xdc_runtime_Error_Module__loggerObj__C)
                  00007484    00000004     hello_pem4f.oem4f (.const:xdc_runtime_Error_policyFxn__C)
                  00007488    00000004     hello_pem4f.oem4f (.const:xdc_runtime_Error_raiseHook__C)
                  0000748c    00000004     hello_pem4f.oem4f (.const:xdc_runtime_IFilterLogger_Interface__BASE__C)
                  00007490    00000004     hello_pem4f.oem4f (.const:xdc_runtime_IGateProvider_Interface__BASE__C)
                  00007494    00000004     hello_pem4f.oem4f (.const:xdc_runtime_IHeap_Interface__BASE__C)
                  00007498    00000004     hello_pem4f.oem4f (.const:xdc_runtime_ILogger_Interface__BASE__C)
                  0000749c    00000004     hello_pem4f.oem4f (.const:xdc_runtime_IModule_Interface__BASE__C)
                  000074a0    00000004     hello_pem4f.oem4f (.const:xdc_runtime_Log_L_error__C)
                  000074a4    00000004     hello_pem4f.oem4f (.const:xdc_runtime_LoggerBuf_E_badLevel__C)
                  000074a8    00000004     hello_pem4f.oem4f (.const:xdc_runtime_LoggerBuf_Module__gateObj__C)
                  000074ac    00000004     hello_pem4f.oem4f (.const:xdc_runtime_LoggerBuf_Object__count__C)
                  000074b0    00000004     hello_pem4f.oem4f (.const:xdc_runtime_LoggerBuf_statusLogger__C)
                  000074b4    00000004     hello_pem4f.oem4f (.const:xdc_runtime_Memory_defaultHeapInstance__C)
                  000074b8    00000004     hello_pem4f.oem4f (.const:xdc_runtime_Startup_execImpl__C)
                  000074bc    00000004     hello_pem4f.oem4f (.const:xdc_runtime_Startup_lastFxns__A)
                  000074c0    00000004     hello_pem4f.oem4f (.const:xdc_runtime_Startup_maxPasses__C)
                  000074c4    00000004     hello_pem4f.oem4f (.const:xdc_runtime_Startup_sfxnRts__C)
                  000074c8    00000004     hello_pem4f.oem4f (.const:xdc_runtime_Startup_sfxnTab__C)
                  000074cc    00000004     hello_pem4f.oem4f (.const:xdc_runtime_SysMin_bufSize__C)
                  000074d0    00000004     hello_pem4f.oem4f (.const:xdc_runtime_SysMin_outputFunc__C)
                  000074d4    00000004     hello_pem4f.oem4f (.const:xdc_runtime_System_Module__gateObj__C)
                  000074d8    00000004     hello_pem4f.oem4f (.const:xdc_runtime_System_abortFxn__C)
                  000074dc    00000004     hello_pem4f.oem4f (.const:xdc_runtime_System_exitFxn__C)
                  000074e0    00000004     hello_pem4f.oem4f (.const:xdc_runtime_System_extendFxn__C)
                  000074e4    00000004     hello_pem4f.oem4f (.const:xdc_runtime_System_maxAtexitHandlers__C)
                  000074e8    00000004     hello_pem4f.oem4f (.const:xdc_runtime_Text_charTab__C)
                  000074ec    00000004     hello_pem4f.oem4f (.const:xdc_runtime_Text_nameEmpty__C)
                  000074f0    00000004     hello_pem4f.oem4f (.const:xdc_runtime_Text_nameStatic__C)
                  000074f4    00000004     hello_pem4f.oem4f (.const:xdc_runtime_Text_nameUnknown__C)
                  000074f8    00000004     hello_pem4f.oem4f (.const:xdc_runtime_Text_nodeTab__C)
                  000074fc    00000004     hello_pem4f.oem4f (.const:xdc_runtime_Text_visitRopeFxn__C)
                  00007500    00000002     hello_pem4f.oem4f (.const:ti_sysbios_family_arm_lm4_TimestampProvider_useClockTimer__C)
                  00007502    00000002     hello_pem4f.oem4f (.const:ti_sysbios_family_arm_m3_Hwi_Module__id__C)
                  00007504    00000002     hello_pem4f.oem4f (.const:ti_sysbios_family_arm_m3_Hwi_Module__loggerDefined__C)
                  00007506    00000002     hello_pem4f.oem4f (.const:ti_sysbios_gates_GateMutex_Module__id__C)
                  00007508    00000002     hello_pem4f.oem4f (.const:ti_sysbios_hal_Hwi_Module__id__C)
                  0000750a    00000002     hello_pem4f.oem4f (.const:ti_sysbios_heaps_HeapMem_Module__id__C)
                  0000750c    00000002     hello_pem4f.oem4f (.const:ti_sysbios_knl_Clock_Module__id__C)
                  0000750e    00000002     hello_pem4f.oem4f (.const:ti_sysbios_knl_Clock_Module__loggerDefined__C)
                  00007510    00000002     hello_pem4f.oem4f (.const:ti_sysbios_knl_Semaphore_Module__id__C)
                  00007512    00000002     hello_pem4f.oem4f (.const:ti_sysbios_knl_Semaphore_Module__loggerDefined__C)
                  00007514    00000002     hello_pem4f.oem4f (.const:ti_sysbios_knl_Swi_Module__id__C)
                  00007516    00000002     hello_pem4f.oem4f (.const:ti_sysbios_knl_Swi_Module__loggerDefined__C)
                  00007518    00000002     hello_pem4f.oem4f (.const:ti_sysbios_knl_Task_Module__id__C)
                  0000751a    00000002     hello_pem4f.oem4f (.const:ti_sysbios_knl_Task_Module__loggerDefined__C)
                  0000751c    00000002     hello_pem4f.oem4f (.const:ti_sysbios_knl_Task_initStackFlag__C)
                  0000751e    00000002     hello_pem4f.oem4f (.const:xdc_runtime_Core_Module__id__C)
                  00007520    00000002     hello_pem4f.oem4f (.const:xdc_runtime_Error_Module__loggerDefined__C)
                  00007522    00000002     hello_pem4f.oem4f (.const:xdc_runtime_Error_maxDepth__C)
                  00007524    00000002     hello_pem4f.oem4f (.const:xdc_runtime_LoggerBuf_Module__id__C)
                  00007526    00000002     hello_pem4f.oem4f (.const:xdc_runtime_LoggerBuf_filterByLevel__C)
                  00007528    00000002     hello_pem4f.oem4f (.const:xdc_runtime_Memory_Module__id__C)
                  0000752a    00000002     hello_pem4f.oem4f (.const:xdc_runtime_SysMin_flushAtExit__C)
                  0000752c    00000002     hello_pem4f.oem4f (.const:xdc_runtime_Text_charCnt__C)
                  0000752e    00000002     hello_pem4f.oem4f (.const:xdc_runtime_Text_isLoaded__C)
                  00007530    00000002     hello_pem4f.oem4f (.const:xdc_runtime_Text_registryModsLastId__C)
                  00007532    00000002     hello_pem4f.oem4f (.const:xdc_runtime_Text_unnamedModsLastId__C)

.cinit     0    00007538    00000230     
                  00007538    000001f7     (.cinit..data.load) [load image, compression = lzss]
                  0000772f    00000001     --HOLE-- [fill = 0]
                  00007730    0000000c     (__TI_handler_table)
                  0000773c    00000004     --HOLE-- [fill = 0]
                  00007740    00000008     (.cinit..bss.load) [load image, compression = zero_init]
                  00007748    00000008     (.cinit..vecs.load) [load image, compression = zero_init]
                  00007750    00000018     (__TI_cinit_table)

.init_array 
*          0    00000000    00000000     UNINITIALIZED

.vecs      0    20000000    00000360     UNINITIALIZED
                  20000000    00000360     hello_pem4f.oem4f (.vecs)

.bss       0    20000360    00001688     UNINITIALIZED
                  20000360    00000800     hello_pem4f.oem4f (.bss:taskStackSection)
                  20000b60    00000400     (.common:ti_sysbios_heaps_HeapMem_Instance_State_0_buf__A)
                  20000f60    00000400     (.common:xdc_runtime_LoggerBuf_Instance_State_0_entryArr__A)
                  20001360    00000360     (.common:ti_sysbios_family_arm_m3_Hwi_dispatchTable)
                  200016c0    00000200     (.common:xdc_runtime_SysMin_Module_State_0_outbuf__A)
                  200018c0    00000120     rtsv7M4_T_le_v4SPD16_eabi.lib : trgmsg.obj (.bss:_CIOBUF_)
                  200019e0    00000008     (.common:parmbuf)

.data      0    200019e8    00000492     UNINITIALIZED
                  200019e8    00000080     hello_pem4f.oem4f (.data:ti_sysbios_family_arm_lm4_Timer_Object__table__V)
                  20001a68    00000080     hello_pem4f.oem4f (.data:ti_sysbios_knl_Swi_Module_State_0_readyQ__A)
                  20001ae8    00000080     hello_pem4f.oem4f (.data:ti_sysbios_knl_Task_Module_State_0_readyQ__A)
                  20001b68    0000004c     hello_pem4f.oem4f (.data:ti_sysbios_knl_Task_Object__table__V)
                  20001bb4    00000044     hello_pem4f.oem4f (.data:ti_sysbios_knl_Task_Module__state__V)
                  20001bf8    00000040     hello_pem4f.oem4f (.data:ti_sysbios_family_arm_lm4_Timer_Module_State_0_device__A)
                  20001c38    00000038     hello_pem4f.oem4f (.data:ti_sysbios_gates_GateMutex_Object__table__V)
                  20001c70    00000034     hello_pem4f.oem4f (.data:ti_sysbios_family_arm_m3_Hwi_Module__state__V)
                  20001ca4    00000030     hello_pem4f.oem4f (.data:ti_sysbios_family_arm_m3_Hwi_Object__table__V)
                  20001cd4    00000030     hello_pem4f.oem4f (.data:ti_sysbios_knl_Swi_Object__table__V)
                  20001d04    0000002c     hello_pem4f.oem4f (.data:ti_sysbios_knl_Clock_Module__state__V)
                  20001d30    00000024     hello_pem4f.oem4f (.data:ti_sysbios_BIOS_Module__state__V)
                  20001d54    00000024     hello_pem4f.oem4f (.data:xdc_runtime_LoggerBuf_Object__table__V)
                  20001d78    00000020     hello_pem4f.oem4f (.data:ti_sysbios_family_arm_lm4_Timer_Module_State_0_handles__A)
                  20001d98    0000001c     hello_pem4f.oem4f (.data:ti_sysbios_knl_Swi_Module__state__V)
                  20001db4    00000018     hello_pem4f.oem4f (.data:ti_sysbios_heaps_HeapMem_Object__table__V)
                  20001dcc    00000010     hello_pem4f.oem4f (.data:xdc_runtime_System_Module_State_0_atexitHandlers__A)
                  20001ddc    0000000c     rtsv7M4_T_le_v4SPD16_eabi.lib : exit.obj (.data:$O1$$)
                  20001de8    0000000c     hello_pem4f.oem4f (.data:ti_sysbios_family_arm_lm4_Timer_Module__state__V)
                  20001df4    0000000c     hello_pem4f.oem4f (.data:xdc_runtime_SysMin_Module__state__V)
                  20001e00    00000008     rtsv7M4_T_le_v4SPD16_eabi.lib : _lock.obj (.data:$O1$$)
                  20001e08    00000008     hello_pem4f.oem4f (.data:ti_sysbios_family_arm_lm4_TimestampProvider_Module__state__V)
                  20001e10    00000008     hello_pem4f.oem4f (.data:ti_sysbios_gates_GateHwi_Module__root__V)
                  20001e18    00000008     hello_pem4f.oem4f (.data:ti_sysbios_gates_GateMutex_Module__root__V)
                  20001e20    00000008     hello_pem4f.oem4f (.data:ti_sysbios_heaps_HeapMem_Module__root__V)
                  20001e28    00000008     hello_pem4f.oem4f (.data:ti_sysbios_knl_Queue_Module__root__V)
                  20001e30    00000008     hello_pem4f.oem4f (.data:ti_sysbios_knl_Semaphore_Module__root__V)
                  20001e38    00000008     hello_pem4f.oem4f (.data:xdc_runtime_LoggerBuf_Module__root__V)
                  20001e40    00000008     hello_pem4f.oem4f (.data:xdc_runtime_Registry_Module__state__V)
                  20001e48    00000008     hello_pem4f.oem4f (.data:xdc_runtime_Startup_Module__state__V)
                  20001e50    00000008     hello_pem4f.oem4f (.data:xdc_runtime_System_Module__state__V)
                  20001e58    00000006     hello_pem4f.oem4f (.data:xdc_runtime_LoggerBuf_Module__state__V)
                  20001e5e    00000002     hello_pem4f.oem4f (.data:ti_sysbios_family_arm_m3_Hwi_Module_State_0_excActive__A)
                  20001e60    00000004     rtsv7M4_T_le_v4SPD16_eabi.lib : stkdepth_vars.obj (.data)
                  20001e64    00000004     hello_pem4f.oem4f (.data:ti_sysbios_family_arm_m3_Hwi_Module_State_0_excContext__A)
                  20001e68    00000004     hello_pem4f.oem4f (.data:ti_sysbios_family_arm_m3_Hwi_Module_State_0_excStack__A)
                  20001e6c    00000004     hello_pem4f.oem4f (.data:ti_sysbios_gates_GateHwi_Object__table__V)
                  20001e70    00000004     hello_pem4f.oem4f (.data:ti_sysbios_knl_Task_Module_State_0_idleTask__A)
                  20001e74    00000004     hello_pem4f.oem4f (.data:xdc_runtime_Memory_Module__state__V)
                  20001e78    00000002     hello_pem4f.oem4f (.data:xdc_runtime_Error_Module__state__V)

.stack     0    20001e7c    00000300     UNINITIALIZED
                  20001e7c    00000300     --HOLE--

.bootVecs 
*          0    00000000    00000008     DSECT
                  00000000    00000008     boot.aem4f : boot.oem4f (.bootVecs)

xdc.meta   0    00000000    000000ee     COPY SECTION
                  00000000    000000ee     hello_pem4f.oem4f (xdc.meta)

MODULE SUMMARY

       Module                     code    ro data   rw data
       ------                     ----    -------   -------
    .\
       EK_TM4C1294XL.obj          184     0         0      
       hello.obj                  38      0         0      
    +--+--------------------------+-------+---------+---------+
       Total:                     222     0         0      
                                                           
    C:\Users\mfathy\workspace_v9_2\hello_EK_TM4C1294XL_TI\Debug\configPkg\package\cfg\
       hello_pem4f.oem4f          1632    7767      7482   
    +--+--------------------------+-------+---------+---------+
       Total:                     1632    7767      7482   
                                                           
    C:/ti/tirtos_tivac_2_14_04_31/products/TivaWare_C_Series-2.1.1.71b/driverlib/ccs/Debug/driverlib.lib
       sysctl.obj                 52      0         0      
    +--+--------------------------+-------+---------+---------+
       Total:                     52      0         0      
                                                           
    C:\Users\mfathy\workspace_v9_2\hello_EK_TM4C1294XL_TI\src\sysbios\sysbios.aem4f
       BIOS.obj                   12042   0         0      
       m3_Hwi_asm.obj             314     0         0      
       m3_TaskSupport_asm.obj     180     0         0      
       m3_Hwi_asm_switch.obj      118     0         0      
    +--+--------------------------+-------+---------+---------+
       Total:                     12654   0         0      
                                                           
    C:\ti\ti-cgt-arm_16.9.4.LTS\lib\rtsv7M4_T_le_v4SPD16_eabi.lib
       trgmsg.obj                 104     0         288    
       memcpy_t2.obj              156     0         0      
       memset_t2.obj              122     0         0      
       copy_decompress_lzss.obj   104     0         0      
       exit.obj                   84      0         12     
       hostwrite.obj              88      0         0      
       cpy_tbl.obj                76      0         0      
       u_divt2.obj                64      0         0      
       _lock.obj                  20      0         8      
       args_main.obj              24      0         0      
       strlen.obj                 20      0         0      
       copy_decompress_none.obj   14      0         0      
       copy_zero_init.obj         12      0         0      
       hostopen.obj               0       0         8      
       stkdepth_vars.obj          0       0         4      
       i_div0.obj                 2       0         0      
    +--+--------------------------+-------+---------+---------+
       Total:                     890     0         320    
                                                           
    C:\ti\tirtos_tivac_2_14_04_31\products\bios_6_42_03_35\packages\ti\catalog\arm\cortexm4\tiva\ce\lib\Boot.aem4f
       Boot_sysctl.oem4f          628     452       0      
       Boot.oem4f                 152     0         0      
    +--+--------------------------+-------+---------+---------+
       Total:                     780     452       0      
                                                           
    C:\ti\tirtos_tivac_2_14_04_31\products\bios_6_42_03_35\packages\ti\targets\arm\rtsarm\lib\auto_init.aem4f
       auto_init.oem4f            160     0         0      
    +--+--------------------------+-------+---------+---------+
       Total:                     160     0         0      
                                                           
    C:\ti\tirtos_tivac_2_14_04_31\products\bios_6_42_03_35\packages\ti\targets\arm\rtsarm\lib\boot.aem4f
       boot.oem4f                 88      0         0      
    +--+--------------------------+-------+---------+---------+
       Total:                     88      0         0      
                                                           
    C:\ti\tirtos_tivac_2_14_04_31\products\bios_6_42_03_35\packages\ti\targets\arm\rtsarm\lib\ti.targets.arm.rtsarm.aem4f
       System.oem4f               1246    17        0      
       LoggerBuf.oem4f            1084    0         0      
       Text.oem4f                 672     0         0      
       Error.oem4f                524     0         0      
       Core-mem.oem4f             358     0         0      
       Startup.oem4f              328     0         0      
       SysMin.oem4f               248     0         0      
       Core-smem.oem4f            204     0         0      
       Memory.oem4f               176     0         0      
       Assert.oem4f               84      0         0      
       Core-params.oem4f          70      0         0      
       Core-label.oem4f           52      0         0      
       Registry.oem4f             32      0         0      
       Gate.oem4f                 28      0         0      
    +--+--------------------------+-------+---------+---------+
       Total:                     5106    17        0      
                                                           
       Stack:                     0       0         768    
       Linker Generated:          0       555       0      
    +--+--------------------------+-------+---------+---------+
       Grand Total:               21584   8791      8570   


LINKER GENERATED COPY TABLES

__TI_cinit_table @ 00007750 records: 3, size/record: 8, table size: 24
	.data: load addr=00007538, load size=000001f7 bytes, run addr=200019e8, run size=00000492 bytes, compression=lzss
	.bss: load addr=00007740, load size=00000008 bytes, run addr=20000360, run size=00001688 bytes, compression=zero_init
	.vecs: load addr=00007748, load size=00000008 bytes, run addr=20000000, run size=00000360 bytes, compression=zero_init


LINKER GENERATED HANDLER TABLE

__TI_handler_table @ 00007730 records: 3, size/record: 4, table size: 12
	index: 0, handler: __TI_decompress_lzss
	index: 1, handler: __TI_decompress_none
	index: 2, handler: __TI_zero_init


GLOBAL SYMBOLS: SORTED ALPHABETICALLY BY Name 

address   name                                                                 
-------   ----                                                                 
00003f65  C$$EXIT                                                              
00003abb  C$$IO$$                                                              
00002b5d  EK_TM4C1294XL_initGeneral                                            
00003eb5  HOSTwrite                                                            
00004ee9  LoggerBuf_instanceStartup                                            
UNDEFED   SHT$$INIT_ARRAY$$Base                                                
UNDEFED   SHT$$INIT_ARRAY$$Limit                                               
000047e9  SysCtlPeripheralEnable                                               
20001b68  TSK_idle                                                             
00000000  __ASM__                                                              
200018c0  __CIOBUF_                                                            
0000006c  __ISA__                                                              
0000007f  __PLAT__                                                             
2000217c  __STACK_END                                                          
00000300  __STACK_SIZE                                                         
2000207c  __STACK_TOP                                                          
000000a0  __TARG__                                                             
00007750  __TI_CINIT_Base                                                      
00007768  __TI_CINIT_Limit                                                     
00007730  __TI_Handler_Table_Base                                              
0000773c  __TI_Handler_Table_Limit                                             
000030e1  __TI_auto_init                                                       
20001ddc  __TI_cleanup_ptr                                                     
00003a25  __TI_decompress_lzss                                                 
000053f9  __TI_decompress_none                                                 
20001de0  __TI_dtors_ptr                                                       
20001de4  __TI_enable_exit_profile_output                                      
ffffffff  __TI_pprof_out_hndl                                                  
ffffffff  __TI_prof_data_size                                                  
ffffffff  __TI_prof_data_start                                                 
00003abf  __TI_readmsg                                                         
00007538  __TI_static_base__                                                   
00003a8d  __TI_writemsg                                                        
00005427  __TI_zero_init                                                       
000000c6  __TRDR__                                                             
00002e35  __aeabi_idiv0                                                        
0000377d  __aeabi_memclr                                                       
0000377d  __aeabi_memclr4                                                      
0000377d  __aeabi_memclr8                                                      
00003221  __aeabi_memcpy                                                       
00003221  __aeabi_memcpy4                                                      
00003221  __aeabi_memcpy8                                                      
0000377f  __aeabi_memset                                                       
0000377f  __aeabi_memset4                                                      
0000377f  __aeabi_memset8                                                      
0000454d  __aeabi_uidiv                                                        
0000454d  __aeabi_uidivmod                                                     
ffffffff  __binit__                                                            
ffffffff  __c_args__                                                           
20001e7c  __stack                                                              
00005119  _args_main                                                           
00003e5d  _c_int00                                                             
20001e00  _lock                                                                
00005217  _nop                                                                 
0000520f  _register_lock                                                       
00005209  _register_unlock                                                     
20001e04  _unlock                                                              
00003f69  abort                                                                
ffffffff  binit                                                                
00004151  copy_in                                                              
00003f71  exit                                                                 
00004be9  main                                                                 
20001e60  main_func_sp                                                         
00003221  memcpy                                                               
00003785  memset                                                               
200019e0  parmbuf                                                              
0000521d  strlen                                                               
000072d0  ti_catalog_arm_cortexm4_tiva_ce_Boot_A_mustNotUseEnhancedClockMode__C
000072d4  ti_catalog_arm_cortexm4_tiva_ce_Boot_Module__diagsEnabled__C         
000072d8  ti_catalog_arm_cortexm4_tiva_ce_Boot_Module__diagsIncluded__C        
000072dc  ti_catalog_arm_cortexm4_tiva_ce_Boot_Module__diagsMask__C            
000072a6  ti_catalog_arm_cortexm4_tiva_ce_Boot_Module__id__C                   
000052f5  ti_catalog_arm_cortexm4_tiva_ce_Boot_init__I                         
00000f71  ti_catalog_arm_cortexm4_tiva_ce_Boot_sysCtlClockFreqSetI__I          
00003495  ti_catalog_arm_cortexm4_tiva_ce_Boot_sysCtlClockFreqSet__E           
20001d30  ti_sysbios_BIOS_Module__state__V                                     
00005061  ti_sysbios_BIOS_RtsGateProxy_Handle__label__S                        
00004ced  ti_sysbios_BIOS_RtsGateProxy_Object__delete__S                       
000007bd  ti_sysbios_BIOS_RtsGateProxy_enter__E                                
00000ad5  ti_sysbios_BIOS_RtsGateProxy_leave__E                                
00005531  ti_sysbios_BIOS_RtsGateProxy_query__E                                
00004965  ti_sysbios_BIOS_atExitFunc__I                                        
00004c5d  ti_sysbios_BIOS_errorRaiseHook__I                                    
000051f1  ti_sysbios_BIOS_exitFunc__I                                          
00005309  ti_sysbios_BIOS_exit__E                                              
00002e37  ti_sysbios_BIOS_nullFunc__I                                          
00004c81  ti_sysbios_BIOS_registerRTSLock__I                                   
00004ca5  ti_sysbios_BIOS_removeRTSLock__I                                     
00004de5  ti_sysbios_BIOS_rtsLock__I                                           
00005131  ti_sysbios_BIOS_rtsUnlock__I                                         
00005319  ti_sysbios_BIOS_setThreadType__E                                     
00004cc9  ti_sysbios_BIOS_startFunc__I                                         
20001bf8  ti_sysbios_family_arm_lm4_Timer_Module_State_0_device__A             
20001d78  ti_sysbios_family_arm_lm4_Timer_Module_State_0_handles__A            
00005149  ti_sysbios_family_arm_lm4_Timer_Module__startupDone__F               
00005149  ti_sysbios_family_arm_lm4_Timer_Module__startupDone__S               
20001de8  ti_sysbios_family_arm_lm4_Timer_Module__state__V                     
00003b61  ti_sysbios_family_arm_lm4_Timer_Module_startup__E                    
200019e8  ti_sysbios_family_arm_lm4_Timer_Object__table__V                     
000072e0  ti_sysbios_family_arm_lm4_Timer_enableFunc__C                        
00002ee9  ti_sysbios_family_arm_lm4_Timer_enableTimers__I                      
00002d89  ti_sysbios_family_arm_lm4_Timer_enableTiva__I                        
00005439  ti_sysbios_family_arm_lm4_Timer_getMaxTicks__E                       
00005521  ti_sysbios_family_arm_lm4_Timer_getPeriod__E                         
00003c29  ti_sysbios_family_arm_lm4_Timer_isrStub__E                           
000054d9  ti_sysbios_family_arm_lm4_Timer_masterDisable__I                     
00001175  ti_sysbios_family_arm_lm4_Timer_masterEnable__I                      
000072e4  ti_sysbios_family_arm_lm4_Timer_numTimerDevices__C                   
00001f61  ti_sysbios_family_arm_lm4_Timer_start__E                             
000072e8  ti_sysbios_family_arm_lm4_Timer_startupNeeded__C                     
00004591  ti_sysbios_family_arm_lm4_Timer_startup__E                           
000043b1  ti_sysbios_family_arm_lm4_Timer_stop__E                              
00004d81  ti_sysbios_family_arm_lm4_Timer_write__I                             
20001e08  ti_sysbios_family_arm_lm4_TimestampProvider_Module__state__V         
000054f1  ti_sysbios_family_arm_lm4_TimestampProvider_Module_startup__E        
00001379  ti_sysbios_family_arm_lm4_TimestampProvider_get64__E                 
00005329  ti_sysbios_family_arm_lm4_TimestampProvider_rolloverFunc__E          
00005449  ti_sysbios_family_arm_lm4_TimestampProvider_startTimer__E            
00007500  ti_sysbios_family_arm_lm4_TimestampProvider_useClockTimer__C         
000072ec  ti_sysbios_family_arm_m3_Hwi_E_NMI__C                                
000072f0  ti_sysbios_family_arm_m3_Hwi_E_busFault__C                           
000072f4  ti_sysbios_family_arm_m3_Hwi_E_debugMon__C                           
000072f8  ti_sysbios_family_arm_m3_Hwi_E_hardFault__C                          
000072fc  ti_sysbios_family_arm_m3_Hwi_E_memFault__C                           
00007300  ti_sysbios_family_arm_m3_Hwi_E_noIsr__C                              
00007304  ti_sysbios_family_arm_m3_Hwi_E_reserved__C                           
00007308  ti_sysbios_family_arm_m3_Hwi_E_svCall__C                             
0000730c  ti_sysbios_family_arm_m3_Hwi_E_usageFault__C                         
0000502d  ti_sysbios_family_arm_m3_Hwi_Handle__label__S                        
00007310  ti_sysbios_family_arm_m3_Hwi_LD_end__C                               
00007314  ti_sysbios_family_arm_m3_Hwi_LM_begin__C                             
20001e5e  ti_sysbios_family_arm_m3_Hwi_Module_State_0_excActive__A             
20001e64  ti_sysbios_family_arm_m3_Hwi_Module_State_0_excContext__A            
20001e68  ti_sysbios_family_arm_m3_Hwi_Module_State_0_excStack__A              
00007318  ti_sysbios_family_arm_m3_Hwi_Module__diagsEnabled__C                 
0000731c  ti_sysbios_family_arm_m3_Hwi_Module__diagsIncluded__C                
00007320  ti_sysbios_family_arm_m3_Hwi_Module__diagsMask__C                    
00007502  ti_sysbios_family_arm_m3_Hwi_Module__id__C                           
00007504  ti_sysbios_family_arm_m3_Hwi_Module__loggerDefined__C                
00007324  ti_sysbios_family_arm_m3_Hwi_Module__loggerFxn1__C                   
00007328  ti_sysbios_family_arm_m3_Hwi_Module__loggerFxn8__C                   
[...]
000071c4  ti_sysbios_knl_Queue_Object__DESC__C                                 
000071e4  ti_sysbios_knl_Semaphore_Object__DESC__C                             
00007204  xdc_runtime_LoggerBuf_Object__DESC__C                                
00007224  ti_sysbios_gates_GateHwi_Object__PARAMS__C                           
0000723c  ti_sysbios_gates_GateMutex_Object__PARAMS__C                         
00007254  ti_sysbios_knl_Queue_Object__PARAMS__C                               
0000726c  xdc_runtime_Startup_firstFxns__A                                     
00007280  xdc_runtime_Startup_sfxnRts__A                                       
000072a5  xdc_runtime_Error_policy__C                                          
000072a6  ti_catalog_arm_cortexm4_tiva_ce_Boot_Module__id__C                   
000072b0  ti_sysbios_family_arm_m3_Hwi_excHookFuncs__A                         
000072b8  ti_sysbios_knl_Idle_funcList__C                                      
000072c0  xdc_runtime_Startup_firstFxns__C                                     
000072c8  xdc_runtime_Startup_lastFxns__C                                      
000072d0  ti_catalog_arm_cortexm4_tiva_ce_Boot_A_mustNotUseEnhancedClockMode__C
000072d4  ti_catalog_arm_cortexm4_tiva_ce_Boot_Module__diagsEnabled__C         
000072d8  ti_catalog_arm_cortexm4_tiva_ce_Boot_Module__diagsIncluded__C        
000072dc  ti_catalog_arm_cortexm4_tiva_ce_Boot_Module__diagsMask__C            
000072e0  ti_sysbios_family_arm_lm4_Timer_enableFunc__C                        
000072e4  ti_sysbios_family_arm_lm4_Timer_numTimerDevices__C                   
000072e8  ti_sysbios_family_arm_lm4_Timer_startupNeeded__C                     
000072ec  ti_sysbios_family_arm_m3_Hwi_E_NMI__C                                
000072f0  ti_sysbios_family_arm_m3_Hwi_E_busFault__C                           
000072f4  ti_sysbios_family_arm_m3_Hwi_E_debugMon__C                           
000072f8  ti_sysbios_family_arm_m3_Hwi_E_hardFault__C                          
000072fc  ti_sysbios_family_arm_m3_Hwi_E_memFault__C                           
00007300  ti_sysbios_family_arm_m3_Hwi_E_noIsr__C                              
00007304  ti_sysbios_family_arm_m3_Hwi_E_reserved__C                           
00007308  ti_sysbios_family_arm_m3_Hwi_E_svCall__C                             
0000730c  ti_sysbios_family_arm_m3_Hwi_E_usageFault__C                         
00007310  ti_sysbios_family_arm_m3_Hwi_LD_end__C                               
00007314  ti_sysbios_family_arm_m3_Hwi_LM_begin__C                             
00007318  ti_sysbios_family_arm_m3_Hwi_Module__diagsEnabled__C                 
0000731c  ti_sysbios_family_arm_m3_Hwi_Module__diagsIncluded__C                
00007320  ti_sysbios_family_arm_m3_Hwi_Module__diagsMask__C                    
00007324  ti_sysbios_family_arm_m3_Hwi_Module__loggerFxn1__C                   
00007328  ti_sysbios_family_arm_m3_Hwi_Module__loggerFxn8__C                   
0000732c  ti_sysbios_family_arm_m3_Hwi_Module__loggerObj__C                    
00007330  ti_sysbios_family_arm_m3_Hwi_NUM_INTERRUPTS__C                       
00007334  ti_sysbios_family_arm_m3_Hwi_Object__count__C                        
00007338  ti_sysbios_family_arm_m3_Hwi_ccr__C                                  
0000733c  ti_sysbios_family_arm_m3_Hwi_excHandlerFunc__C                       
00007340  ti_sysbios_family_arm_m3_Hwi_excHookFuncs__C                         
00007344  ti_sysbios_family_arm_m3_Hwi_nullIsrFunc__C                          
00007348  ti_sysbios_family_arm_m3_Hwi_priGroup__C                             
0000734c  ti_sysbios_gates_GateMutex_A_badContext__C                           
00007350  ti_sysbios_gates_GateMutex_Instance_State_sem__O                     
00007354  ti_sysbios_gates_GateMutex_Module__diagsEnabled__C                   
00007358  ti_sysbios_gates_GateMutex_Module__diagsIncluded__C                  
0000735c  ti_sysbios_gates_GateMutex_Module__diagsMask__C                      
00007360  ti_sysbios_hal_Hwi_E_stackOverflow__C                                
00007364  ti_sysbios_heaps_HeapMem_A_align__C                                  
00007368  ti_sysbios_heaps_HeapMem_A_heapSize__C                               
0000736c  ti_sysbios_heaps_HeapMem_A_invalidFree__C                            
00007370  ti_sysbios_heaps_HeapMem_A_zeroBlock__C                              
00007374  ti_sysbios_heaps_HeapMem_E_memory__C                                 
00007378  ti_sysbios_heaps_HeapMem_Module__diagsEnabled__C                     
0000737c  ti_sysbios_heaps_HeapMem_Module__diagsIncluded__C                    
00007380  ti_sysbios_heaps_HeapMem_Module__diagsMask__C                        
00007384  ti_sysbios_heaps_HeapMem_Module__gateObj__C                          
00007388  ti_sysbios_heaps_HeapMem_Object__count__C                            
0000738c  ti_sysbios_heaps_HeapMem_reqAlign__C                                 
00007390  ti_sysbios_knl_Clock_LM_begin__C                                     
00007394  ti_sysbios_knl_Clock_LM_tick__C                                      
00007398  ti_sysbios_knl_Clock_LW_delayed__C                                   
0000739c  ti_sysbios_knl_Clock_Module_State_clockQ__O                          
000073a0  ti_sysbios_knl_Clock_Module__diagsEnabled__C                         
000073a4  ti_sysbios_knl_Clock_Module__diagsIncluded__C                        
000073a8  ti_sysbios_knl_Clock_Module__diagsMask__C                            
000073ac  ti_sysbios_knl_Clock_Module__loggerFxn1__C                           
000073b0  ti_sysbios_knl_Clock_Module__loggerFxn2__C                           
000073b4  ti_sysbios_knl_Clock_Module__loggerObj__C                            
000073b8  ti_sysbios_knl_Idle_funcList__A                                      
000073bc  ti_sysbios_knl_Semaphore_A_badContext__C                             
000073c0  ti_sysbios_knl_Semaphore_A_noEvents__C                               
000073c4  ti_sysbios_knl_Semaphore_A_overflow__C                               
000073c8  ti_sysbios_knl_Semaphore_A_pendTaskDisabled__C                       
000073cc  ti_sysbios_knl_Semaphore_Instance_State_pendQ__O                     
000073d0  ti_sysbios_knl_Semaphore_LM_pend__C                                  
000073d4  ti_sysbios_knl_Semaphore_LM_post__C                                  
000073d8  ti_sysbios_knl_Semaphore_Module__diagsEnabled__C                     
000073dc  ti_sysbios_knl_Semaphore_Module__diagsIncluded__C                    
000073e0  ti_sysbios_knl_Semaphore_Module__diagsMask__C                        
000073e4  ti_sysbios_knl_Semaphore_Module__loggerFxn2__C                       
000073e8  ti_sysbios_knl_Semaphore_Module__loggerFxn4__C                       
000073ec  ti_sysbios_knl_Semaphore_Module__loggerObj__C                        
000073f0  ti_sysbios_knl_Swi_LD_end__C                                         
000073f4  ti_sysbios_knl_Swi_LM_begin__C                                       
000073f8  ti_sysbios_knl_Swi_LM_post__C                                        
000073fc  ti_sysbios_knl_Swi_Module__diagsEnabled__C                           
00007400  ti_sysbios_knl_Swi_Module__diagsIncluded__C                          
00007404  ti_sysbios_knl_Swi_Module__diagsMask__C                              
00007408  ti_sysbios_knl_Swi_Module__loggerFxn1__C                             
0000740c  ti_sysbios_knl_Swi_Module__loggerFxn4__C                             
00007410  ti_sysbios_knl_Swi_Module__loggerObj__C                              
00007414  ti_sysbios_knl_Swi_Object__count__C                                  
00007418  ti_sysbios_knl_Task_E_spOutOfBounds__C                               
0000741c  ti_sysbios_knl_Task_E_stackOverflow__C                               
00007420  ti_sysbios_knl_Task_LD_block__C                                      
00007424  ti_sysbios_knl_Task_LD_exit__C                                       
00007428  ti_sysbios_knl_Task_LD_ready__C                                      
0000742c  ti_sysbios_knl_Task_LM_switch__C                                     
00007430  ti_sysbios_knl_Task_Module_State_inactiveQ__O                        
00007434  ti_sysbios_knl_Task_Module__diagsEnabled__C                          
00007438  ti_sysbios_knl_Task_Module__diagsIncluded__C                         
0000743c  ti_sysbios_knl_Task_Module__diagsMask__C                             
00007440  ti_sysbios_knl_Task_Module__loggerFxn2__C                            
00007444  ti_sysbios_knl_Task_Module__loggerFxn4__C                            
00007448  ti_sysbios_knl_Task_Module__loggerObj__C                             
0000744c  ti_sysbios_knl_Task_Object__count__C                                 
00007450  ti_sysbios_knl_Task_allBlockedFunc__C                                
00007454  ti_sysbios_knl_Task_numConstructedTasks__C                           
00007458  xdc_runtime_Assert_E_assertFailed__C                                 
0000745c  xdc_runtime_Core_A_initializedParams__C                              
00007460  xdc_runtime_Core_Module__diagsEnabled__C                             
00007464  xdc_runtime_Core_Module__diagsIncluded__C                            
00007468  xdc_runtime_Core_Module__diagsMask__C                                
0000746c  xdc_runtime_Error_E_memory__C                                        
00007470  xdc_runtime_Error_Module__diagsEnabled__C                            
00007474  xdc_runtime_Error_Module__diagsIncluded__C                           
00007478  xdc_runtime_Error_Module__diagsMask__C                               
0000747c  xdc_runtime_Error_Module__loggerFxn8__C                              
00007480  xdc_runtime_Error_Module__loggerObj__C                               
00007484  xdc_runtime_Error_policyFxn__C                                       
00007488  xdc_runtime_Error_raiseHook__C                                       
0000748c  xdc_runtime_IFilterLogger_Interface__BASE__C                         
00007490  xdc_runtime_IGateProvider_Interface__BASE__C                         
00007494  xdc_runtime_IHeap_Interface__BASE__C                                 
00007498  xdc_runtime_ILogger_Interface__BASE__C                               
0000749c  xdc_runtime_IModule_Interface__BASE__C                               
000074a0  xdc_runtime_Log_L_error__C                                           
000074a4  xdc_runtime_LoggerBuf_E_badLevel__C                                  
000074a8  xdc_runtime_LoggerBuf_Module__gateObj__C                             
000074ac  xdc_runtime_LoggerBuf_Object__count__C                               
000074b0  xdc_runtime_LoggerBuf_statusLogger__C                                
000074b4  xdc_runtime_Memory_defaultHeapInstance__C                            
000074b8  xdc_runtime_Startup_execImpl__C                                      
000074bc  xdc_runtime_Startup_lastFxns__A                                      
000074c0  xdc_runtime_Startup_maxPasses__C                                     
000074c4  xdc_runtime_Startup_sfxnRts__C                                       
000074c8  xdc_runtime_Startup_sfxnTab__C                                       
000074cc  xdc_runtime_SysMin_bufSize__C                                        
000074d0  xdc_runtime_SysMin_outputFunc__C                                     
000074d4  xdc_runtime_System_Module__gateObj__C                                
000074d8  xdc_runtime_System_abortFxn__C                                       
000074dc  xdc_runtime_System_exitFxn__C                                        
000074e0  xdc_runtime_System_extendFxn__C                                      
000074e4  xdc_runtime_System_maxAtexitHandlers__C                              
000074e8  xdc_runtime_Text_charTab__C                                          
000074ec  xdc_runtime_Text_nameEmpty__C                                        
000074f0  xdc_runtime_Text_nameStatic__C                                       
000074f4  xdc_runtime_Text_nameUnknown__C                                      
000074f8  xdc_runtime_Text_nodeTab__C                                          
000074fc  xdc_runtime_Text_visitRopeFxn__C                                     
00007500  ti_sysbios_family_arm_lm4_TimestampProvider_useClockTimer__C         
00007502  ti_sysbios_family_arm_m3_Hwi_Module__id__C                           
00007504  ti_sysbios_family_arm_m3_Hwi_Module__loggerDefined__C                
00007506  ti_sysbios_gates_GateMutex_Module__id__C                             
00007508  ti_sysbios_hal_Hwi_Module__id__C                                     
0000750a  ti_sysbios_heaps_HeapMem_Module__id__C                               
0000750c  ti_sysbios_knl_Clock_Module__id__C                                   
0000750e  ti_sysbios_knl_Clock_Module__loggerDefined__C                        
00007510  ti_sysbios_knl_Semaphore_Module__id__C                               
00007512  ti_sysbios_knl_Semaphore_Module__loggerDefined__C                    
00007514  ti_sysbios_knl_Swi_Module__id__C                                     
00007516  ti_sysbios_knl_Swi_Module__loggerDefined__C                          
00007518  ti_sysbios_knl_Task_Module__id__C                                    
0000751a  ti_sysbios_knl_Task_Module__loggerDefined__C                         
0000751c  ti_sysbios_knl_Task_initStackFlag__C                                 
0000751e  xdc_runtime_Core_Module__id__C                                       
00007520  xdc_runtime_Error_Module__loggerDefined__C                           
00007522  xdc_runtime_Error_maxDepth__C                                        
00007524  xdc_runtime_LoggerBuf_Module__id__C                                  
00007526  xdc_runtime_LoggerBuf_filterByLevel__C                               
00007528  xdc_runtime_Memory_Module__id__C                                     
0000752a  xdc_runtime_SysMin_flushAtExit__C                                    
0000752c  xdc_runtime_Text_charCnt__C                                          
0000752e  xdc_runtime_Text_isLoaded__C                                         
00007530  xdc_runtime_Text_registryModsLastId__C                               
00007532  xdc_runtime_Text_unnamedModsLastId__C                                
00007538  __TI_static_base__                                                   
00007730  __TI_Handler_Table_Base                                              
0000773c  __TI_Handler_Table_Limit                                             
00007750  __TI_CINIT_Base                                                      
00007768  __TI_CINIT_Limit                                                     
20000000  ti_sysbios_family_arm_m3_Hwi_ramVectors                              
20000360  ti_sysbios_knl_Task_Instance_State_0_stack__A                        
20000b60  ti_sysbios_heaps_HeapMem_Instance_State_0_buf__A                     
20000f60  xdc_runtime_LoggerBuf_Instance_State_0_entryArr__A                   
20001360  ti_sysbios_family_arm_m3_Hwi_dispatchTable                           
200016c0  xdc_runtime_SysMin_Module_State_0_outbuf__A                          
200018c0  __CIOBUF_                                                            
200019e0  parmbuf                                                              
200019e8  ti_sysbios_family_arm_lm4_Timer_Object__table__V                     
20001a68  ti_sysbios_knl_Swi_Module_State_0_readyQ__A                          
20001ae8  ti_sysbios_knl_Task_Module_State_0_readyQ__A                         
20001b68  TSK_idle                                                             
20001b68  ti_sysbios_knl_Task_Object__table__V                                 
20001bb4  ti_sysbios_knl_Task_Module__state__V                                 
20001bf8  ti_sysbios_family_arm_lm4_Timer_Module_State_0_device__A             
20001c38  ti_sysbios_gates_GateMutex_Object__table__V                          
20001c70  ti_sysbios_family_arm_m3_Hwi_Module__state__V                        
20001ca4  ti_sysbios_family_arm_m3_Hwi_Object__table__V                        
20001cd4  ti_sysbios_knl_Swi_Object__table__V                                  
20001d04  ti_sysbios_knl_Clock_Module__state__V                                
20001d30  ti_sysbios_BIOS_Module__state__V                                     
20001d54  xdc_runtime_LoggerBuf_Object__table__V                               
20001d78  ti_sysbios_family_arm_lm4_Timer_Module_State_0_handles__A            
20001d98  ti_sysbios_knl_Swi_Module__state__V                                  
20001db4  ti_sysbios_heaps_HeapMem_Object__table__V                            
20001dcc  xdc_runtime_System_Module_State_0_atexitHandlers__A                  
20001ddc  __TI_cleanup_ptr                                                     
20001de0  __TI_dtors_ptr                                                       
20001de4  __TI_enable_exit_profile_output                                      
20001de8  ti_sysbios_family_arm_lm4_Timer_Module__state__V                     
20001df4  xdc_runtime_SysMin_Module__state__V                                  
20001e00  _lock                                                                
20001e04  _unlock                                                              
20001e08  ti_sysbios_family_arm_lm4_TimestampProvider_Module__state__V         
20001e10  ti_sysbios_gates_GateHwi_Module__root__V                             
20001e18  ti_sysbios_gates_GateMutex_Module__root__V                           
20001e20  ti_sysbios_heaps_HeapMem_Module__root__V                             
20001e28  ti_sysbios_knl_Queue_Module__root__V                                 
20001e30  ti_sysbios_knl_Semaphore_Module__root__V                             
20001e38  xdc_runtime_LoggerBuf_Module__root__V                                
20001e40  xdc_runtime_Registry_Module__state__V                                
20001e48  xdc_runtime_Startup_Module__state__V                                 
20001e50  xdc_runtime_System_Module__state__V                                  
20001e58  xdc_runtime_LoggerBuf_Module__state__V                               
20001e5e  ti_sysbios_family_arm_m3_Hwi_Module_State_0_excActive__A             
20001e60  main_func_sp                                                         
20001e64  ti_sysbios_family_arm_m3_Hwi_Module_State_0_excContext__A            
20001e68  ti_sysbios_family_arm_m3_Hwi_Module_State_0_excStack__A              
20001e6c  ti_sysbios_gates_GateHwi_Object__table__V                            
20001e70  ti_sysbios_knl_Task_Module_State_0_idleTask__A                       
20001e74  xdc_runtime_Memory_Module__state__V                                  
20001e78  xdc_runtime_Error_Module__state__V                                   
20001e7c  __stack                                                              
2000207c  __STACK_TOP                                                          
2000217c  __STACK_END                                                          
e000e000  ti_sysbios_family_arm_m3_Hwi_nvic                                    
ffffffff  __TI_pprof_out_hndl                                                  
ffffffff  __TI_prof_data_size                                                  
ffffffff  __TI_prof_data_start                                                 
ffffffff  __binit__                                                            
ffffffff  __c_args__                                                           
ffffffff  binit                                                                
UNDEFED   SHT$$INIT_ARRAY$$Base                                                
UNDEFED   SHT$$INIT_ARRAY$$Limit                                               

[580 symbols]
