******************************************************************************
                  TI ARM Linker PC v18.12.3                    
******************************************************************************
>> Linked Sun Nov 24 13:57:57 2019

OUTPUT FILE NAME:   <timers.out>
ENTRY POINT SYMBOL: "_c_int00_noargs"  address: 00000aed


MEMORY CONFIGURATION

         name            origin    length      used     unused   attr    fill
----------------------  --------  ---------  --------  --------  ----  --------
  FLASH                 00000000   00100000  00000e3a  000ff1c6  R  X
  SRAM                  20000000   00040000  0000010d  0003fef3  RW X


SEGMENT ALLOCATION MAP

run origin  load origin   length   init length attrs members
----------  ----------- ---------- ----------- ----- -------
00000000    00000000    00000e40   00000e40    r-x
  00000000    00000000    00000200   00000200    r-- .intvecs
  00000200    00000200    0000099e   0000099e    r-x .text
  00000ba0    00000ba0    0000026c   0000026c    r-- .const
  00000e10    00000e10    00000030   00000030    r-- .cinit
20000000    20000000    0000010d   00000000    rw-
  20000000    20000000    00000100   00000000    rw- .stack
  20000100    20000100    00000008   00000000    rw- .bss
  20000108    20000108    00000005   00000000    rw- .data


SECTION ALLOCATION MAP

 output                                  attributes/
section   page    origin      length       input sections
--------  ----  ----------  ----------   ----------------
.intvecs   0    00000000    00000200     
                  00000000    00000200     startup_ccs.obj (.intvecs)

.text      0    00000200    0000099e     
                  00000200    00000200     driverlib.lib : sysctl.obj (.text:SysCtlClockFreqSet)
                  00000400    000001ee     uartstdio.obj (.text:UARTvprintf)
                  000005ee    00000002     startup_ccs.obj (.text:FaultISR)
                  000005f0    0000011c     timers.obj (.text:main)
                  0000070c    0000009c     rtsv7M4_T_le_v4SPD16_eabi.lib : memcpy_t2.asm.obj (.text)
                  000007a8    00000088     timers.obj (.text:Timer0IntHandler)
                  00000830    00000084     timers.obj (.text:Timer1IntHandler)
                  000008b4    00000068     rtsv7M4_T_le_v4SPD16_eabi.lib : copy_decompress_lzss.c.obj (.text:decompress:lzss:__TI_decompress_lzss)
                  0000091c    00000060     uartstdio.obj (.text:UARTStdioConfig)
                  0000097c    0000005c     timers.obj (.text:ConfigureUART)
                  000009d8    00000048     uartstdio.obj (.text:UARTwrite)
                  00000a20    00000048     driverlib.lib : sysctl.obj (.text:_SysCtlFrequencyGet)
                  00000a68    00000044     rtsv7M4_T_le_v4SPD16_eabi.lib : autoinit.c.obj (.text:__TI_auto_init_nobinit_nopinit:__TI_auto_init_nobinit_nopinit)
                  00000aac    00000040                                   : u_divt2.asm.obj (.text)
                  00000aec    00000034                                   : boot_cortex_m.c.obj (.text:_c_int00_noargs:_c_int00_noargs)
                  00000b20    00000020     driverlib.lib : sysctl.obj (.text:_SysCtlMemTimingGet)
                  00000b40    0000001c     rtsv7M4_T_le_v4SPD16_eabi.lib : copy_zero_init.c.obj (.text:decompress:ZI:__TI_zero_init_nomemset:__TI_zero_init_nomemset)
                  00000b5c    0000001a     uartstdio.obj (.text:UARTprintf)
                  00000b76    0000000e     rtsv7M4_T_le_v4SPD16_eabi.lib : copy_decompress_none.c.obj (.text:decompress:none:__TI_decompress_none)
                  00000b84    00000006     driverlib.lib : gpio.obj (.text:GPIOPinWrite)
                  00000b8a    00000006     startup_ccs.obj (.text:ResetISR)
                  00000b90    00000004     rtsv7M4_T_le_v4SPD16_eabi.lib : pre_init.c.obj (.text:_system_pre_init)
                  00000b94    00000004                                   : exit.c.obj (.text:abort:abort)
                  00000b98    00000002     startup_ccs.obj (.text:IntDefaultHandler)
                  00000b9a    00000002     startup_ccs.obj (.text:NmiSR)
                  00000b9c    00000002     rtsv7M4_T_le_v4SPD16_eabi.lib : div0.asm.obj (.text)

.const     0    00000ba0    0000026c     
                  00000ba0    000001b0     driverlib.lib : sysctl.obj (.const:g_pppui32XTALtoVCO)
                  00000d50    0000006c                   : sysctl.obj (.const:g_pui32Xtals)
                  00000dbc    00000030                   : sysctl.obj (.const:g_sXTALtoMEMTIM)
                  00000dec    0000000c     uartstdio.obj (.const:g_ui32UARTBase)
                  00000df8    0000000c     uartstdio.obj (.const:g_ui32UARTPeriph)
                  00000e04    00000008     driverlib.lib : sysctl.obj (.const)

.cinit     0    00000e10    00000030     
                  00000e10    0000000c     (__TI_handler_table)
                  00000e1c    00000004     --HOLE-- [fill = 0]
                  00000e20    00000008     (.cinit..bss.load) [load image, compression = zero_init]
                  00000e28    00000007     (.cinit..data.load) [load image, compression = lzss]
                  00000e2f    00000001     --HOLE-- [fill = 0]
                  00000e30    00000010     (__TI_cinit_table)

.init_array 
*          0    00000000    00000000     UNINITIALIZED

.bss       0    20000100    00000008     UNINITIALIZED
                  20000100    00000004     (.common:g_ui32Flags)
                  20000104    00000004     (.common:g_ui32SysClock)

.data      0    20000108    00000005     UNINITIALIZED
                  20000108    00000005     uartstdio.obj (.data)

.stack     0    20000000    00000100     UNINITIALIZED
                  20000000    00000004     rtsv7M4_T_le_v4SPD16_eabi.lib : boot_cortex_m.c.obj (.stack)
                  20000004    000000fc     --HOLE--

MODULE SUMMARY

       Module                       code   ro data   rw data
       ------                       ----   -------   -------
    .\
       timers.obj                   644    0         8      
       startup_ccs.obj              12     512       0      
    +--+----------------------------+------+---------+---------+
       Total:                       656    512       8      
                                                            
    .\utils\
       uartstdio.obj                688    24        5      
    +--+----------------------------+------+---------+---------+
       Total:                       688    24        5      
                                                            
    C:/ti/TivaWare_C_Series-2.1.4.178/driverlib/ccs/Debug/driverlib.lib
       sysctl.obj                   616    596       0      
       gpio.obj                     6      0         0      
    +--+----------------------------+------+---------+---------+
       Total:                       622    596       0      
                                                            
    C:\ti\ccs920\ccs\tools\compiler\ti-cgt-arm_18.12.3.LTS\lib\rtsv7M4_T_le_v4SPD16_eabi.lib
       memcpy_t2.asm.obj            156    0         0      
       copy_decompress_lzss.c.obj   104    0         0      
       autoinit.c.obj               68     0         0      
       u_divt2.asm.obj              64     0         0      
       boot_cortex_m.c.obj          52     0         0      
       copy_zero_init.c.obj         28     0         0      
       copy_decompress_none.c.obj   14     0         0      
       exit.c.obj                   4      0         0      
       pre_init.c.obj               4      0         0      
       div0.asm.obj                 2      0         0      
    +--+----------------------------+------+---------+---------+
       Total:                       496    0         0      
                                                            
       Stack:                       0      0         256    
       Linker Generated:            0      43        0      
    +--+----------------------------+------+---------+---------+
       Grand Total:                 2462   1175      269    


LINKER GENERATED COPY TABLES

__TI_cinit_table @ 00000e30 records: 2, size/record: 8, table size: 16
	.bss: load addr=00000e20, load size=00000008 bytes, run addr=20000100, run size=00000008 bytes, compression=zero_init
	.data: load addr=00000e28, load size=00000007 bytes, run addr=20000108, run size=00000005 bytes, compression=lzss


LINKER GENERATED HANDLER TABLE

__TI_handler_table @ 00000e10 records: 3, size/record: 4, table size: 12
	index: 0, handler: __TI_decompress_lzss
	index: 1, handler: __TI_decompress_none
	index: 2, handler: __TI_zero_init


GLOBAL SYMBOLS: SORTED ALPHABETICALLY BY Name 

address   name                          
-------   ----                          
00000b95  C$$EXIT                       
0000097d  ConfigureUART                 
00000b85  GPIOPinWrite                  
00000b8b  ResetISR                      
00000201  SysCtlClockFreqSet            
000007a9  Timer0IntHandler              
00000831  Timer1IntHandler              
0000091d  UARTStdioConfig               
00000b5d  UARTprintf                    
00000401  UARTvprintf                   
000009d9  UARTwrite                     
20000100  __STACK_END                   
00000100  __STACK_SIZE                  
20000100  __STACK_TOP                   
00000e30  __TI_CINIT_Base               
00000e40  __TI_CINIT_Limit              
00000e10  __TI_Handler_Table_Base       
00000e1c  __TI_Handler_Table_Limit      
00000a69  __TI_auto_init_nobinit_nopinit
000008b5  __TI_decompress_lzss          
00000b77  __TI_decompress_none          
ffffffff  __TI_pprof_out_hndl           
ffffffff  __TI_prof_data_size           
ffffffff  __TI_prof_data_start          
00000000  __TI_static_base__            
00000b41  __TI_zero_init_nomemset       
00000b9d  __aeabi_idiv0                 
00000b9d  __aeabi_ldiv0                 
0000070d  __aeabi_memcpy                
0000070d  __aeabi_memcpy4               
0000070d  __aeabi_memcpy8               
00000aad  __aeabi_uidiv                 
00000aad  __aeabi_uidivmod              
ffffffff  __binit__                     
ffffffff  __c_args__                    
UNDEFED   __mpu_init                    
20000000  __stack                       
00000aed  _c_int00_noargs               
UNDEFED   _system_post_cinit            
00000b91  _system_pre_init              
00000b95  abort                         
ffffffff  binit                         
00000000  g_pfnVectors                  
20000100  g_ui32Flags                   
20000104  g_ui32SysClock                
000005f1  main                          
0000070d  memcpy                        


GLOBAL SYMBOLS: SORTED BY Symbol Address 

address   name                          
-------   ----                          
00000000  __TI_static_base__            
00000000  g_pfnVectors                  
00000100  __STACK_SIZE                  
00000201  SysCtlClockFreqSet            
00000401  UARTvprintf                   
000005f1  main                          
0000070d  __aeabi_memcpy                
0000070d  __aeabi_memcpy4               
0000070d  __aeabi_memcpy8               
0000070d  memcpy                        
000007a9  Timer0IntHandler              
00000831  Timer1IntHandler              
000008b5  __TI_decompress_lzss          
0000091d  UARTStdioConfig               
0000097d  ConfigureUART                 
000009d9  UARTwrite                     
00000a69  __TI_auto_init_nobinit_nopinit
00000aad  __aeabi_uidiv                 
00000aad  __aeabi_uidivmod              
00000aed  _c_int00_noargs               
00000b41  __TI_zero_init_nomemset       
00000b5d  UARTprintf                    
00000b77  __TI_decompress_none          
00000b85  GPIOPinWrite                  
00000b8b  ResetISR                      
00000b91  _system_pre_init              
00000b95  C$$EXIT                       
00000b95  abort                         
00000b9d  __aeabi_idiv0                 
00000b9d  __aeabi_ldiv0                 
00000e10  __TI_Handler_Table_Base       
00000e1c  __TI_Handler_Table_Limit      
00000e30  __TI_CINIT_Base               
00000e40  __TI_CINIT_Limit              
20000000  __stack                       
20000100  __STACK_END                   
20000100  __STACK_TOP                   
20000100  g_ui32Flags                   
20000104  g_ui32SysClock                
ffffffff  __TI_pprof_out_hndl           
ffffffff  __TI_prof_data_size           
ffffffff  __TI_prof_data_start          
ffffffff  __binit__                     
ffffffff  __c_args__                    
ffffffff  binit                         
UNDEFED   __mpu_init                    
UNDEFED   _system_post_cinit            

[47 symbols]
