<?xml version="1.0" encoding="ISO-8859-1" ?>
<link_info>
   <banner>TI ARM Linker PC v18.12.3.LTS</banner>
   <copyright>Copyright (c) 1996-2018 Texas Instruments Incorporated</copyright>
   <link_time>0x5f1b8221</link_time>
   <link_errors>0x0</link_errors>
   <output_file>enet_io.out</output_file>
   <entry_point>
      <name>_c_int00_noargs</name>
      <address>0x79b91</address>
   </entry_point>
   <input_file_list>
      <input_file id="fl-2">
         <path>.\</path>
         <kind>object</kind>
         <file>cgifuncs.obj</file>
         <name>cgifuncs.obj</name>
      </input_file>
      <input_file id="fl-3">
         <path>.\</path>
         <kind>object</kind>
         <file>enet_io.obj</file>
         <name>enet_io.obj</name>
      </input_file>
      <input_file id="fl-4">
         <path>.\</path>
         <kind>object</kind>
         <file>io.obj</file>
         <name>io.obj</name>
      </input_file>
      <input_file id="fl-5">
         <path>.\</path>
         <kind>object</kind>
         <file>io_fs.obj</file>
         <name>io_fs.obj</name>
      </input_file>
      <input_file id="fl-6">
         <path>.\</path>
         <kind>object</kind>
         <file>startup_ccs.obj</file>
         <name>startup_ccs.obj</name>
      </input_file>
      <input_file id="fl-7">
         <path>.\drivers\</path>
         <kind>object</kind>
         <file>pinout.obj</file>
         <name>pinout.obj</name>
      </input_file>
      <input_file id="fl-8">
         <path>.\third_party\lwip-1.4.1\apps\httpserver_raw\</path>
         <kind>object</kind>
         <file>httpd.obj</file>
         <name>httpd.obj</name>
      </input_file>
      <input_file id="fl-9">
         <path>.\utils\</path>
         <kind>object</kind>
         <file>locator.obj</file>
         <name>locator.obj</name>
      </input_file>
      <input_file id="fl-a">
         <path>.\utils\</path>
         <kind>object</kind>
         <file>lwiplib.obj</file>
         <name>lwiplib.obj</name>
      </input_file>
      <input_file id="fl-b">
         <path>.\utils\</path>
         <kind>object</kind>
         <file>uartstdio.obj</file>
         <name>uartstdio.obj</name>
      </input_file>
      <input_file id="fl-c">
         <path>.\utils\</path>
         <kind>object</kind>
         <file>ustdlib.obj</file>
         <name>ustdlib.obj</name>
      </input_file>
      <input_file id="fl-11">
         <kind>object</kind>
         <file>&lt;internal&gt;</file>
         <name>&lt;internal&gt;</name>
      </input_file>
      <input_file id="fl-c7">
         <path>D:\ti\ccs920\ccs\tools\compiler\ti-cgt-arm_18.12.3.LTS\lib\</path>
         <kind>archive</kind>
         <file>rtsv7M4_T_le_v4SPD16_eabi.lib</file>
         <name>memset_t2.asm.obj</name>
      </input_file>
      <input_file id="fl-c8">
         <path>D:\ti\ccs920\ccs\tools\compiler\ti-cgt-arm_18.12.3.LTS\lib\</path>
         <kind>archive</kind>
         <file>rtsv7M4_T_le_v4SPD16_eabi.lib</file>
         <name>memcpy_t2.asm.obj</name>
      </input_file>
      <input_file id="fl-c9">
         <path>D:\ti\ccs920\ccs\tools\compiler\ti-cgt-arm_18.12.3.LTS\lib\</path>
         <kind>archive</kind>
         <file>rtsv7M4_T_le_v4SPD16_eabi.lib</file>
         <name>u_divt2.asm.obj</name>
      </input_file>
      <input_file id="fl-ca">
         <path>D:\ti\ccs920\ccs\tools\compiler\ti-cgt-arm_18.12.3.LTS\lib\</path>
         <kind>archive</kind>
         <file>rtsv7M4_T_le_v4SPD16_eabi.lib</file>
         <name>copy_zero_init.c.obj</name>
      </input_file>
      <input_file id="fl-cb">
         <path>D:\ti\ccs920\ccs\tools\compiler\ti-cgt-arm_18.12.3.LTS\lib\</path>
         <kind>archive</kind>
         <file>rtsv7M4_T_le_v4SPD16_eabi.lib</file>
         <name>copy_decompress_none.c.obj</name>
      </input_file>
      <input_file id="fl-cc">
         <path>D:\ti\ccs920\ccs\tools\compiler\ti-cgt-arm_18.12.3.LTS\lib\</path>
         <kind>archive</kind>
         <file>rtsv7M4_T_le_v4SPD16_eabi.lib</file>
         <name>copy_decompress_lzss.c.obj</name>
      </input_file>
      <input_file id="fl-cd">
         <path>D:\ti\ccs920\ccs\tools\compiler\ti-cgt-arm_18.12.3.LTS\lib\</path>
         <kind>archive</kind>
         <file>rtsv7M4_T_le_v4SPD16_eabi.lib</file>
         <name>memcmp.c.obj</name>
      </input_file>
      <input_file id="fl-ce">
         <path>D:\ti\ccs920\ccs\tools\compiler\ti-cgt-arm_18.12.3.LTS\lib\</path>
         <kind>archive</kind>
         <file>rtsv7M4_T_le_v4SPD16_eabi.lib</file>
         <name>strchr.c.obj</name>
      </input_file>
      <input_file id="fl-cf">
         <path>D:\ti\ccs920\ccs\tools\compiler\ti-cgt-arm_18.12.3.LTS\lib\</path>
         <kind>archive</kind>
         <file>rtsv7M4_T_le_v4SPD16_eabi.lib</file>
         <name>strcmp.c.obj</name>
      </input_file>
      <input_file id="fl-d0">
         <path>D:\ti\ccs920\ccs\tools\compiler\ti-cgt-arm_18.12.3.LTS\lib\</path>
         <kind>archive</kind>
         <file>rtsv7M4_T_le_v4SPD16_eabi.lib</file>
         <name>strlen.c.obj</name>
      </input_file>
      <input_file id="fl-d1">
         <path>D:\ti\ccs920\ccs\tools\compiler\ti-cgt-arm_18.12.3.LTS\lib\</path>
         <kind>archive</kind>
         <file>rtsv7M4_T_le_v4SPD16_eabi.lib</file>
         <name>strncmp.c.obj</name>
      </input_file>
      <input_file id="fl-d2">
         <path>D:\ti\ccs920\ccs\tools\compiler\ti-cgt-arm_18.12.3.LTS\lib\</path>
         <kind>archive</kind>
         <file>rtsv7M4_T_le_v4SPD16_eabi.lib</file>
         <name>strstr.c.obj</name>
      </input_file>
      <input_file id="fl-d3">
         <path>D:\ti\ccs920\ccs\tools\compiler\ti-cgt-arm_18.12.3.LTS\lib\</path>
         <kind>archive</kind>
         <file>rtsv7M4_T_le_v4SPD16_eabi.lib</file>
         <name>boot_cortex_m.c.obj</name>
      </input_file>
      <input_file id="fl-d4">
         <path>D:\ti\ccs920\ccs\tools\compiler\ti-cgt-arm_18.12.3.LTS\lib\</path>
         <kind>archive</kind>
         <file>rtsv7M4_T_le_v4SPD16_eabi.lib</file>
         <name>div0.asm.obj</name>
      </input_file>
      <input_file id="fl-d5">
         <path>D:\ti\ccs920\ccs\tools\compiler\ti-cgt-arm_18.12.3.LTS\lib\</path>
         <kind>archive</kind>
         <file>rtsv7M4_T_le_v4SPD16_eabi.lib</file>
         <name>autoinit.c.obj</name>
      </input_file>
      <input_file id="fl-d6">
         <path>D:\ti\ccs920\ccs\tools\compiler\ti-cgt-arm_18.12.3.LTS\lib\</path>
         <kind>archive</kind>
         <file>rtsv7M4_T_le_v4SPD16_eabi.lib</file>
         <name>pre_init.c.obj</name>
      </input_file>
      <input_file id="fl-d7">
         <path>D:\ti\ccs920\ccs\tools\compiler\ti-cgt-arm_18.12.3.LTS\lib\</path>
         <kind>archive</kind>
         <file>rtsv7M4_T_le_v4SPD16_eabi.lib</file>
         <name>cpy_tbl.c.obj</name>
      </input_file>
      <input_file id="fl-d8">
         <path>D:\ti\ccs920\ccs\tools\compiler\ti-cgt-arm_18.12.3.LTS\lib\</path>
         <kind>archive</kind>
         <file>rtsv7M4_T_le_v4SPD16_eabi.lib</file>
         <name>exit.c.obj</name>
      </input_file>
      <input_file id="fl-d9">
         <path>D:\ti\ccs920\ccs\tools\compiler\ti-cgt-arm_18.12.3.LTS\lib\</path>
         <kind>archive</kind>
         <file>rtsv7M4_T_le_v4SPD16_eabi.lib</file>
         <name>_lock.c.obj</name>
      </input_file>
      <input_file id="fl-da">
         <path>D:\ti\ccs920\ccs\tools\compiler\ti-cgt-arm_18.12.3.LTS\lib\</path>
         <kind>archive</kind>
         <file>rtsv7M4_T_le_v4SPD16_eabi.lib</file>
         <name>args_main.c.obj</name>
      </input_file>
      <input_file id="fl-db">
         <path>D:\ti\TivaWare_C_Series-2.1.4.178\driverlib\ccs\Debug\</path>
         <kind>archive</kind>
         <file>driverlib.lib</file>
         <name>emac.obj</name>
      </input_file>
      <input_file id="fl-dc">
         <path>D:\ti\TivaWare_C_Series-2.1.4.178\driverlib\ccs\Debug\</path>
         <kind>archive</kind>
         <file>driverlib.lib</file>
         <name>flash.obj</name>
      </input_file>
      <input_file id="fl-dd">
         <path>D:\ti\TivaWare_C_Series-2.1.4.178\driverlib\ccs\Debug\</path>
         <kind>archive</kind>
         <file>driverlib.lib</file>
         <name>gpio.obj</name>
      </input_file>
      <input_file id="fl-de">
         <path>D:\ti\TivaWare_C_Series-2.1.4.178\driverlib\ccs\Debug\</path>
         <kind>archive</kind>
         <file>driverlib.lib</file>
         <name>interrupt.obj</name>
      </input_file>
      <input_file id="fl-df">
         <path>D:\ti\TivaWare_C_Series-2.1.4.178\driverlib\ccs\Debug\</path>
         <kind>archive</kind>
         <file>driverlib.lib</file>
         <name>sw_crc.obj</name>
      </input_file>
      <input_file id="fl-e0">
         <path>D:\ti\TivaWare_C_Series-2.1.4.178\driverlib\ccs\Debug\</path>
         <kind>archive</kind>
         <file>driverlib.lib</file>
         <name>sysctl.obj</name>
      </input_file>
      <input_file id="fl-e1">
         <path>D:\ti\TivaWare_C_Series-2.1.4.178\driverlib\ccs\Debug\</path>
         <kind>archive</kind>
         <file>driverlib.lib</file>
         <name>systick.obj</name>
      </input_file>
      <input_file id="fl-e2">
         <path>D:\ti\TivaWare_C_Series-2.1.4.178\driverlib\ccs\Debug\</path>
         <kind>archive</kind>
         <file>driverlib.lib</file>
         <name>timer.obj</name>
      </input_file>
      <input_file id="fl-e3">
         <path>D:\ti\TivaWare_C_Series-2.1.4.178\driverlib\ccs\Debug\</path>
         <kind>archive</kind>
         <file>driverlib.lib</file>
         <name>cpu.obj</name>
      </input_file>
   </input_file_list>
   <object_component_list>
      <object_component id="oc-f">
         <name>.intvecs</name>
         <load_address>0x0</load_address>
         <run_address>0x0</run_address>
         <size>0x200</size>
         <input_file_ref idref="fl-6"/>
      </object_component>
      <object_component id="oc-a60">
         <name>.text:tcp_receive</name>
         <load_address>0x72144</load_address>
         <run_address>0x72144</run_address>
         <size>0x79c</size>
         <input_file_ref idref="fl-a"/>
      </object_component>
      <object_component id="oc-a1c">
         <name>.text:http_send_data</name>
         <load_address>0x728e0</load_address>
         <run_address>0x728e0</run_address>
         <size>0x4aa</size>
         <input_file_ref idref="fl-8"/>
      </object_component>
      <object_component id="oc-30">
         <name>.text:FaultISR</name>
         <load_address>0x72d8a</load_address>
         <run_address>0x72d8a</run_address>
         <size>0x2</size>
         <input_file_ref idref="fl-6"/>
      </object_component>
      <object_component id="oc-722">
         <name>.text:tcp_input</name>
         <load_address>0x72d8c</load_address>
         <run_address>0x72d8c</run_address>
         <size>0x3cc</size>
         <input_file_ref idref="fl-a"/>
      </object_component>
      <object_component id="oc-906">
         <name>.text:tcp_process</name>
         <load_address>0x73158</load_address>
         <run_address>0x73158</run_address>
         <size>0x3b4</size>
         <input_file_ref idref="fl-a"/>
      </object_component>
      <object_component id="oc-b4c">
         <name>.text:tcp_write</name>
         <load_address>0x7350c</load_address>
         <run_address>0x7350c</run_address>
         <size>0x2e4</size>
         <input_file_ref idref="fl-a"/>
      </object_component>
      <object_component id="oc-338">
         <name>.text:tcp_slowtmr</name>
         <load_address>0x737f0</load_address>
         <run_address>0x737f0</run_address>
         <size>0x2c8</size>
         <input_file_ref idref="fl-a"/>
      </object_component>
      <object_component id="oc-67e">
         <name>.text:uvsnprintf</name>
         <load_address>0x73ab8</load_address>
         <run_address>0x73ab8</run_address>
         <size>0x251</size>
         <input_file_ref idref="fl-c"/>
      </object_component>
      <object_component id="oc-36">
         <name>.text:IntDefaultHandler</name>
         <load_address>0x73d0a</load_address>
         <run_address>0x73d0a</run_address>
         <size>0x2</size>
         <input_file_ref idref="fl-6"/>
      </object_component>
      <object_component id="oc-7cc">
         <name>.text:dhcp_parse_reply</name>
         <load_address>0x73d0c</load_address>
         <run_address>0x73d0c</run_address>
         <size>0x228</size>
         <input_file_ref idref="fl-a"/>
      </object_component>
      <object_component id="oc-203">
         <name>.text:PinoutSet</name>
         <load_address>0x73f34</load_address>
         <run_address>0x73f34</run_address>
         <size>0x20c</size>
         <input_file_ref idref="fl-7"/>
      </object_component>
      <object_component id="oc-1fd">
         <name>.text:SysCtlClockFreqSet</name>
         <load_address>0x74140</load_address>
         <run_address>0x74140</run_address>
         <size>0x200</size>
         <input_file_ref idref="fl-e0"/>
      </object_component>
      <object_component id="oc-4c1">
         <name>.text:ip_input</name>
         <load_address>0x74340</load_address>
         <run_address>0x74340</run_address>
         <size>0x1f0</size>
         <input_file_ref idref="fl-a"/>
      </object_component>
      <object_component id="oc-71c">
         <name>.text:udp_input</name>
         <load_address>0x74530</load_address>
         <run_address>0x74530</run_address>
         <size>0x1f0</size>
         <input_file_ref idref="fl-a"/>
      </object_component>
      <object_component id="oc-3bf">
         <name>.text:UARTvprintf</name>
         <load_address>0x74720</load_address>
         <run_address>0x74720</run_address>
         <size>0x1ee</size>
         <input_file_ref idref="fl-b"/>
      </object_component>
      <object_component id="oc-2a">
         <name>.text:NmiSR</name>
         <load_address>0x7490e</load_address>
         <run_address>0x7490e</run_address>
         <size>0x2</size>
         <input_file_ref idref="fl-6"/>
      </object_component>
      <object_component id="oc-728">
         <name>.text:icmp_input</name>
         <load_address>0x74910</load_address>
         <run_address>0x74910</run_address>
         <size>0x1a4</size>
         <input_file_ref idref="fl-a"/>
      </object_component>
      <object_component id="oc-f5">
         <name>.text:main</name>
         <load_address>0x74ab4</load_address>
         <run_address>0x74ab4</run_address>
         <size>0x1a4</size>
         <input_file_ref idref="fl-3"/>
      </object_component>
      <object_component id="oc-4e9">
         <name>.text:tcp_output</name>
         <load_address>0x74c58</load_address>
         <run_address>0x74c58</run_address>
         <size>0x18c</size>
         <input_file_ref idref="fl-a"/>
      </object_component>
      <object_component id="oc-4b5">
         <name>.text:etharp_arp_input</name>
         <load_address>0x74de4</load_address>
         <run_address>0x74de4</run_address>
         <size>0x150</size>
         <input_file_ref idref="fl-a"/>
      </object_component>
      <object_component id="oc-a74">
         <name>.text:tcp_close_shutdown</name>
         <load_address>0x74f34</load_address>
         <run_address>0x74f34</run_address>
         <size>0x148</size>
         <input_file_ref idref="fl-a"/>
      </object_component>
      <object_component id="oc-134">
         <name>.text:tivaif_receive</name>
         <load_address>0x7507c</load_address>
         <run_address>0x7507c</run_address>
         <size>0x140</size>
         <input_file_ref idref="fl-a"/>
      </object_component>
      <object_component id="oc-313">
         <name>.text:pbuf_alloc</name>
         <load_address>0x751bc</load_address>
         <run_address>0x751bc</run_address>
         <size>0x13a</size>
         <input_file_ref idref="fl-a"/>
      </object_component>
      <object_component id="oc-3a3">
         <name>.text:GPIOPadConfigSet</name>
         <load_address>0x752f6</load_address>
         <run_address>0x752f6</run_address>
         <size>0x132</size>
         <input_file_ref idref="fl-dd"/>
      </object_component>
      <object_component id="oc-785">
         <name>.text:dhcp_create_msg</name>
         <load_address>0x75428</load_address>
         <run_address>0x75428</run_address>
         <size>0x124</size>
         <input_file_ref idref="fl-a"/>
      </object_component>
      <object_component id="oc-b2d">
         <name>.text:fs_open</name>
         <load_address>0x7554c</load_address>
         <run_address>0x7554c</run_address>
         <size>0x120</size>
         <input_file_ref idref="fl-5"/>
      </object_component>
      <object_component id="oc-818">
         <name>.text:etharp_output</name>
         <load_address>0x7566c</load_address>
         <run_address>0x7566c</run_address>
         <size>0x11c</size>
         <input_file_ref idref="fl-a"/>
      </object_component>
      <object_component id="oc-7b2">
         <name>.text:etharp_query</name>
         <load_address>0x75788</load_address>
         <run_address>0x75788</run_address>
         <size>0x114</size>
         <input_file_ref idref="fl-a"/>
      </object_component>
      <object_component id="oc-ac9">
         <name>.text:http_find_file</name>
         <load_address>0x7589c</load_address>
         <run_address>0x7589c</run_address>
         <size>0x114</size>
         <input_file_ref idref="fl-8"/>
      </object_component>
      <object_component id="oc-8fa">
         <name>.text:tcp_listen_input</name>
         <load_address>0x759b0</load_address>
         <run_address>0x759b0</run_address>
         <size>0x114</size>
         <input_file_ref idref="fl-a"/>
      </object_component>
      <object_component id="oc-81e">
         <name>.text:tivaif_transmit</name>
         <load_address>0x75ac4</load_address>
         <run_address>0x75ac4</run_address>
         <size>0x100</size>
         <input_file_ref idref="fl-a"/>
      </object_component>
      <object_component id="oc-4d7">
         <name>.text:mem_malloc</name>
         <load_address>0x75bc4</load_address>
         <run_address>0x75bc4</run_address>
         <size>0xf8</size>
         <input_file_ref idref="fl-a"/>
      </object_component>
      <object_component id="oc-b78">
         <name>.text:get_http_headers</name>
         <load_address>0x75cbc</load_address>
         <run_address>0x75cbc</run_address>
         <size>0xec</size>
         <input_file_ref idref="fl-8"/>
      </object_component>
      <object_component id="oc-922">
         <name>.text:ip_output_if</name>
         <load_address>0x75da8</load_address>
         <run_address>0x75da8</run_address>
         <size>0xe8</size>
         <input_file_ref idref="fl-a"/>
      </object_component>
      <object_component id="oc-22d">
         <name>.text:lwIPInit</name>
         <load_address>0x75e90</load_address>
         <run_address>0x75e90</run_address>
         <size>0xe8</size>
         <input_file_ref idref="fl-a"/>
      </object_component>
      <object_component id="oc-8e9">
         <name>.text:mem_trim</name>
         <load_address>0x75f78</load_address>
         <run_address>0x75f78</run_address>
         <size>0xe8</size>
         <input_file_ref idref="fl-a"/>
      </object_component>
      <object_component id="oc-799">
         <name>.text:udp_sendto_if</name>
         <load_address>0x76060</load_address>
         <run_address>0x76060</run_address>
         <size>0xe8</size>
         <input_file_ref idref="fl-a"/>
      </object_component>
      <object_component id="oc-8cd">
         <name>.text:etharp_find_entry</name>
         <load_address>0x76148</load_address>
         <run_address>0x76148</run_address>
         <size>0xe0</size>
         <input_file_ref idref="fl-a"/>
      </object_component>
      <object_component id="oc-540">
         <name>.text:etharp_raw</name>
         <load_address>0x76228</load_address>
         <run_address>0x76228</run_address>
         <size>0xdc</size>
         <input_file_ref idref="fl-a"/>
      </object_component>
      <object_component id="oc-740">
         <name>.text:tcp_output_segment</name>
         <load_address>0x76304</load_address>
         <run_address>0x76304</run_address>
         <size>0xd8</size>
         <input_file_ref idref="fl-a"/>
      </object_component>
      <object_component id="oc-14c">
         <name>.text:autoip_tmr</name>
         <load_address>0x763dc</load_address>
         <run_address>0x763dc</run_address>
         <size>0xd4</size>
         <input_file_ref idref="fl-a"/>
      </object_component>
      <object_component id="oc-571">
         <name>.text:dhcp_select</name>
         <load_address>0x764b0</load_address>
         <run_address>0x764b0</run_address>
         <size>0xd4</size>
         <input_file_ref idref="fl-a"/>
      </object_component>
      <object_component id="oc-ae2">
         <name>.text:get_tag_insert</name>
         <load_address>0x76584</load_address>
         <run_address>0x76584</run_address>
         <size>0xd0</size>
         <input_file_ref idref="fl-8"/>
      </object_component>
      <object_component id="oc-82d">
         <name>.text:tcp_alloc</name>
         <load_address>0x76654</load_address>
         <run_address>0x76654</run_address>
         <size>0xd0</size>
         <input_file_ref idref="fl-a"/>
      </object_component>
      <object_component id="oc-599">
         <name>.text:dhcp_recv</name>
         <load_address>0x76724</load_address>
         <run_address>0x76724</run_address>
         <size>0xcc</size>
         <input_file_ref idref="fl-a"/>
      </object_component>
      <object_component id="oc-55f">
         <name>.text:dhcp_bind</name>
         <load_address>0x767f0</load_address>
         <run_address>0x767f0</run_address>
         <size>0xc8</size>
         <input_file_ref idref="fl-a"/>
      </object_component>
      <object_component id="oc-99d">
         <name>.text:InitDMADescriptors</name>
         <load_address>0x768b8</load_address>
         <run_address>0x768b8</run_address>
         <size>0xc4</size>
         <input_file_ref idref="fl-a"/>
      </object_component>
      <object_component id="oc-577">
         <name>.text:dhcp_discover</name>
         <load_address>0x7697c</load_address>
         <run_address>0x7697c</run_address>
         <size>0xc4</size>
         <input_file_ref idref="fl-a"/>
      </object_component>
      <object_component id="oc-270">
         <name>.text:SSIHandler</name>
         <load_address>0x76a40</load_address>
         <run_address>0x76a40</run_address>
         <size>0xbc</size>
         <input_file_ref idref="fl-3"/>
      </object_component>
      <object_component id="oc-80f">
         <name>.text:tivaif_hwinit</name>
         <load_address>0x76afc</load_address>
         <run_address>0x76afc</run_address>
         <size>0xbc</size>
         <input_file_ref idref="fl-a"/>
      </object_component>
      <object_component id="oc-af6">
         <name>.text:tcp_create_segment</name>
         <load_address>0x76bb8</load_address>
         <run_address>0x76bb8</run_address>
         <size>0xb8</size>
         <input_file_ref idref="fl-a"/>
      </object_component>
      <object_component id="oc-13a">
         <name>.text:lwIPHostTimerHandler</name>
         <load_address>0x76c70</load_address>
         <run_address>0x76c70</run_address>
         <size>0xb4</size>
         <input_file_ref idref="fl-3"/>
      </object_component>
      <object_component id="oc-bb">
         <name>.text:lwIPServiceTimers</name>
         <load_address>0x76d24</load_address>
         <run_address>0x76d24</run_address>
         <size>0xb0</size>
         <input_file_ref idref="fl-a"/>
      </object_component>
      <object_component id="oc-30d">
         <name>.text:ethernet_input</name>
         <load_address>0x76dd4</load_address>
         <run_address>0x76dd4</run_address>
         <size>0xac</size>
         <input_file_ref idref="fl-a"/>
      </object_component>
      <object_component id="oc-a58">
         <name>.text:tcp_enqueue_flags</name>
         <load_address>0x76e80</load_address>
         <run_address>0x76e80</run_address>
         <size>0xac</size>
         <input_file_ref idref="fl-a"/>
      </object_component>
      <object_component id="oc-4fe">
         <name>.text:tcp_zero_window_probe</name>
         <load_address>0x76f2c</load_address>
         <run_address>0x76f2c</run_address>
         <size>0xac</size>
         <input_file_ref idref="fl-a"/>
      </object_component>
      <object_component id="oc-56b">
         <name>.text:dhcp_release</name>
         <load_address>0x76fd8</load_address>
         <run_address>0x76fd8</run_address>
         <size>0xa8</size>
         <input_file_ref idref="fl-a"/>
      </object_component>
      <object_component id="oc-37c">
         <name>.text:dhcp_start</name>
         <load_address>0x77080</load_address>
         <run_address>0x77080</run_address>
         <size>0xa8</size>
         <input_file_ref idref="fl-a"/>
      </object_component>
      <object_component id="oc-762">
         <name>.text:inet_chksum_pseudo</name>
         <load_address>0x77128</load_address>
         <run_address>0x77128</run_address>
         <size>0xa0</size>
         <input_file_ref idref="fl-a"/>
      </object_component>
      <object_component id="oc-a16">
         <name>.text:http_parse_request</name>
         <load_address>0x771c8</load_address>
         <run_address>0x771c8</run_address>
         <size>0x9e</size>
         <input_file_ref idref="fl-8"/>
      </object_component>
      <object_component id="oc-5c">
         <name>.text</name>
         <load_address>0x77266</load_address>
         <run_address>0x77266</run_address>
         <size>0x9c</size>
         <input_file_ref idref="fl-c8"/>
      </object_component>
      <object_component id="oc-7ed">
         <name>.text</name>
         <load_address>0x77302</load_address>
         <run_address>0x77302</run_address>
         <size>0x2</size>
         <input_file_ref idref="fl-d4"/>
      </object_component>
      <object_component id="oc-643">
         <name>.text:tcp_listen_with_backlog</name>
         <load_address>0x77304</load_address>
         <run_address>0x77304</run_address>
         <size>0x9c</size>
         <input_file_ref idref="fl-a"/>
      </object_component>
      <object_component id="oc-559">
         <name>.text:dhcp_reboot</name>
         <load_address>0x773a0</load_address>
         <run_address>0x773a0</run_address>
         <size>0x98</size>
         <input_file_ref idref="fl-a"/>
      </object_component>
      <object_component id="oc-91c">
         <name>.text:pbuf_copy</name>
         <load_address>0x77438</load_address>
         <run_address>0x77438</run_address>
         <size>0x92</size>
         <input_file_ref idref="fl-a"/>
      </object_component>
      <object_component id="oc-943">
         <name>.text:tcp_abandon</name>
         <load_address>0x774cc</load_address>
         <run_address>0x774cc</run_address>
         <size>0x90</size>
         <input_file_ref idref="fl-a"/>
      </object_component>
      <object_component id="oc-516">
         <name>.text:tcp_rst</name>
         <load_address>0x7755c</load_address>
         <run_address>0x7755c</run_address>
         <size>0x90</size>
         <input_file_ref idref="fl-a"/>
      </object_component>
      <object_component id="oc-450">
         <name>.text:ControlCGIHandler</name>
         <load_address>0x775ec</load_address>
         <run_address>0x775ec</run_address>
         <size>0x8c</size>
         <input_file_ref idref="fl-3"/>
      </object_component>
      <object_component id="oc-3f9">
         <name>.text:LocatorReceive</name>
         <load_address>0x77678</load_address>
         <run_address>0x77678</run_address>
         <size>0x88</size>
         <input_file_ref idref="fl-9"/>
      </object_component>
      <object_component id="oc-25d">
         <name>.text:io_init</name>
         <load_address>0x77700</load_address>
         <run_address>0x77700</run_address>
         <size>0x84</size>
         <input_file_ref idref="fl-4"/>
      </object_component>
      <object_component id="oc-15e">
         <name>.text:lwIPLinkDetect</name>
         <load_address>0x77784</load_address>
         <run_address>0x77784</run_address>
         <size>0x84</size>
         <input_file_ref idref="fl-a"/>
      </object_component>
      <object_component id="oc-900">
         <name>.text:tcp_timewait_input</name>
         <load_address>0x77808</load_address>
         <run_address>0x77808</run_address>
         <size>0x84</size>
         <input_file_ref idref="fl-a"/>
      </object_component>
      <object_component id="oc-552">
         <name>.text:dhcp_rebind</name>
         <load_address>0x7788c</load_address>
         <run_address>0x7788c</run_address>
         <size>0x80</size>
         <input_file_ref idref="fl-a"/>
      </object_component>
      <object_component id="oc-54b">
         <name>.text:dhcp_renew</name>
         <load_address>0x7790c</load_address>
         <run_address>0x7790c</run_address>
         <size>0x80</size>
         <input_file_ref idref="fl-a"/>
      </object_component>
      <object_component id="oc-48">
         <name>.text:lwIPEthernetIntHandler</name>
         <load_address>0x7798c</load_address>
         <run_address>0x7798c</run_address>
         <size>0x80</size>
         <input_file_ref idref="fl-a"/>
      </object_component>
      <object_component id="oc-3dd">
         <name>.text:lwIPPrivateInit</name>
         <load_address>0x77a0c</load_address>
         <run_address>0x77a0c</run_address>
         <size>0x80</size>
         <input_file_ref idref="fl-a"/>
      </object_component>
      <object_component id="oc-63d">
         <name>.text:tcp_bind</name>
         <load_address>0x77a8c</load_address>
         <run_address>0x77a8c</run_address>
         <size>0x80</size>
         <input_file_ref idref="fl-a"/>
      </object_component>
      <object_component id="oc-a52">
         <name>.text:tcp_parseopt</name>
         <load_address>0x77b0c</load_address>
         <run_address>0x77b0c</run_address>
         <size>0x80</size>
         <input_file_ref idref="fl-a"/>
      </object_component>
      <object_component id="oc-6e4">
         <name>.text:autoip_arp_reply</name>
         <load_address>0x77b8c</load_address>
         <run_address>0x77b8c</run_address>
         <size>0x7e</size>
         <input_file_ref idref="fl-a"/>
      </object_component>
      <object_component id="oc-7de">
         <name>.text:dhcp_handle_ack</name>
         <load_address>0x77c0c</load_address>
         <run_address>0x77c0c</run_address>
         <size>0x7c</size>
         <input_file_ref idref="fl-a"/>
      </object_component>
      <object_component id="oc-363">
         <name>.text:dhcp_timeout</name>
         <load_address>0x77c88</load_address>
         <run_address>0x77c88</run_address>
         <size>0x7c</size>
         <input_file_ref idref="fl-a"/>
      </object_component>
      <object_component id="oc-b09">
         <name>.text:tcp_oos_insert_segment</name>
         <load_address>0x77d04</load_address>
         <run_address>0x77d04</run_address>
         <size>0x7c</size>
         <input_file_ref idref="fl-a"/>
      </object_component>
      <object_component id="oc-128">
         <name>.text:tivaif_process_phy_interrupt</name>
         <load_address>0x77d80</load_address>
         <run_address>0x77d80</run_address>
         <size>0x7c</size>
         <input_file_ref idref="fl-a"/>
      </object_component>
      <object_component id="oc-e9">
         <name>.text</name>
         <load_address>0x77dfc</load_address>
         <run_address>0x77dfc</run_address>
         <size>0x7a</size>
         <input_file_ref idref="fl-c7"/>
      </object_component>
      <object_component id="oc-b3f">
         <name>.text:http_init_file</name>
         <load_address>0x77e78</load_address>
         <run_address>0x77e78</run_address>
         <size>0x79</size>
         <input_file_ref idref="fl-8"/>
      </object_component>
      <object_component id="oc-3d7">
         <name>.text:EMACInit</name>
         <load_address>0x77ef4</load_address>
         <run_address>0x77ef4</run_address>
         <size>0x78</size>
         <input_file_ref idref="fl-db"/>
      </object_component>
      <object_component id="oc-6ea">
         <name>.text:etharp_update_arp_entry</name>
         <load_address>0x77f6c</load_address>
         <run_address>0x77f6c</run_address>
         <size>0x74</size>
         <input_file_ref idref="fl-a"/>
      </object_component>
      <object_component id="oc-710">
         <name>.text:raw_input</name>
         <load_address>0x77fe0</load_address>
         <run_address>0x77fe0</run_address>
         <size>0x74</size>
         <input_file_ref idref="fl-a"/>
      </object_component>
      <object_component id="oc-89c">
         <name>.text:CheckDecimalParam</name>
         <load_address>0x78054</load_address>
         <run_address>0x78054</run_address>
         <size>0x72</size>
         <input_file_ref idref="fl-2"/>
      </object_component>
      <object_component id="oc-b27">
         <name>.text:extract_uri_parameters</name>
         <load_address>0x780c6</load_address>
         <run_address>0x780c6</run_address>
         <size>0x72</size>
         <input_file_ref idref="fl-8"/>
      </object_component>
      <object_component id="oc-4a1">
         <name>.text:mem_free</name>
         <load_address>0x78138</load_address>
         <run_address>0x78138</run_address>
         <size>0x70</size>
         <input_file_ref idref="fl-a"/>
      </object_component>
      <object_component id="oc-332">
         <name>.text:tcp_fasttmr</name>
         <load_address>0x781a8</load_address>
         <run_address>0x781a8</run_address>
         <size>0x70</size>
         <input_file_ref idref="fl-a"/>
      </object_component>
      <object_component id="oc-8f2">
         <name>.text:icmp_send_response</name>
         <load_address>0x78218</load_address>
         <run_address>0x78218</run_address>
         <size>0x6c</size>
         <input_file_ref idref="fl-a"/>
      </object_component>
      <object_component id="oc-7fe">
         <name>.text:memp_init</name>
         <load_address>0x78284</load_address>
         <run_address>0x78284</run_address>
         <size>0x6c</size>
         <input_file_ref idref="fl-a"/>
      </object_component>
      <object_component id="oc-9c7">
         <name>.text:IntEnable</name>
         <load_address>0x782f0</load_address>
         <run_address>0x782f0</run_address>
         <size>0x68</size>
         <input_file_ref idref="fl-de"/>
      </object_component>
      <object_component id="oc-12">
         <name>.text:decompress:lzss:__TI_decompress_lzss</name>
         <load_address>0x78358</load_address>
         <run_address>0x78358</run_address>
         <size>0x68</size>
         <input_file_ref idref="fl-cc"/>
      </object_component>
      <object_component id="oc-8db">
         <name>.text:dhcp_decline</name>
         <load_address>0x783c0</load_address>
         <run_address>0x783c0</run_address>
         <size>0x68</size>
         <input_file_ref idref="fl-a"/>
      </object_component>
      <object_component id="oc-86e">
         <name>.text:http_recv</name>
         <load_address>0x78428</load_address>
         <run_address>0x78428</run_address>
         <size>0x68</size>
         <input_file_ref idref="fl-8"/>
      </object_component>
      <object_component id="oc-8e2">
         <name>.text:lwip_standard_chksum</name>
         <load_address>0x78490</load_address>
         <run_address>0x78490</run_address>
         <size>0x68</size>
         <input_file_ref idref="fl-a"/>
      </object_component>
      <object_component id="oc-527">
         <name>.text:netif_set_ipaddr</name>
         <load_address>0x784f8</load_address>
         <run_address>0x784f8</run_address>
         <size>0x68</size>
         <input_file_ref idref="fl-a"/>
      </object_component>
      <object_component id="oc-972">
         <name>.text:sys_timeout</name>
         <load_address>0x78560</load_address>
         <run_address>0x78560</run_address>
         <size>0x68</size>
         <input_file_ref idref="fl-a"/>
      </object_component>
      <object_component id="oc-756">
         <name>.text:tcp_output_alloc_header</name>
         <load_address>0x785c8</load_address>
         <run_address>0x785c8</run_address>
         <size>0x68</size>
         <input_file_ref idref="fl-a"/>
      </object_component>
      <object_component id="oc-4ef">
         <name>.text:tcp_process_refused_data</name>
         <load_address>0x78630</load_address>
         <run_address>0x78630</run_address>
         <size>0x68</size>
         <input_file_ref idref="fl-a"/>
      </object_component>
      <object_component id="oc-3f0">
         <name>.text:udp_bind</name>
         <load_address>0x78698</load_address>
         <run_address>0x78698</run_address>
         <size>0x68</size>
         <input_file_ref idref="fl-a"/>
      </object_component>
      <object_component id="oc-75c">
         <name>.text:pbuf_copy_partial</name>
         <load_address>0x78700</load_address>
         <run_address>0x78700</run_address>
         <size>0x66</size>
         <input_file_ref idref="fl-a"/>
      </object_component>
      <object_component id="oc-456">
         <name>.text:SetTextCGIHandler</name>
         <load_address>0x78768</load_address>
         <run_address>0x78768</run_address>
         <size>0x64</size>
         <input_file_ref idref="fl-3"/>
      </object_component>
      <object_component id="oc-4bb">
         <name>.text:pbuf_header</name>
         <load_address>0x787cc</load_address>
         <run_address>0x787cc</run_address>
         <size>0x64</size>
         <input_file_ref idref="fl-a"/>
      </object_component>
      <object_component id="oc-209">
         <name>.text:UARTStdioConfig</name>
         <load_address>0x78830</load_address>
         <run_address>0x78830</run_address>
         <size>0x60</size>
         <input_file_ref idref="fl-b"/>
      </object_component>
      <object_component id="oc-6d7">
         <name>.text:plug_holes</name>
         <load_address>0x78890</load_address>
         <run_address>0x78890</run_address>
         <size>0x60</size>
         <input_file_ref idref="fl-a"/>
      </object_component>
      <object_component id="oc-6aa">
         <name>.text:DecodeFormString</name>
         <load_address>0x788f0</load_address>
         <run_address>0x788f0</run_address>
         <size>0x5c</size>
         <input_file_ref idref="fl-2"/>
      </object_component>
      <object_component id="oc-7f8">
         <name>.text:mem_init</name>
         <load_address>0x7894c</load_address>
         <run_address>0x7894c</run_address>
         <size>0x5c</size>
         <input_file_ref idref="fl-a"/>
      </object_component>
      <object_component id="oc-504">
         <name>.text:tcp_keepalive</name>
         <load_address>0x789a8</load_address>
         <run_address>0x789a8</run_address>
         <size>0x5c</size>
         <input_file_ref idref="fl-a"/>
      </object_component>
      <object_component id="oc-90c">
         <name>.text:tcp_pcb_remove</name>
         <load_address>0x78a04</load_address>
         <run_address>0x78a04</run_address>
         <size>0x5c</size>
         <input_file_ref idref="fl-a"/>
      </object_component>
      <object_component id="oc-73a">
         <name>.text:tcp_send_empty_ack</name>
         <load_address>0x78a60</load_address>
         <run_address>0x78a60</run_address>
         <size>0x5c</size>
         <input_file_ref idref="fl-a"/>
      </object_component>
      <object_component id="oc-704">
         <name>.text:pbuf_realloc</name>
         <load_address>0x78abc</load_address>
         <run_address>0x78abc</run_address>
         <size>0x5a</size>
         <input_file_ref idref="fl-a"/>
      </object_component>
      <object_component id="oc-3d1">
         <name>.text:EMACPHYConfigSet</name>
         <load_address>0x78b18</load_address>
         <run_address>0x78b18</run_address>
         <size>0x58</size>
         <input_file_ref idref="fl-db"/>
      </object_component>
      <object_component id="oc-5a0">
         <name>.text:autoip_create_addr</name>
         <load_address>0x78b70</load_address>
         <run_address>0x78b70</run_address>
         <size>0x58</size>
         <input_file_ref idref="fl-a"/>
      </object_component>
      <object_component id="oc-382">
         <name>.text:autoip_start</name>
         <load_address>0x78bc8</load_address>
         <run_address>0x78bc8</run_address>
         <size>0x58</size>
         <input_file_ref idref="fl-a"/>
      </object_component>
      <object_component id="oc-655">
         <name>.text:http_accept</name>
         <load_address>0x78c20</load_address>
         <run_address>0x78c20</run_address>
         <size>0x58</size>
         <input_file_ref idref="fl-8"/>
      </object_component>
      <object_component id="oc-4cb">
         <name>.text:memp_malloc</name>
         <load_address>0x78c78</load_address>
         <run_address>0x78c78</run_address>
         <size>0x58</size>
         <input_file_ref idref="fl-a"/>
      </object_component>
      <object_component id="oc-835">
         <name>.text:tcp_new_port</name>
         <load_address>0x78cd0</load_address>
         <run_address>0x78cd0</run_address>
         <size>0x58</size>
         <input_file_ref idref="fl-a"/>
      </object_component>
      <object_component id="oc-a66">
         <name>.text:tcp_rexmit</name>
         <load_address>0x78d28</load_address>
         <run_address>0x78d28</run_address>
         <size>0x56</size>
         <input_file_ref idref="fl-a"/>
      </object_component>
      <object_component id="oc-233">
         <name>.text:LocatorInit</name>
         <load_address>0x78d80</load_address>
         <run_address>0x78d80</run_address>
         <size>0x54</size>
         <input_file_ref idref="fl-9"/>
      </object_component>
      <object_component id="oc-b8a">
         <name>.text:tcp_pbuf_prealloc</name>
         <load_address>0x78dd4</load_address>
         <run_address>0x78dd4</run_address>
         <size>0x52</size>
         <input_file_ref idref="fl-a"/>
      </object_component>
      <object_component id="oc-12e">
         <name>.text:tivaif_process_transmit</name>
         <load_address>0x78e26</load_address>
         <run_address>0x78e26</run_address>
         <size>0x52</size>
         <input_file_ref idref="fl-a"/>
      </object_component>
      <object_component id="oc-5e3">
         <name>.text:SysCtlPeripheralReset</name>
         <load_address>0x78e78</load_address>
         <run_address>0x78e78</run_address>
         <size>0x50</size>
         <input_file_ref idref="fl-e0"/>
      </object_component>
      <object_component id="oc-a22">
         <name>.text:http_close_conn</name>
         <load_address>0x78ec8</load_address>
         <run_address>0x78ec8</run_address>
         <size>0x50</size>
         <input_file_ref idref="fl-8"/>
      </object_component>
      <object_component id="oc-41b">
         <name>.text:io_set_timer</name>
         <load_address>0x78f18</load_address>
         <run_address>0x78f18</run_address>
         <size>0x50</size>
         <input_file_ref idref="fl-4"/>
      </object_component>
      <object_component id="oc-607">
         <name>.text:netif_add</name>
         <load_address>0x78f68</load_address>
         <run_address>0x78f68</run_address>
         <size>0x50</size>
         <input_file_ref idref="fl-a"/>
      </object_component>
      <object_component id="oc-804">
         <name>.text:sys_timeouts_init</name>
         <load_address>0x78fb8</load_address>
         <run_address>0x78fb8</run_address>
         <size>0x50</size>
         <input_file_ref idref="fl-a"/>
      </object_component>
      <object_component id="oc-b84">
         <name>.text:tcp_write_checks</name>
         <load_address>0x79008</load_address>
         <run_address>0x79008</run_address>
         <size>0x50</size>
         <input_file_ref idref="fl-a"/>
      </object_component>
      <object_component id="oc-5a6">
         <name>.text:autoip_start_probing</name>
         <load_address>0x79058</load_address>
         <run_address>0x79058</run_address>
         <size>0x4e</size>
         <input_file_ref idref="fl-a"/>
      </object_component>
      <object_component id="oc-916">
         <name>.text:inet_chksum_pbuf</name>
         <load_address>0x790a6</load_address>
         <run_address>0x790a6</run_address>
         <size>0x4e</size>
         <input_file_ref idref="fl-a"/>
      </object_component>
      <object_component id="oc-300">
         <name>.text:pbuf_free</name>
         <load_address>0x790f4</load_address>
         <run_address>0x790f4</run_address>
         <size>0x4e</size>
         <input_file_ref idref="fl-a"/>
      </object_component>
      <object_component id="oc-826">
         <name>.text:ip_route</name>
         <load_address>0x79144</load_address>
         <run_address>0x79144</run_address>
         <size>0x4c</size>
         <input_file_ref idref="fl-a"/>
      </object_component>
      <object_component id="oc-abd">
         <name>.text:strnstr</name>
         <load_address>0x79190</load_address>
         <run_address>0x79190</run_address>
         <size>0x4c</size>
         <input_file_ref idref="fl-8"/>
      </object_component>
      <object_component id="oc-b5">
         <name>.text:tivaif_interrupt</name>
         <load_address>0x791dc</load_address>
         <run_address>0x791dc</run_address>
         <size>0x4c</size>
         <input_file_ref idref="fl-a"/>
      </object_component>
      <object_component id="oc-593">
         <name>.text:udp_connect</name>
         <load_address>0x79228</load_address>
         <run_address>0x79228</run_address>
         <size>0x4c</size>
         <input_file_ref idref="fl-a"/>
      </object_component>
      <object_component id="oc-61c">
         <name>.text:udp_new_port</name>
         <load_address>0x79274</load_address>
         <run_address>0x79274</run_address>
         <size>0x4c</size>
         <input_file_ref idref="fl-a"/>
      </object_component>
      <object_component id="oc-b33">
         <name>.text:http_get_404_file</name>
         <load_address>0x792c0</load_address>
         <run_address>0x792c0</run_address>
         <size>0x4b</size>
         <input_file_ref idref="fl-8"/>
      </object_component>
      <object_component id="oc-5d3">
         <name>.text:UARTwrite</name>
         <load_address>0x7930c</load_address>
         <run_address>0x7930c</run_address>
         <size>0x48</size>
         <input_file_ref idref="fl-b"/>
      </object_component>
      <object_component id="oc-393">
         <name>.text:_SysCtlFrequencyGet</name>
         <load_address>0x79354</load_address>
         <run_address>0x79354</run_address>
         <size>0x48</size>
         <input_file_ref idref="fl-e0"/>
      </object_component>
      <object_component id="oc-9dc">
         <name>.text:etharp_output_to_arp_index</name>
         <load_address>0x7939c</load_address>
         <run_address>0x7939c</run_address>
         <size>0x48</size>
         <input_file_ref idref="fl-a"/>
      </object_component>
      <object_component id="oc-ad0">
         <name>.text:http_write</name>
         <load_address>0x793e4</load_address>
         <run_address>0x793e4</run_address>
         <size>0x48</size>
         <input_file_ref idref="fl-8"/>
      </object_component>
      <object_component id="oc-768">
         <name>.text:ip_output</name>
         <load_address>0x7942c</load_address>
         <run_address>0x7942c</run_address>
         <size>0x48</size>
         <input_file_ref idref="fl-a"/>
      </object_component>
      <object_component id="oc-9fd">
         <name>.text:tcp_kill_prio</name>
         <load_address>0x79474</load_address>
         <run_address>0x79474</run_address>
         <size>0x48</size>
         <input_file_ref idref="fl-a"/>
      </object_component>
      <object_component id="oc-afd">
         <name>.text:tcp_rexmit_fast</name>
         <load_address>0x794bc</load_address>
         <run_address>0x794bc</run_address>
         <size>0x48</size>
         <input_file_ref idref="fl-a"/>
      </object_component>
      <object_component id="oc-9e3">
         <name>.text:tivaif_check_pbuf</name>
         <load_address>0x79504</load_address>
         <run_address>0x79504</run_address>
         <size>0x48</size>
         <input_file_ref idref="fl-a"/>
      </object_component>
      <object_component id="oc-b11">
         <name>.text:tcp_send_fin</name>
         <load_address>0x7954c</load_address>
         <run_address>0x7954c</run_address>
         <size>0x46</size>
         <input_file_ref idref="fl-a"/>
      </object_component>
      <object_component id="oc-289">
         <name>.text:__TI_auto_init_nobinit_nopinit:__TI_auto_init_nobinit_nopinit</name>
         <load_address>0x79594</load_address>
         <run_address>0x79594</run_address>
         <size>0x44</size>
         <input_file_ref idref="fl-d5"/>
      </object_component>
      <object_component id="oc-480">
         <name>.text:dhcp_network_changed</name>
         <load_address>0x795d8</load_address>
         <run_address>0x795d8</run_address>
         <size>0x42</size>
         <input_file_ref idref="fl-a"/>
      </object_component>
      <object_component id="oc-7aa">
         <name>.text:dhcp_option_long</name>
         <load_address>0x7961a</load_address>
         <run_address>0x7961a</run_address>
         <size>0x42</size>
         <input_file_ref idref="fl-a"/>
      </object_component>
      <object_component id="oc-510">
         <name>.text:tcp_pcb_purge</name>
         <load_address>0x7965c</load_address>
         <run_address>0x7965c</run_address>
         <size>0x42</size>
         <input_file_ref idref="fl-a"/>
      </object_component>
      <object_component id="oc-8a5">
         <name>.text:DecodeHexEscape</name>
         <load_address>0x7969e</load_address>
         <run_address>0x7969e</run_address>
         <size>0x40</size>
         <input_file_ref idref="fl-2"/>
      </object_component>
      <object_component id="oc-140">
         <name>.text:etharp_tmr</name>
         <load_address>0x796e0</load_address>
         <run_address>0x796e0</run_address>
         <size>0x40</size>
         <input_file_ref idref="fl-a"/>
      </object_component>
      <object_component id="oc-5d9">
         <name>.text</name>
         <load_address>0x79720</load_address>
         <run_address>0x79720</run_address>
         <size>0x40</size>
         <input_file_ref idref="fl-c9"/>
      </object_component>
      <object_component id="oc-2ed">
         <name>.text:netif_set_link_up</name>
         <load_address>0x79760</load_address>
         <run_address>0x79760</run_address>
         <size>0x3e</size>
         <input_file_ref idref="fl-a"/>
      </object_component>
      <object_component id="oc-152">
         <name>.text:dhcp_coarse_tmr</name>
         <load_address>0x797a0</load_address>
         <run_address>0x797a0</run_address>
         <size>0x3c</size>
         <input_file_ref idref="fl-a"/>
      </object_component>
      <object_component id="oc-9c1">
         <name>.text:EMACIntEnable</name>
         <load_address>0x797dc</load_address>
         <run_address>0x797dc</run_address>
         <size>0x3a</size>
         <input_file_ref idref="fl-db"/>
      </object_component>
      <object_component id="oc-adc">
         <name>.text:fs_read</name>
         <load_address>0x79816</load_address>
         <run_address>0x79816</run_address>
         <size>0x3a</size>
         <input_file_ref idref="fl-5"/>
      </object_component>
      <object_component id="oc-320">
         <name>.text:DisplayIPAddress</name>
         <load_address>0x79850</load_address>
         <run_address>0x79850</run_address>
         <size>0x38</size>
         <input_file_ref idref="fl-3"/>
      </object_component>
      <object_component id="oc-2f9">
         <name>.text:EMACConfigSet</name>
         <load_address>0x79888</load_address>
         <run_address>0x79888</run_address>
         <size>0x38</size>
         <input_file_ref idref="fl-db"/>
      </object_component>
      <object_component id="oc-23f">
         <name>.text:LocatorAppTitleSet</name>
         <load_address>0x798c0</load_address>
         <run_address>0x798c0</run_address>
         <size>0x38</size>
         <input_file_ref idref="fl-9"/>
      </object_component>
      <object_component id="oc-5e9">
         <name>.text:SysCtlPeripheralReady</name>
         <load_address>0x798f8</load_address>
         <run_address>0x798f8</run_address>
         <size>0x38</size>
         <input_file_ref idref="fl-e0"/>
      </object_component>
      <object_component id="oc-158">
         <name>.text:dhcp_fine_tmr</name>
         <load_address>0x79930</load_address>
         <run_address>0x79930</run_address>
         <size>0x38</size>
         <input_file_ref idref="fl-a"/>
      </object_component>
      <object_component id="oc-7d8">
         <name>.text:dhcp_handle_nak</name>
         <load_address>0x79968</load_address>
         <run_address>0x79968</run_address>
         <size>0x38</size>
         <input_file_ref idref="fl-a"/>
      </object_component>
      <object_component id="oc-370">
         <name>.text:dhcp_stop</name>
         <load_address>0x799a0</load_address>
         <run_address>0x799a0</run_address>
         <size>0x38</size>
         <input_file_ref idref="fl-a"/>
      </object_component>
      <object_component id="oc-406">
         <name>.text:httpd_init_addr</name>
         <load_address>0x799d8</load_address>
         <run_address>0x799d8</run_address>
         <size>0x38</size>
         <input_file_ref idref="fl-8"/>
      </object_component>
      <object_component id="oc-440">
         <name>.text:io_get_ledstate</name>
         <load_address>0x79a10</load_address>
         <run_address>0x79a10</run_address>
         <size>0x38</size>
         <input_file_ref idref="fl-4"/>
      </object_component>
      <object_component id="oc-4a7">
         <name>.text:memp_free</name>
         <load_address>0x79a48</load_address>
         <run_address>0x79a48</run_address>
         <size>0x38</size>
         <input_file_ref idref="fl-a"/>
      </object_component>
      <object_component id="oc-a07">
         <name>.text:tcpip_tcp_timer</name>
         <load_address>0x79a80</load_address>
         <run_address>0x79a80</run_address>
         <size>0x38</size>
         <input_file_ref idref="fl-a"/>
      </object_component>
      <object_component id="oc-626">
         <name>.text:udp_sendto</name>
         <load_address>0x79ab8</load_address>
         <run_address>0x79ab8</run_address>
         <size>0x38</size>
         <input_file_ref idref="fl-a"/>
      </object_component>
      <object_component id="oc-b61">
         <name>.text:ustrncmp</name>
         <load_address>0x79af0</load_address>
         <run_address>0x79af0</run_address>
         <size>0x36</size>
         <input_file_ref idref="fl-c"/>
      </object_component>
      <object_component id="oc-2f3">
         <name>.text:EMACConfigGet</name>
         <load_address>0x79b28</load_address>
         <run_address>0x79b28</run_address>
         <size>0x34</size>
         <input_file_ref idref="fl-db"/>
      </object_component>
      <object_component id="oc-9af">
         <name>.text:EMACIntClear</name>
         <load_address>0x79b5c</load_address>
         <run_address>0x79b5c</run_address>
         <size>0x34</size>
         <input_file_ref idref="fl-db"/>
      </object_component>
      <object_component id="oc-7a">
         <name>.text:_c_int00_noargs:_c_int00_noargs</name>
         <load_address>0x79b90</load_address>
         <run_address>0x79b90</run_address>
         <size>0x34</size>
         <input_file_ref idref="fl-d3"/>
      </object_component>
      <object_component id="oc-34e">
         <name>.text:autoip_arp_probe</name>
         <load_address>0x79bc4</load_address>
         <run_address>0x79bc4</run_address>
         <size>0x34</size>
         <input_file_ref idref="fl-a"/>
      </object_component>
      <object_component id="oc-880">
         <name>.text:http_poll</name>
         <load_address>0x79bf8</load_address>
         <run_address>0x79bf8</run_address>
         <size>0x34</size>
         <input_file_ref idref="fl-8"/>
      </object_component>
      <object_component id="oc-b67">
         <name>.text:io_set_animation_speed_string</name>
         <load_address>0x79c2c</load_address>
         <run_address>0x79c2c</run_address>
         <size>0x34</size>
         <input_file_ref idref="fl-4"/>
      </object_component>
      <object_component id="oc-b39">
         <name>.text:strstr</name>
         <load_address>0x79c60</load_address>
         <run_address>0x79c60</run_address>
         <size>0x34</size>
         <input_file_ref idref="fl-d2"/>
      </object_component>
      <object_component id="oc-9f7">
         <name>.text:tcp_kill_timewait</name>
         <load_address>0x79c94</load_address>
         <run_address>0x79c94</run_address>
         <size>0x34</size>
         <input_file_ref idref="fl-a"/>
      </object_component>
      <object_component id="oc-83b">
         <name>.text:tcp_timer_needed</name>
         <load_address>0x79cc8</load_address>
         <run_address>0x79cc8</run_address>
         <size>0x34</size>
         <input_file_ref idref="fl-a"/>
      </object_component>
      <object_component id="oc-613">
         <name>.text:tivaif_init</name>
         <load_address>0x79cfc</load_address>
         <run_address>0x79cfc</run_address>
         <size>0x34</size>
         <input_file_ref idref="fl-a"/>
      </object_component>
      <object_component id="oc-70a">
         <name>.text:ip4_addr_isbroadcast</name>
         <load_address>0x79d30</load_address>
         <run_address>0x79d30</run_address>
         <size>0x32</size>
         <input_file_ref idref="fl-a"/>
      </object_component>
      <object_component id="oc-938">
         <name>.text:tcp_recved</name>
         <load_address>0x79d62</load_address>
         <run_address>0x79d62</run_address>
         <size>0x32</size>
         <input_file_ref idref="fl-a"/>
      </object_component>
      <object_component id="oc-793">
         <name>.text:dhcp_option_trailer</name>
         <load_address>0x79d94</load_address>
         <run_address>0x79d94</run_address>
         <size>0x30</size>
         <input_file_ref idref="fl-a"/>
      </object_component>
      <object_component id="oc-a7b">
         <name>.text:tcp_update_rcv_ann_wnd</name>
         <load_address>0x79dc4</load_address>
         <run_address>0x79dc4</run_address>
         <size>0x30</size>
         <input_file_ref idref="fl-a"/>
      </object_component>
      <object_component id="oc-57f">
         <name>.text:udp_remove</name>
         <load_address>0x79df4</load_address>
         <run_address>0x79df4</run_address>
         <size>0x30</size>
         <input_file_ref idref="fl-a"/>
      </object_component>
      <object_component id="oc-691">
         <name>.text:FindCGIParameter</name>
         <load_address>0x79e24</load_address>
         <run_address>0x79e24</run_address>
         <size>0x2e</size>
         <input_file_ref idref="fl-2"/>
      </object_component>
      <object_component id="oc-4f8">
         <name>.text:tcp_rexmit_rto</name>
         <load_address>0x79e52</load_address>
         <run_address>0x79e52</run_address>
         <size>0x2e</size>
         <input_file_ref idref="fl-a"/>
      </object_component>
      <object_component id="oc-a3">
         <name>.text:EMACIntStatus</name>
         <load_address>0x79e80</load_address>
         <run_address>0x79e80</run_address>
         <size>0x2c</size>
         <input_file_ref idref="fl-db"/>
      </object_component>
      <object_component id="oc-697">
         <name>.text:GetCGIParam</name>
         <load_address>0x79eac</load_address>
         <run_address>0x79eac</run_address>
         <size>0x2c</size>
         <input_file_ref idref="fl-2"/>
      </object_component>
      <object_component id="oc-348">
         <name>.text:autoip_arp_announce</name>
         <load_address>0x79ed8</load_address>
         <run_address>0x79ed8</run_address>
         <size>0x2c</size>
         <input_file_ref idref="fl-a"/>
      </object_component>
      <object_component id="oc-7d2">
         <name>.text:dhcp_handle_offer</name>
         <load_address>0x79f04</load_address>
         <run_address>0x79f04</run_address>
         <size>0x2c</size>
         <input_file_ref idref="fl-a"/>
      </object_component>
      <object_component id="oc-48c">
         <name>.text:etharp_request</name>
         <load_address>0x79f30</load_address>
         <run_address>0x79f30</run_address>
         <size>0x2c</size>
         <input_file_ref idref="fl-a"/>
      </object_component>
      <object_component id="oc-ac3">
         <name>.text:strncmp</name>
         <load_address>0x79f5c</load_address>
         <run_address>0x79f5c</run_address>
         <size>0x2c</size>
         <input_file_ref idref="fl-d1"/>
      </object_component>
      <object_component id="oc-5c0">
         <name>.text:GPIODirModeSet</name>
         <load_address>0x79f88</load_address>
         <run_address>0x79f88</run_address>
         <size>0x2a</size>
         <input_file_ref idref="fl-dd"/>
      </object_component>
      <object_component id="oc-a43">
         <name>.text:HexDigit</name>
         <load_address>0x79fb2</load_address>
         <run_address>0x79fb2</run_address>
         <size>0x2a</size>
         <input_file_ref idref="fl-2"/>
      </object_component>
      <object_component id="oc-342">
         <name>.text:autoip_bind</name>
         <load_address>0x79fdc</load_address>
         <run_address>0x79fdc</run_address>
         <size>0x2a</size>
         <input_file_ref idref="fl-a"/>
      </object_component>
      <object_component id="oc-307">
         <name>.text:pbuf_cat</name>
         <load_address>0x7a006</load_address>
         <run_address>0x7a006</run_address>
         <size>0x2a</size>
         <input_file_ref idref="fl-a"/>
      </object_component>
      <object_component id="oc-88a">
         <name>.text:ustrncpy</name>
         <load_address>0x7a030</load_address>
         <run_address>0x7a030</run_address>
         <size>0x2a</size>
         <input_file_ref idref="fl-c"/>
      </object_component>
      <object_component id="oc-42">
         <name>.text:AnimTimerIntHandler</name>
         <load_address>0x7a05c</load_address>
         <run_address>0x7a05c</run_address>
         <size>0x28</size>
         <input_file_ref idref="fl-3"/>
      </object_component>
      <object_component id="oc-7c4">
         <name>.text:etharp_cleanup_netif</name>
         <load_address>0x7a084</load_address>
         <run_address>0x7a084</run_address>
         <size>0x28</size>
         <input_file_ref idref="fl-a"/>
      </object_component>
      <object_component id="oc-2e1">
         <name>.text:EMACPHYRead</name>
         <load_address>0x7a0ac</load_address>
         <run_address>0x7a0ac</run_address>
         <size>0x26</size>
         <input_file_ref idref="fl-db"/>
      </object_component>
      <object_component id="oc-9a3">
         <name>.text:EMACPHYWrite</name>
         <load_address>0x7a0d2</load_address>
         <run_address>0x7a0d2</run_address>
         <size>0x26</size>
         <input_file_ref idref="fl-db"/>
      </object_component>
      <object_component id="oc-565">
         <name>.text:dhcp_check</name>
         <load_address>0x7a0f8</load_address>
         <run_address>0x7a0f8</run_address>
         <size>0x26</size>
         <input_file_ref idref="fl-a"/>
      </object_component>
      <object_component id="oc-a29">
         <name>.text:http_state_free</name>
         <load_address>0x7a11e</load_address>
         <run_address>0x7a11e</run_address>
         <size>0x26</size>
         <input_file_ref idref="fl-8"/>
      </object_component>
      <object_component id="oc-74e">
         <name>.text:tcp_recv_null</name>
         <load_address>0x7a144</load_address>
         <run_address>0x7a144</run_address>
         <size>0x26</size>
         <input_file_ref idref="fl-a"/>
      </object_component>
      <object_component id="oc-24b">
         <name>.text:IntPrioritySet</name>
         <load_address>0x7a16c</load_address>
         <run_address>0x7a16c</run_address>
         <size>0x24</size>
         <input_file_ref idref="fl-de"/>
      </object_component>
      <object_component id="oc-328">
         <name>.text:etharp_free_entry</name>
         <load_address>0x7a190</load_address>
         <run_address>0x7a190</run_address>
         <size>0x24</size>
         <input_file_ref idref="fl-a"/>
      </object_component>
      <object_component id="oc-434">
         <name>.text:io_is_led_on</name>
         <load_address>0x7a1b4</load_address>
         <run_address>0x7a1b4</run_address>
         <size>0x24</size>
         <input_file_ref idref="fl-4"/>
      </object_component>
      <object_component id="oc-4af">
         <name>.text:memcmp</name>
         <load_address>0x7a1d8</load_address>
         <run_address>0x7a1d8</run_address>
         <size>0x24</size>
         <input_file_ref idref="fl-cd"/>
      </object_component>
      <object_component id="oc-539">
         <name>.text:netif_set_up</name>
         <load_address>0x7a1fc</load_address>
         <run_address>0x7a1fc</run_address>
         <size>0x24</size>
         <input_file_ref idref="fl-a"/>
      </object_component>
      <object_component id="oc-b03">
         <name>.text:tcp_seg_copy</name>
         <load_address>0x7a220</load_address>
         <run_address>0x7a220</run_address>
         <size>0x24</size>
         <input_file_ref idref="fl-a"/>
      </object_component>
      <object_component id="oc-78d">
         <name>.text:dhcp_option_short</name>
         <load_address>0x7a244</load_address>
         <run_address>0x7a244</run_address>
         <size>0x22</size>
         <input_file_ref idref="fl-a"/>
      </object_component>
      <object_component id="oc-850">
         <name>.text:http_state_alloc</name>
         <load_address>0x7a266</load_address>
         <run_address>0x7a266</run_address>
         <size>0x22</size>
         <input_file_ref idref="fl-8"/>
      </object_component>
      <object_component id="oc-a3d">
         <name>.text:IsValidHexDigit</name>
         <load_address>0x7a288</load_address>
         <run_address>0x7a288</run_address>
         <size>0x20</size>
         <input_file_ref idref="fl-2"/>
      </object_component>
      <object_component id="oc-239">
         <name>.text:LocatorMACAddrSet</name>
         <load_address>0x7a2a8</load_address>
         <run_address>0x7a2a8</run_address>
         <size>0x20</size>
         <input_file_ref idref="fl-9"/>
      </object_component>
      <object_component id="oc-38d">
         <name>.text:_SysCtlMemTimingGet</name>
         <load_address>0x7a2c8</load_address>
         <run_address>0x7a2c8</run_address>
         <size>0x20</size>
         <input_file_ref idref="fl-e0"/>
      </object_component>
      <object_component id="oc-8c0">
         <name>.text:autoip_handle_arp_conflict</name>
         <load_address>0x7a2e8</load_address>
         <run_address>0x7a2e8</run_address>
         <size>0x20</size>
         <input_file_ref idref="fl-a"/>
      </object_component>
      <object_component id="oc-787">
         <name>.text:dhcp_option</name>
         <load_address>0x7a308</load_address>
         <run_address>0x7a308</run_address>
         <size>0x20</size>
         <input_file_ref idref="fl-a"/>
      </object_component>
      <object_component id="oc-8d3">
         <name>.text:etharp_send_ip</name>
         <load_address>0x7a328</load_address>
         <run_address>0x7a328</run_address>
         <size>0x20</size>
         <input_file_ref idref="fl-a"/>
      </object_component>
      <object_component id="oc-92">
         <name>.text:lwIPTimer</name>
         <load_address>0x7a348</load_address>
         <run_address>0x7a348</run_address>
         <size>0x20</size>
         <input_file_ref idref="fl-a"/>
      </object_component>
      <object_component id="oc-92a">
         <name>.text:tcp_eff_send_mss</name>
         <load_address>0x7a368</load_address>
         <run_address>0x7a368</run_address>
         <size>0x20</size>
         <input_file_ref idref="fl-a"/>
      </object_component>
      <object_component id="oc-146">
         <name>.text:tcp_tmr</name>
         <load_address>0x7a388</load_address>
         <run_address>0x7a388</run_address>
         <size>0x20</size>
         <input_file_ref idref="fl-a"/>
      </object_component>
      <object_component id="oc-4df">
         <name>.text:usprintf</name>
         <load_address>0x7a3a8</load_address>
         <run_address>0x7a3a8</run_address>
         <size>0x20</size>
         <input_file_ref idref="fl-c"/>
      </object_component>
      <object_component id="oc-997">
         <name>.text:EMACAddrGet</name>
         <load_address>0x7a3c8</load_address>
         <run_address>0x7a3c8</run_address>
         <size>0x1e</size>
         <input_file_ref idref="fl-db"/>
      </object_component>
      <object_component id="oc-58c">
         <name>.text:netif_set_down</name>
         <load_address>0x7a3e6</load_address>
         <run_address>0x7a3e6</run_address>
         <size>0x1e</size>
         <input_file_ref idref="fl-a"/>
      </object_component>
      <object_component id="oc-251">
         <name>.text:http_set_ssi_handler</name>
         <load_address>0x7a404</load_address>
         <run_address>0x7a404</run_address>
         <size>0x1c</size>
         <input_file_ref idref="fl-8"/>
      </object_component>
      <object_component id="oc-69d">
         <name>.text:io_set_led</name>
         <load_address>0x7a420</load_address>
         <run_address>0x7a420</run_address>
         <size>0x1c</size>
         <input_file_ref idref="fl-4"/>
      </object_component>
      <object_component id="oc-31a">
         <name>.text:lwIPLocalIPAddrGet</name>
         <load_address>0x7a43c</load_address>
         <run_address>0x7a43c</run_address>
         <size>0x1c</size>
         <input_file_ref idref="fl-a"/>
      </object_component>
      <object_component id="oc-36a">
         <name>.text:netif_set_addr</name>
         <load_address>0x7a458</load_address>
         <run_address>0x7a458</run_address>
         <size>0x1c</size>
         <input_file_ref idref="fl-a"/>
      </object_component>
      <object_component id="oc-3e4">
         <name>.text:udp_new</name>
         <load_address>0x7a474</load_address>
         <run_address>0x7a474</run_address>
         <size>0x1c</size>
         <input_file_ref idref="fl-a"/>
      </object_component>
      <object_component id="oc-20f">
         <name>.text:UARTprintf</name>
         <load_address>0x7a490</load_address>
         <run_address>0x7a490</run_address>
         <size>0x1a</size>
         <input_file_ref idref="fl-b"/>
      </object_component>
      <object_component id="oc-486">
         <name>.text:autoip_network_changed</name>
         <load_address>0x7a4aa</load_address>
         <run_address>0x7a4aa</run_address>
         <size>0x1a</size>
         <input_file_ref idref="fl-a"/>
      </object_component>
      <object_component id="oc-6f6">
         <name>.text:dhcp_arp_reply</name>
         <load_address>0x7a4c4</load_address>
         <run_address>0x7a4c4</run_address>
         <size>0x1a</size>
         <input_file_ref idref="fl-a"/>
      </object_component>
      <object_component id="oc-601">
         <name>.text:lwip_htonl</name>
         <load_address>0x7a4de</load_address>
         <run_address>0x7a4de</run_address>
         <size>0x1a</size>
         <input_file_ref idref="fl-a"/>
      </object_component>
      <object_component id="oc-428">
         <name>.text:usnprintf</name>
         <load_address>0x7a4f8</load_address>
         <run_address>0x7a4f8</run_address>
         <size>0x1a</size>
         <input_file_ref idref="fl-c"/>
      </object_component>
      <object_component id="oc-97e">
         <name>.text:arp_timer</name>
         <load_address>0x7a514</load_address>
         <run_address>0x7a514</run_address>
         <size>0x18</size>
         <input_file_ref idref="fl-a"/>
      </object_component>
      <object_component id="oc-990">
         <name>.text:autoip_timer</name>
         <load_address>0x7a52c</load_address>
         <run_address>0x7a52c</run_address>
         <size>0x18</size>
         <input_file_ref idref="fl-a"/>
      </object_component>
      <object_component id="oc-984">
         <name>.text:dhcp_timer_coarse</name>
         <load_address>0x7a544</load_address>
         <run_address>0x7a544</run_address>
         <size>0x18</size>
         <input_file_ref idref="fl-a"/>
      </object_component>
      <object_component id="oc-98a">
         <name>.text:dhcp_timer_fine</name>
         <load_address>0x7a55c</load_address>
         <run_address>0x7a55c</run_address>
         <size>0x18</size>
         <input_file_ref idref="fl-a"/>
      </object_component>
      <object_component id="oc-42e">
         <name>.text:io_get_animation_speed_string</name>
         <load_address>0x7a574</load_address>
         <run_address>0x7a574</run_address>
         <size>0x18</size>
         <input_file_ref idref="fl-4"/>
      </object_component>
      <object_component id="oc-4d1">
         <name>.text:pbuf_pool_is_empty</name>
         <load_address>0x7a58c</load_address>
         <run_address>0x7a58c</run_address>
         <size>0x18</size>
         <input_file_ref idref="fl-a"/>
      </object_component>
      <object_component id="oc-895">
         <name>.text:strcmp</name>
         <load_address>0x7a5a4</load_address>
         <run_address>0x7a5a4</run_address>
         <size>0x18</size>
         <input_file_ref idref="fl-cf"/>
      </object_component>
      <object_component id="oc-a03">
         <name>.text:tcp_next_iss</name>
         <load_address>0x7a5bc</load_address>
         <run_address>0x7a5bc</run_address>
         <size>0x18</size>
         <input_file_ref idref="fl-a"/>
      </object_component>
      <object_component id="oc-746">
         <name>.text:tcp_seg_free</name>
         <load_address>0x7a5d4</load_address>
         <run_address>0x7a5d4</run_address>
         <size>0x18</size>
         <input_file_ref idref="fl-a"/>
      </object_component>
      <object_component id="oc-5f0">
         <name>.text:EMACReset</name>
         <load_address>0x7a5ec</load_address>
         <run_address>0x7a5ec</run_address>
         <size>0x16</size>
         <input_file_ref idref="fl-db"/>
      </object_component>
      <object_component id="oc-9bb">
         <name>.text:EMACRxEnable</name>
         <load_address>0x7a602</load_address>
         <run_address>0x7a602</run_address>
         <size>0x16</size>
         <input_file_ref idref="fl-db"/>
      </object_component>
      <object_component id="oc-9b5">
         <name>.text:EMACTxEnable</name>
         <load_address>0x7a618</load_address>
         <run_address>0x7a618</run_address>
         <size>0x16</size>
         <input_file_ref idref="fl-db"/>
      </object_component>
      <object_component id="oc-79f">
         <name>.text:dhcp_delete_msg</name>
         <load_address>0x7a62e</load_address>
         <run_address>0x7a62e</run_address>
         <size>0x16</size>
         <input_file_ref idref="fl-a"/>
      </object_component>
      <object_component id="oc-356">
         <name>.text:dhcp_t1_timeout</name>
         <load_address>0x7a644</load_address>
         <run_address>0x7a644</run_address>
         <size>0x16</size>
         <input_file_ref idref="fl-a"/>
      </object_component>
      <object_component id="oc-35c">
         <name>.text:dhcp_t2_timeout</name>
         <load_address>0x7a65a</load_address>
         <run_address>0x7a65a</run_address>
         <size>0x16</size>
         <input_file_ref idref="fl-a"/>
      </object_component>
      <object_component id="oc-87a">
         <name>.text:http_sent</name>
         <load_address>0x7a670</load_address>
         <run_address>0x7a670</run_address>
         <size>0x16</size>
         <input_file_ref idref="fl-8"/>
      </object_component>
      <object_component id="oc-958">
         <name>.text:pbuf_ref</name>
         <load_address>0x7a686</load_address>
         <run_address>0x7a686</run_address>
         <size>0x16</size>
         <input_file_ref idref="fl-a"/>
      </object_component>
      <object_component id="oc-b21">
         <name>.text:strchr</name>
         <load_address>0x7a69c</load_address>
         <run_address>0x7a69c</run_address>
         <size>0x16</size>
         <input_file_ref idref="fl-ce"/>
      </object_component>
      <object_component id="oc-227">
         <name>.text:FlashUserGet</name>
         <load_address>0x7a6b4</load_address>
         <run_address>0x7a6b4</run_address>
         <size>0x14</size>
         <input_file_ref idref="fl-dc"/>
      </object_component>
      <object_component id="oc-21b">
         <name>.text:SysTickEnable</name>
         <load_address>0x7a6c8</load_address>
         <run_address>0x7a6c8</run_address>
         <size>0x14</size>
         <input_file_ref idref="fl-e1"/>
      </object_component>
      <object_component id="oc-221">
         <name>.text:SysTickIntEnable</name>
         <load_address>0x7a6dc</load_address>
         <run_address>0x7a6dc</run_address>
         <size>0x14</size>
         <input_file_ref idref="fl-e1"/>
      </object_component>
      <object_component id="oc-257">
         <name>.text:http_set_cgi_handlers</name>
         <load_address>0x7a6f0</load_address>
         <run_address>0x7a6f0</run_address>
         <size>0x14</size>
         <input_file_ref idref="fl-8"/>
      </object_component>
      <object_component id="oc-6a3">
         <name>.text:io_set_animation_speed</name>
         <load_address>0x7a704</load_address>
         <run_address>0x7a704</run_address>
         <size>0x14</size>
         <input_file_ref idref="fl-4"/>
      </object_component>
      <object_component id="oc-446">
         <name>.text:strlen</name>
         <load_address>0x7a718</load_address>
         <run_address>0x7a718</run_address>
         <size>0x14</size>
         <input_file_ref idref="fl-d0"/>
      </object_component>
      <object_component id="oc-49b">
         <name>.text:sys_arch_unprotect</name>
         <load_address>0x7a72c</load_address>
         <run_address>0x7a72c</run_address>
         <size>0x14</size>
         <input_file_ref idref="fl-a"/>
      </object_component>
      <object_component id="oc-932">
         <name>.text:tcp_close</name>
         <load_address>0x7a740</load_address>
         <run_address>0x7a740</run_address>
         <size>0x14</size>
         <input_file_ref idref="fl-a"/>
      </object_component>
      <object_component id="oc-3a9">
         <name>.text:GPIOPinTypeEthernetLED</name>
         <load_address>0x7a754</load_address>
         <run_address>0x7a754</run_address>
         <size>0x12</size>
         <input_file_ref idref="fl-dd"/>
      </object_component>
      <object_component id="oc-7ba">
         <name>.text:dhcp_option_byte</name>
         <load_address>0x7a766</load_address>
         <run_address>0x7a766</run_address>
         <size>0x12</size>
         <input_file_ref idref="fl-a"/>
      </object_component>
      <object_component id="oc-2e7">
         <name>.text:netif_set_link_down</name>
         <load_address>0x7a778</load_address>
[...]
         <object_component_ref idref="oc-3ea"/>
      </symbol>
      <symbol id="sm-12a1">
         <name>tcp_next_iss</name>
         <value>0x7a5bd</value>
         <object_component_ref idref="oc-a03"/>
      </symbol>
      <symbol id="sm-12a2">
         <name>tcp_zero_window_probe</name>
         <value>0x76f2d</value>
         <object_component_ref idref="oc-4fe"/>
      </symbol>
      <symbol id="sm-12a3">
         <name>pbuf_copy_partial</name>
         <value>0x78701</value>
         <object_component_ref idref="oc-75c"/>
      </symbol>
      <symbol id="sm-12a4">
         <name>pbuf_alloc</name>
         <value>0x751bd</value>
         <object_component_ref idref="oc-313"/>
      </symbol>
      <symbol id="sm-12a5">
         <name>icmp_input</name>
         <value>0x74911</value>
         <object_component_ref idref="oc-728"/>
      </symbol>
      <symbol id="sm-12a6">
         <name>netif_set_gw</name>
         <value>0x7a8ad</value>
         <object_component_ref idref="oc-533"/>
      </symbol>
      <symbol id="sm-12a7">
         <name>inet_chksum_pbuf</name>
         <value>0x790a7</value>
         <object_component_ref idref="oc-916"/>
      </symbol>
      <symbol id="sm-12a8">
         <name>ip_output</name>
         <value>0x7942d</value>
         <object_component_ref idref="oc-768"/>
      </symbol>
      <symbol id="sm-12a9">
         <name>autoip_network_changed</name>
         <value>0x7a4ab</value>
         <object_component_ref idref="oc-486"/>
      </symbol>
      <symbol id="sm-12aa">
         <name>pbuf_copy</name>
         <value>0x77439</value>
         <object_component_ref idref="oc-91c"/>
      </symbol>
      <symbol id="sm-12ab">
         <name>tcp_segs_free</name>
         <value>0x7a82d</value>
         <object_component_ref idref="oc-50a"/>
      </symbol>
      <symbol id="sm-12ac">
         <name>tcp_close</name>
         <value>0x7a741</value>
         <object_component_ref idref="oc-932"/>
      </symbol>
      <symbol id="sm-12ad">
         <name>tivaif_interrupt</name>
         <value>0x791dd</value>
         <object_component_ref idref="oc-b5"/>
      </symbol>
      <symbol id="sm-12ae">
         <name>ethzero</name>
         <value>0x72135</value>
         <object_component_ref idref="oc-546"/>
      </symbol>
      <symbol id="sm-12af">
         <name>lwIPTimer</name>
         <value>0x7a349</value>
         <object_component_ref idref="oc-92"/>
      </symbol>
      <symbol id="sm-12b0">
         <name>tcp_update_rcv_ann_wnd</name>
         <value>0x79dc5</value>
         <object_component_ref idref="oc-a7b"/>
      </symbol>
      <symbol id="sm-12b1">
         <name>tcp_new</name>
         <value>0x7a945</value>
         <object_component_ref idref="oc-631"/>
      </symbol>
      <symbol id="sm-12b2">
         <name>ethbroadcast</name>
         <value>0x7212f</value>
         <object_component_ref idref="oc-4c7"/>
      </symbol>
      <symbol id="sm-12b3">
         <name>lwip_init</name>
         <value>0x7a7fd</value>
         <object_component_ref idref="oc-5fb"/>
      </symbol>
      <symbol id="sm-12b4">
         <name>inet_chksum_pseudo</name>
         <value>0x77129</value>
         <object_component_ref idref="oc-762"/>
      </symbol>
      <symbol id="sm-12b5">
         <name>lwIPEthernetIntHandler</name>
         <value>0x7798d</value>
         <object_component_ref idref="oc-48"/>
      </symbol>
      <symbol id="sm-12b6">
         <name>tcp_sent</name>
         <value>0x7a96f</value>
         <object_component_ref idref="oc-868"/>
      </symbol>
      <symbol id="sm-12b7">
         <name>tcp_tmr</name>
         <value>0x7a389</value>
         <object_component_ref idref="oc-146"/>
      </symbol>
      <symbol id="sm-12b8">
         <name>autoip_tmr</name>
         <value>0x763dd</value>
         <object_component_ref idref="oc-14c"/>
      </symbol>
      <symbol id="sm-12b9">
         <name>tcp_eff_send_mss</name>
         <value>0x7a369</value>
         <object_component_ref idref="oc-92a"/>
      </symbol>
      <symbol id="sm-12ba">
         <name>tcp_process_refused_data</name>
         <value>0x78631</value>
         <object_component_ref idref="oc-4ef"/>
      </symbol>
      <symbol id="sm-12bb">
         <name>tcp_listen_with_backlog</name>
         <value>0x77305</value>
         <object_component_ref idref="oc-643"/>
      </symbol>
      <symbol id="sm-12bc">
         <name>udp_remove</name>
         <value>0x79df5</value>
         <object_component_ref idref="oc-57f"/>
      </symbol>
      <symbol id="sm-12bd">
         <name>udp_connect</name>
         <value>0x79229</value>
         <object_component_ref idref="oc-593"/>
      </symbol>
      <symbol id="sm-12be">
         <name>dhcp_arp_reply</name>
         <value>0x7a4c5</value>
         <object_component_ref idref="oc-6f6"/>
      </symbol>
      <symbol id="sm-12bf">
         <name>netif_add</name>
         <value>0x78f69</value>
         <object_component_ref idref="oc-607"/>
      </symbol>
      <symbol id="sm-12c0">
         <name>tcp_seg_copy</name>
         <value>0x7a221</value>
         <object_component_ref idref="oc-b03"/>
      </symbol>
      <symbol id="sm-12c1">
         <name>netif_set_default</name>
         <value>0x7a8a1</value>
         <object_component_ref idref="oc-60d"/>
      </symbol>
      <symbol id="sm-12c2">
         <name>tcp_accept</name>
         <value>0x7a967</value>
         <object_component_ref idref="oc-64f"/>
      </symbol>
      <symbol id="sm-12c3">
         <name>sys_now</name>
         <value>0x7a8c5</value>
         <object_component_ref idref="oc-978"/>
      </symbol>
      <symbol id="sm-12c4">
         <name>ip_route</name>
         <value>0x79145</value>
         <object_component_ref idref="oc-826"/>
      </symbol>
      <symbol id="sm-12c5">
         <name>tcp_pcb_remove</name>
         <value>0x78a05</value>
         <object_component_ref idref="oc-90c"/>
      </symbol>
      <symbol id="sm-12c6">
         <name>g_RxDescList</name>
         <value>0x20018048</value>
         <object_component_ref idref="oc-9d7"/>
      </symbol>
      <symbol id="sm-12c7">
         <name>g_TxDescList</name>
         <value>0x20018058</value>
         <object_component_ref idref="oc-9d4"/>
      </symbol>
      <symbol id="sm-12c8">
         <name>sys_timeout</name>
         <value>0x78561</value>
         <object_component_ref idref="oc-972"/>
      </symbol>
      <symbol id="sm-12c9">
         <name>etharp_tmr</name>
         <value>0x796e1</value>
         <object_component_ref idref="oc-140"/>
      </symbol>
      <symbol id="sm-12ca">
         <name>tcp_abort</name>
         <value>0x7a933</value>
         <object_component_ref idref="oc-777"/>
      </symbol>
      <symbol id="sm-12cb">
         <name>mem_trim</name>
         <value>0x75f79</value>
         <object_component_ref idref="oc-8e9"/>
      </symbol>
      <symbol id="sm-12cc">
         <name>dhcp_renew</name>
         <value>0x7790d</value>
         <object_component_ref idref="oc-54b"/>
      </symbol>
      <symbol id="sm-12cd">
         <name>tcp_setprio</name>
         <value>0x7a973</value>
         <object_component_ref idref="oc-637"/>
      </symbol>
      <symbol id="sm-133b">
         <name>UARTStdioConfig</name>
         <value>0x78831</value>
         <object_component_ref idref="oc-209"/>
      </symbol>
      <symbol id="sm-133c">
         <name>UARTwrite</name>
         <value>0x7930d</value>
         <object_component_ref idref="oc-5d3"/>
      </symbol>
      <symbol id="sm-133d">
         <name>UARTprintf</name>
         <value>0x7a491</value>
         <object_component_ref idref="oc-20f"/>
      </symbol>
      <symbol id="sm-133e">
         <name>UARTvprintf</name>
         <value>0x74721</value>
         <object_component_ref idref="oc-3bf"/>
      </symbol>
      <symbol id="sm-139a">
         <name>uvsnprintf</name>
         <value>0x73ab9</value>
         <object_component_ref idref="oc-67e"/>
      </symbol>
      <symbol id="sm-139b">
         <name>ustrncpy</name>
         <value>0x7a031</value>
         <object_component_ref idref="oc-88a"/>
      </symbol>
      <symbol id="sm-139c">
         <name>usprintf</name>
         <value>0x7a3a9</value>
         <object_component_ref idref="oc-4df"/>
      </symbol>
      <symbol id="sm-139d">
         <name>usnprintf</name>
         <value>0x7a4f9</value>
         <object_component_ref idref="oc-428"/>
      </symbol>
      <symbol id="sm-139e">
         <name>ustrncmp</name>
         <value>0x79af1</value>
         <object_component_ref idref="oc-b61"/>
      </symbol>
      <symbol id="sm-13ad">
         <name>__aeabi_memset</name>
         <value>0x77dff</value>
         <object_component_ref idref="oc-e9"/>
      </symbol>
      <symbol id="sm-13ae">
         <name>memset</name>
         <value>0x77e05</value>
         <object_component_ref idref="oc-e9"/>
      </symbol>
      <symbol id="sm-13af">
         <name>__aeabi_memset8</name>
         <value>0x77dff</value>
         <object_component_ref idref="oc-e9"/>
      </symbol>
      <symbol id="sm-13b0">
         <name>__aeabi_memset4</name>
         <value>0x77dff</value>
         <object_component_ref idref="oc-e9"/>
      </symbol>
      <symbol id="sm-13b1">
         <name>__aeabi_memclr8</name>
         <value>0x77dfd</value>
         <object_component_ref idref="oc-e9"/>
      </symbol>
      <symbol id="sm-13b2">
         <name>__aeabi_memclr4</name>
         <value>0x77dfd</value>
         <object_component_ref idref="oc-e9"/>
      </symbol>
      <symbol id="sm-13b3">
         <name>__aeabi_memclr</name>
         <value>0x77dfd</value>
         <object_component_ref idref="oc-e9"/>
      </symbol>
      <symbol id="sm-13ce">
         <name>memcpy</name>
         <value>0x77267</value>
         <object_component_ref idref="oc-5c"/>
      </symbol>
      <symbol id="sm-13cf">
         <name>__aeabi_memcpy</name>
         <value>0x77267</value>
         <object_component_ref idref="oc-5c"/>
      </symbol>
      <symbol id="sm-13d0">
         <name>__aeabi_memcpy8</name>
         <value>0x77267</value>
         <object_component_ref idref="oc-5c"/>
      </symbol>
      <symbol id="sm-13d1">
         <name>__aeabi_memcpy4</name>
         <value>0x77267</value>
         <object_component_ref idref="oc-5c"/>
      </symbol>
      <symbol id="sm-13e0">
         <name>__aeabi_uidivmod</name>
         <value>0x79721</value>
         <object_component_ref idref="oc-5d9"/>
      </symbol>
      <symbol id="sm-13e1">
         <name>__aeabi_uidiv</name>
         <value>0x79721</value>
         <object_component_ref idref="oc-5d9"/>
      </symbol>
      <symbol id="sm-13f3">
         <name>__TI_zero_init</name>
         <value>0x7a871</value>
         <object_component_ref idref="oc-6e"/>
      </symbol>
      <symbol id="sm-140a">
         <name>__TI_decompress_none</name>
         <value>0x7a83d</value>
         <object_component_ref idref="oc-18"/>
      </symbol>
      <symbol id="sm-142d">
         <name>__TI_decompress_lzss</name>
         <value>0x78359</value>
         <object_component_ref idref="oc-12"/>
      </symbol>
      <symbol id="sm-143d">
         <name>memcmp</name>
         <value>0x7a1d9</value>
         <object_component_ref idref="oc-4af"/>
      </symbol>
      <symbol id="sm-144d">
         <name>strchr</name>
         <value>0x7a69d</value>
         <object_component_ref idref="oc-b21"/>
      </symbol>
      <symbol id="sm-145c">
         <name>strcmp</name>
         <value>0x7a5a5</value>
         <object_component_ref idref="oc-895"/>
      </symbol>
      <symbol id="sm-146a">
         <name>strlen</name>
         <value>0x7a719</value>
         <object_component_ref idref="oc-446"/>
      </symbol>
      <symbol id="sm-147a">
         <name>strncmp</name>
         <value>0x79f5d</value>
         <object_component_ref idref="oc-ac3"/>
      </symbol>
      <symbol id="sm-148d">
         <name>strstr</name>
         <value>0x79c61</value>
         <object_component_ref idref="oc-b39"/>
      </symbol>
      <symbol id="sm-14a0">
         <name>__stack</name>
         <value>0x20017c10</value>
         <object_component_ref idref="oc-21"/>
      </symbol>
      <symbol id="sm-14a1">
         <name>_c_int00_noargs</name>
         <value>0x79b91</value>
         <object_component_ref idref="oc-7a"/>
      </symbol>
      <symbol id="sm-14ab">
         <name>__aeabi_idiv0</name>
         <value>0x77303</value>
         <object_component_ref idref="oc-7ed"/>
      </symbol>
      <symbol id="sm-14ac">
         <name>__aeabi_ldiv0</name>
         <value>0x77303</value>
         <object_component_ref idref="oc-7ed"/>
      </symbol>
      <symbol id="sm-14d4">
         <name>__TI_auto_init_nobinit_nopinit</name>
         <value>0x79595</value>
         <object_component_ref idref="oc-289"/>
      </symbol>
      <symbol id="sm-14de">
         <name>_system_pre_init</name>
         <value>0x7a95b</value>
         <object_component_ref idref="oc-ef"/>
      </symbol>
      <symbol id="sm-14ea">
         <name>C$$EXIT</name>
         <value>0x7a95f</value>
         <object_component_ref idref="oc-27d"/>
      </symbol>
      <symbol id="sm-14eb">
         <name>abort</name>
         <value>0x7a95f</value>
         <object_component_ref idref="oc-27d"/>
      </symbol>
      <symbol id="sm-15c0">
         <name>EMACConfigSet</name>
         <value>0x79889</value>
         <object_component_ref idref="oc-2f9"/>
      </symbol>
      <symbol id="sm-15c1">
         <name>EMACTxEnable</name>
         <value>0x7a619</value>
         <object_component_ref idref="oc-9b5"/>
      </symbol>
      <symbol id="sm-15c2">
         <name>EMACRxDMADescriptorListSet</name>
         <value>0x7a903</value>
         <object_component_ref idref="oc-a92"/>
      </symbol>
      <symbol id="sm-15c3">
         <name>EMACPHYConfigSet</name>
         <value>0x78b19</value>
         <object_component_ref idref="oc-3d1"/>
      </symbol>
      <symbol id="sm-15c4">
         <name>EMACPHYRead</name>
         <value>0x7a0ad</value>
         <object_component_ref idref="oc-2e1"/>
      </symbol>
      <symbol id="sm-15c5">
         <name>EMACTimestampIntStatus</name>
         <value>0x7a909</value>
         <object_component_ref idref="oc-af"/>
      </symbol>
      <symbol id="sm-15c6">
         <name>EMACRxEnable</name>
         <value>0x7a603</value>
         <object_component_ref idref="oc-9bb"/>
      </symbol>
      <symbol id="sm-15c7">
         <name>EMACPowerManagementStatusGet</name>
         <value>0x7a8db</value>
         <object_component_ref idref="oc-a9"/>
      </symbol>
      <symbol id="sm-15c8">
         <name>EMACIntClear</name>
         <value>0x79b5d</value>
         <object_component_ref idref="oc-9af"/>
      </symbol>
      <symbol id="sm-15c9">
         <name>EMACConfigGet</name>
         <value>0x79b29</value>
         <object_component_ref idref="oc-2f3"/>
      </symbol>
      <symbol id="sm-15ca">
         <name>EMACInit</name>
         <value>0x77ef5</value>
         <object_component_ref idref="oc-3d7"/>
      </symbol>
      <symbol id="sm-15cb">
         <name>EMACIntEnable</name>
         <value>0x797dd</value>
         <object_component_ref idref="oc-9c1"/>
      </symbol>
      <symbol id="sm-15cc">
         <name>EMACPHYWrite</name>
         <value>0x7a0d3</value>
         <object_component_ref idref="oc-9a3"/>
      </symbol>
      <symbol id="sm-15cd">
         <name>EMACReset</name>
         <value>0x7a5ed</value>
         <object_component_ref idref="oc-5f0"/>
      </symbol>
      <symbol id="sm-15ce">
         <name>EMACFrameFilterSet</name>
         <value>0x7a79d</value>
         <object_component_ref idref="oc-9a9"/>
      </symbol>
      <symbol id="sm-15cf">
         <name>EMACTxDMAPollDemand</name>
         <value>0x7a8e3</value>
         <object_component_ref idref="oc-9ef"/>
      </symbol>
      <symbol id="sm-15d0">
         <name>EMACAddrGet</name>
         <value>0x7a3c9</value>
         <object_component_ref idref="oc-997"/>
      </symbol>
      <symbol id="sm-15d1">
         <name>EMACTxDMADescriptorListSet</name>
         <value>0x7a90f</value>
         <object_component_ref idref="oc-a98"/>
      </symbol>
      <symbol id="sm-15d2">
         <name>EMACIntStatus</name>
         <value>0x79e81</value>
         <object_component_ref idref="oc-a3"/>
      </symbol>
      <symbol id="sm-15e1">
         <name>FlashUserGet</name>
         <value>0x7a6b5</value>
         <object_component_ref idref="oc-227"/>
      </symbol>
      <symbol id="sm-1610">
         <name>GPIOPinRead</name>
         <value>0x7a915</value>
         <object_component_ref idref="oc-263"/>
      </symbol>
      <symbol id="sm-1611">
         <name>GPIODirModeSet</name>
         <value>0x79f89</value>
         <object_component_ref idref="oc-5c0"/>
      </symbol>
      <symbol id="sm-1612">
         <name>GPIOPinWrite</name>
         <value>0x7a91b</value>
         <object_component_ref idref="oc-269"/>
      </symbol>
      <symbol id="sm-1613">
         <name>GPIOPadConfigSet</name>
         <value>0x752f7</value>
         <object_component_ref idref="oc-3a3"/>
      </symbol>
      <symbol id="sm-1614">
         <name>GPIOPinTypeEthernetLED</name>
         <value>0x7a755</value>
         <object_component_ref idref="oc-3a9"/>
      </symbol>
      <symbol id="sm-1655">
         <name>IntPrioritySet</name>
         <value>0x7a16d</value>
         <object_component_ref idref="oc-24b"/>
      </symbol>
      <symbol id="sm-1656">
         <name>IntEnable</name>
         <value>0x782f1</value>
         <object_component_ref idref="oc-9c7"/>
      </symbol>
      <symbol id="sm-1657">
         <name>IntMasterEnable</name>
         <value>0x7a7ad</value>
         <object_component_ref idref="oc-9cd"/>
      </symbol>
      <symbol id="sm-16e0">
         <name>SysCtlDelay</name>
         <value>0x7a927</value>
         <object_component_ref idref="oc-5ef"/>
      </symbol>
      <symbol id="sm-16e1">
         <name>SysCtlMOSCConfigSet</name>
         <value>0x7a859</value>
         <object_component_ref idref="oc-1f7"/>
      </symbol>
      <symbol id="sm-16e2">
         <name>SysCtlPeripheralReady</name>
         <value>0x798f9</value>
         <object_component_ref idref="oc-5e9"/>
      </symbol>
      <symbol id="sm-16e3">
         <name>SysCtlClockFreqSet</name>
         <value>0x74141</value>
         <object_component_ref idref="oc-1fd"/>
      </symbol>
      <symbol id="sm-16e4">
         <name>SysCtlPeripheralReset</name>
         <value>0x78e79</value>
         <object_component_ref idref="oc-5e3"/>
      </symbol>
      <symbol id="sm-1707">
         <name>SysTickEnable</name>
         <value>0x7a6c9</value>
         <object_component_ref idref="oc-21b"/>
      </symbol>
      <symbol id="sm-1708">
         <name>SysTickIntEnable</name>
         <value>0x7a6dd</value>
         <object_component_ref idref="oc-221"/>
      </symbol>
      <symbol id="sm-1709">
         <name>SysTickPeriodSet</name>
         <value>0x7a7bd</value>
         <object_component_ref idref="oc-215"/>
      </symbol>
      <symbol id="sm-1716">
         <name>TimerIntClear</name>
         <value>0x7a957</value>
         <object_component_ref idref="oc-99"/>
      </symbol>
      <symbol id="sm-1720">
         <name>CPUcpsie</name>
         <value>0x7a84b</value>
         <object_component_ref idref="oc-aab"/>
      </symbol>
      <symbol id="sm-1721">
         <name>__TI_static_base__</name>
         <value>0x0</value>
      </symbol>
      <symbol id="sm-1724">
         <name>__mpu_init</name>
         <value>0x0</value>
      </symbol>
      <symbol id="sm-1725">
         <name>_system_post_cinit</name>
         <value>0x0</value>
      </symbol>
   </symbol_table>
   <title>Link successful</title>
</link_info>
