******************************************************************************
                  TI ARM Linker PC v16.9.4                     
******************************************************************************
>> Linked Mon Dec 02 00:54:02 2019

OUTPUT FILE NAME:   <aws_5.out>
ENTRY POINT SYMBOL: "_c_int00"  address: 0002e099


MEMORY CONFIGURATION

         name            origin    length      used     unused   attr    fill
----------------------  --------  ---------  --------  --------  ----  --------
  FLASH                 00000000   00100000  0004002b  000bffd5  R  X
  SRAM                  20000000   00040000  00013e24  0002c1dc  RW X


SEGMENT ALLOCATION MAP

run origin  load origin   length   init length attrs members
----------  ----------- ---------- ----------- ----- -------
00000000    00000000    00040038   00040038    r-x
  00000000    00000000    0000003c   0000003c    r-- .resetVecs
  00000040    00000040    00037612   00037612    r-x .text
  00037658    00037658    0000854d   0000854d    r-- .const
  0003fba8    0003fba8    00000490   00000490    r-- .cinit
20000000    20000000    00000360   00000000    rw-
  20000000    20000000    00000360   00000000    rw- .vecs
20000380    20000380    00013ac4   00000000    rw-
  20000380    20000380    00012b6c   00000000    rw- .bss
  20012eec    20012eec    00000c58   00000000    rw- .data
  20013b44    20013b44    00000300   00000000    rw- .stack


SECTION ALLOCATION MAP

 output                                  attributes/
section   page    origin      length       input sections
--------  ----  ----------  ----------   ----------------
.text      0    00000040    00037612     
                  00000040    0000136c     wolfssl.aem4f : sha.oem4f (.text:Transform)
                  000013ac    0000113e     rtsv7M4_T_le_v4SPD16_eabi.lib : _printfi.obj (.text)
                  000024ea    00000002     hal_userled_stub.aem4f : llled.oem4f (.text:LED_TOGGLE)
                  000024ec    00000c68     stk.aem4f : tcpin.oem4f (.text:TcpInput)
                  00003154    00000b88     wolfssl.aem4f : internal.oem4f (.text:SendServerKeyExchange)
                  00003cdc    000009ac     rtsv7M4_T_le_v4SPD16_eabi.lib : e_pow.obj (.text)
                  00004688    00000901     empty.obj (.text:awsiot_test)
                  00004f89    00000001     --HOLE-- [fill = 0]
                  00004f8a    00000002     stk.aem4f : nat.oem4f (.text:NatMsg)
                  00004f8c    000008b8               : tcpout.oem4f (.text:TcpOutput)
                  00005844    00000884     wolfssl.aem4f : md5.oem4f (.text:Transform)
                  000060c8    0000084c                   : internal.oem4f (.text:SendClientKeyExchange)
                  00006914    00000828                   : internal.oem4f (.text:DoClientKeyExchange)
                  0000713c    00000608                   : internal.oem4f (.text:DoServerKeyExchange)
                  00007744    000005e4                   : ecc.oem4f (.text:ecc_projective_add_point)
                  00007d28    0000051a                   : sha256.oem4f (.text:Transform_Sha256)
                  00008242    00000002                   : internal.oem4f (.text:PadCheck)
                  00008244    000004fe                   : internal.oem4f (.text:ProcessPeerCerts)
                  00008742    00000002                   : wolfio.oem4f (.text:TranslateReturnCode)
                  00008744    000004e4                   : ecc.oem4f (.text:wc_ecc_verify_hash_ex)
                  00008c28    00000484                   : ssl.oem4f (.text:ProcessBuffer)
                  000090ac    00000468                   : aes.oem4f (.text:wc_AesSetKeyLocal)
                  00009514    00000450                   : keys.oem4f (.text:SetCipherSpecs)
                  00009964    00000004     stk.aem4f : bind.oem4f (.text:BindGetIF)
                  00009968    00000430     sysbios.aem4f : BIOS.obj (.text:ti_sysbios_family_arm_m3_Hwi_excDumpRegs__I)
                  00009d98    00000408     stk.aem4f : ipout.oem4f (.text:IPTxPacket)
                  0000a1a0    00000408     wolfssl.aem4f : ecc.oem4f (.text:wc_ecc_mulmod_ex)
                  0000a5a8    000003fc                   : ecc.oem4f (.text:ecc_projective_dbl_point)
                  0000a9a4    000003c8                   : keys.oem4f (.text:SetKeys)
                  0000ad6c    000003c8                   : aes.oem4f (.text:wc_AesEncrypt)
                  0000b134    000003c4     rtsv7M4_T_le_v4SPD16_eabi.lib : e_log.obj (.text)
                  0000b4f8    000003ae     wolfssl.aem4f : asn.oem4f (.text:GetName)
                  0000b8a6    00000002     os.aem4f : task.oem4f (.text:_TaskInit)
                  0000b8a8    00000388     wolfssl.aem4f : aes.oem4f (.text:wc_AesDecrypt)
                  0000bc30    00000384     stk.aem4f : ipin.oem4f (.text:IPRxPacket)
                  0000bfb4    00000372     nettool_ipv4.aem4f : dnscomn.oem4f (.text:DNSResolveByName)
                  0000c326    00000002     os.aem4f : task.oem4f (.text:_TaskShutdown)
                  0000c328    00000370     wolfssl.aem4f : internal.oem4f (.text:SendCertificateVerify)
                  0000c698    0000035e     mqttexample.obj (.text:mqtt_show_usage)
                  0000c9f6    00000002     hal_ser_stub.aem4f : llserstb.oem4f (.text:_llSerialServiceCheck)
                  0000c9f8    0000034c     ti.targets.arm.rtsarm.aem4f : System.oem4f (.text:xdc_runtime_System_doPrint__I)
                  0000cd44    00000320     wolfssl.aem4f : tfm.oem4f (.text:fp_div)
                  0000d064    0000031e                   : internal.oem4f (.text:SetSSL_CTX)
                  0000d382    00000002     hal_ser_stub.aem4f : llserstb.oem4f (.text:_llSerialShutdown)
                  0000d384    0000031c     wolfssl.aem4f : internal.oem4f (.text:ProcessReply)
                  0000d6a0    00000318                   : asn.oem4f (.text:wc_PemGetHeaderFooter)
                  0000d9b8    00000300                   : internal.oem4f (.text:SendCertificate)
                  0000dcb8    000002fe     nettool_ipv4.aem4f : dnscomn.oem4f (.text:DNSResolveByAddr)
                  0000dfb6    00000002     hal_userled_stub.aem4f : llled.oem4f (.text:_llUserLedInit)
                  0000dfb8    000002f8     nettool_ipv4.aem4f : inetaddr.oem4f (.text:getaddrinfo)
                  0000e2b0    000002f2     wolfssl.aem4f : asn.oem4f (.text:ParseCertRelative)
                  0000e5a2    00000002     hal_userled_stub.aem4f : llled.oem4f (.text:_llUserLedShutdown)
                  0000e5a4    000002ec     wolfssl.aem4f : asn.oem4f (.text:OidFromId)
                  0000e890    000002da     nettool_ipv4.aem4f : dnscomn.oem4f (.text:DNSResolveByNS)
                  0000eb6a    00000006     driverlib.lib : emac.obj (.text:EMACRxDMADescriptorListSet)
                  0000eb70    000002c8     sysbios.aem4f : BIOS.obj (.text:ti_sysbios_knl_Semaphore_pend__E)
                  0000ee38    000002c6     wolfssl.aem4f : internal.oem4f (.text:InitSuites)
                  0000f0fe    00000002                   : tfm.oem4f (.text:fp_free)
                  0000f100    000002c0     sysbios.aem4f : BIOS.obj (.text:ti_sysbios_knl_Task_Instance_finalize__E)
                  0000f3c0    000002b6     wolfssl.aem4f : asn.oem4f (.text:DecodeCertExtensions)
                  0000f676    00000002     hal_ser_stub.aem4f : llserstb.oem4f (.text:llSerialService)
                  0000f678    000002a0     rtsv7M4_T_le_v4SPD16_eabi.lib : mktime.obj (.text)
                  0000f918    00000284     wolfssl.aem4f : ssl.oem4f (.text:ProcessUserChain)
                  0000fb9c    00000284     stk.aem4f : sock.oem4f (.text:SockSet)
                  0000fe20    00000280     wolfssl.aem4f : internal.oem4f (.text:DoClientHello)
                  000100a0    00000280                   : tfm.oem4f (.text:fp_invmod_slow)
                  00010320    00000276                   : asn.oem4f (.text:PemToDer)
                  00010596    00000002     rtsv7M4_T_le_v4SPD16_eabi.lib : i_div0.obj (.text)
                  00010598    00000264     wolfssl.aem4f : ecc.oem4f (.text:wc_ecc_sign_hash_ex)
                  000107fc    0000025e     mqtt_client.obj (.text:MqttClient_HandlePacket)
                  00010a5a    0000025e     stk.aem4f : fileuser.oem4f (.text:fdPoll)
                  00010cb8    0000025c     wolfssl.aem4f : internal.oem4f (.text:DoCertificateVerify)
                  00010f14    0000025c                   : internal.oem4f (.text:SanityCheckMsgReceived)
                  00011170    00000258                   : ssl.oem4f (.text:ProcessBufferTryDecode)
                  000113c8    00000258     sysbios.aem4f : BIOS.obj (.text:ti_sysbios_heaps_HeapMem_free__E)
                  00011620    00000250     wolfssl.aem4f : rsa.oem4f (.text:wc_RsaFunctionSync)
                  00011870    0000024c     stk.aem4f : ipfrag.oem4f (.text:IPReasm)
                  00011abc    00000004               : bind.oem4f (.text:BindGetNext)
                  00011ac0    00000248     sysbios.aem4f : BIOS.obj (.text:ti_sysbios_heaps_HeapMem_alloc__E)
                  00011d08    00000244     wolfssl.aem4f : internal.oem4f (.text:BuildMessage)
                  00011f4c    00000240                   : internal.oem4f (.text:DoHandShakeMsgType)
                  0001218c    0000023c     stk.aem4f : icmpin.oem4f (.text:ICMPInput)
                  000123c8    00000238               : udp.oem4f (.text:UdpInput)
                  00012600    00000224     mqtt_packet.obj (.text:MqttEncode_Connect)
                  00012824    0000021e     rtsv7M4_T_le_v4SPD16_eabi.lib : ll_div_t2.obj (.text)
                  00012a42    00000212     wolfssl.aem4f : asn.oem4f (.text:DecodeAltNames)
                  00012c54    00000212     mqtt_client.obj (.text:MqttClient_DecodePacket)
                  00012e66    00000002     rtsv7M4_T_le_v4SPD16_eabi.lib : l_div0.obj (.text)
                  00012e68    0000020c     drivers_tivaware.aem4f : UARTTiva.oem4f (.text:UARTTiva_open)
                  00013074    00000204     Boot.aem4f : Boot_sysctl.oem4f (.text:ti_catalog_arm_cortexm4_tiva_ce_Boot_sysCtlClockFreqSetI__I)
                  00013278    00000201     mqttnet.obj (.text:NetConnect)
                  00013479    00000001     --HOLE-- [fill = 0]
                  0001347a    00000002     empty_pem4f.oem4f (.text:ti_ndk_config_Global_NetworkClose)
                  0001347c    00000200     wolfssl.aem4f : internal.oem4f (.text:SendServerHello)
                  0001367c    000001fe                   : aes.oem4f (.text:GHASH)
                  0001387a    00000006     driverlib.lib : emac.obj (.text:EMACTxDMADescriptorListSet)
                  00013880    000001fc     sysbios.aem4f : BIOS.obj (.text:ti_sysbios_family_arm_m3_Hwi_excHandlerMax__I)
                  00013a7c    000001f8     stk.aem4f : sock.oem4f (.text:SockGet)
                  00013c74    000001f4     mqtt_client.obj (.text:MqttClient_ReturnCodeToString)
                  00013e68    000001f4     stk.aem4f : sock.oem4f (.text:SockRecv)
                  0001405c    000001f4     rtsv7M4_T_le_v4SPD16_eabi.lib : ull_div_t2.obj (.text)
                  00014250    000001f4     sysbios.aem4f : BIOS.obj (.text:ti_sysbios_knl_Task_Instance_init__E)
                  00014444    000001f0     mqttexample.obj (.text:mqtt_parse_args)
                  00014634    00000004     wolfssl.aem4f : asn.oem4f (.text:CalcHashId)
                  00014638    000001ec     sysbios.aem4f : BIOS.obj (.text:ti_sysbios_knl_Task_sleep__E)
                  00014824    000001ea     wolfssl.aem4f : ssl.oem4f (.text:wolfSSL_accept)
                  00014a0e    000001d8                   : tls.oem4f (.text:TLSX_ValidateSupportedCurves)
                  00014be6    00000002     empty_pem4f.oem4f (.text:ti_ndk_config_Global_NetworkOpen)
                  00014be8    000001d8     wolfssl.aem4f : tfm.oem4f (.text:fp_invmod)
                  00014dc0    000001d6                   : tls.oem4f (.text:Hmac_UpdateFinal_CT)
                  00014f96    000001d0     mqtt_client.obj (.text:MqttClient_Publish_WritePayload)
                  00015166    000001d0     wolfssl.aem4f : rsa.oem4f (.text:RsaPrivateDecryptEx)
                  00015336    000001ca                   : asn.oem4f (.text:ConfirmSignature)
                  00015500    000001c8                   : ssl.oem4f (.text:AddCA)
                  000156c8    000001c4     rtsv7M4_T_le_v4SPD16_eabi.lib : fopen.obj (.text)
                  0001588c    000001ba     wolfssl.aem4f : internal.oem4f (.text:SendClientHello)
                  00015a46    00000002     empty_pem4f.oem4f (.text:ti_ndk_config_global_taskCreateHook)
                  00015a48    000001b8     drivers_tivaware.aem4f : EMACSnow.oem4f (.text:EMACSnow_NIMUInit)
                  00015c00    000001b6     rtsv7M4_T_le_v4SPD16_eabi.lib : fd_add_t2.obj (.text)
                  00015db6    000001b4     wolfssl.aem4f : internal.oem4f (.text:CipherRequires)
                  00015f6a    00000002     empty_pem4f.oem4f (.text:ti_ndk_config_global_taskExitHook)
                  00015f6c    000001b0     stk.aem4f : lliout.oem4f (.text:LLITxIpPacket)
                  0001611c    000001b0     mqtt_socket.obj (.text:MqttSocket_Connect)
                  000162cc    000001ac     stk.aem4f : lliin.oem4f (.text:LLIRxPacket)
                  00016478    000001ac     wolfssl.aem4f : internal.oem4f (.text:SSL_hmac)
                  00016624    0000019c     os.aem4f : mem.oem4f (.text:mmAlloc)
                  000167c0    0000019a     nettool_ipv4.aem4f : dnsclnt.oem4f (.text:DNSResolve)
                  0001695a    0000019a     wolfssl.aem4f : rsa.oem4f (.text:RsaPad_OAEP)
                  00016af4    00000198                   : internal.oem4f (.text:DoServerHello)
                  00016c8c    00000198     stk.aem4f : igmp.oem4f (.text:IGMPInput)
                  00016e24    00000198     nettool_ipv4.aem4f : ipaddr.oem4f (.text:NtGetPublicHost)
                  00016fbc    00000192     wolfssl.aem4f : ssl.oem4f (.text:wolfSSL_connect)
                  0001714e    00000002     empty_pem4f.oem4f (.text:ti_sysbios_BIOS_nullFunc__I)
                  00017150    00000190     stk.aem4f : sock.oem4f (.text:SockNew)
                  000172e0    00000190     wolfssl.aem4f : ecc.oem4f (.text:ecc_map)
                  00017470    0000018e                   : tfm.oem4f (.text:fp_sqr_comba)
                  000175fe    00000002     empty_pem4f.oem4f (.text:ti_uia_loggers_LoggerStopMode_setFilterLevel__E)
                  00017600    00000188     wolfssl.aem4f : internal.oem4f (.text:GetDhPublicKey)
                  00017788    00000188     mqtt_packet.obj (.text:MqttPacket_Read)
                  00017910    00000188     wolfssl.aem4f : tls.oem4f (.text:TLSX_ALPN_ParseAndSet)
                  00017a98    00000186     stk.aem4f : fileuser.oem4f (.text:fdSelect)
                  00017c1e    00000002     ti.uia.loggers.aem4f : LoggerStopMode.oem4f (.text:ti_uia_loggers_LoggerStopMode_setPriority__E)
                  00017c20    00000184     wolfssl.aem4f : ssl.oem4f (.text:AddSession)
                  00017da4    00000184                   : internal.oem4f (.text:InitSSL)
                  00017f28    00000183     mqttnet.obj (.text:NetRead_ex)
                  000180ab    00000001     --HOLE-- [fill = 0]
                  000180ac    00000004     wolfssl.aem4f : internal.oem4f (.text:DoCertificate)
                  000180b0    0000017c     sysbios.aem4f : BIOS.obj (.text:ti_sysbios_family_arm_lm4_TimestampProvider_get64__E)
                  0001822c    00000174     wolfssl.aem4f : des3.oem4f (.text:DesRawProcessBlock)
                  000183a0    00000174     netctrl_min_ipv4.aem4f : netctrl.oem4f (.text:NC_NetStart)
                  00018514    00000004     os.aem4f : ossys.oem4f (.text:NDK_vsprintf)
                  00018518    00000174     sysbios.aem4f : BIOS.obj (.text:ti_sysbios_family_arm_m3_Hwi_excBusFault__I)
                  0001868c    00000170     stk.aem4f : rtc.oem4f (.text:RTCReport)
                  000187fc    00000170     wolfssl.aem4f : tfm.oem4f (.text:mp_prime_is_prime_ex)
                  0001896c    00000170     mqttexample.obj (.text:mygetopt)
                  00018adc    00000170     rtsv7M4_T_le_v4SPD16_eabi.lib : e_sqrt.obj (.text)
                  00018c4c    0000016c     nettool_ipv4.aem4f : dnscomn.oem4f (.text:DNSResolveExternal)
                  00018db8    0000016a     stk.aem4f : sb.oem4f (.text:SBRead)
                  00018f22    00000006     driverlib.lib : gpio.obj (.text:GPIOIntClear)
                  00018f28    00000164     sysbios.aem4f : BIOS.obj (.text:ti_sysbios_family_arm_m3_Hwi_excUsageFault__I)
                  0001908c    00000160     wolfssl.aem4f : asn.oem4f (.text:DecodeCrlDist)
                  000191ec    00000160                   : internal.oem4f (.text:DoCertificateRequest)
                  0001934c    00000160     stk.aem4f : sock.oem4f (.text:SockConnect)
                  000194ac    00000158     nettool_ipv4.aem4f : dhcpmain.oem4f (.text:DHCPOpen)
                  00019604    00000158     wolfssl.aem4f : tfm.oem4f (.text:_fp_exptmod)
                  0001975c    00000156                   : asn.oem4f (.text:wc_EccPrivateKeyDecode)
                  000198b2    00000002                   : aes.oem4f (.text:wc_AesFree)
                  000198b4    00000154     rtsv7M4_T_le_v4SPD16_eabi.lib : fgets.obj (.text)
                  00019a08    00000150     drivers_tivaware.aem4f : GPIOTiva.oem4f (.text:GPIO_setConfig)
                  00019b58    0000014c     wolfssl.aem4f : rsa.oem4f (.text:RsaUnPad_OAEP)
                  00019ca4    0000014c                   : internal.oem4f (.text:SendData)
                  00019df0    00000148     sysbios.aem4f : BIOS.obj (.text:ti_sysbios_family_arm_lm4_Timer_start__E)
                  00019f38    00000148                   : BIOS.obj (.text:ti_sysbios_family_arm_m3_Hwi_excMemFault__I)
                  0001a080    00000146     mqtt_client.obj (.text:MqttClient_Publish_ReadPayload)
                  0001a1c6    00000002     wolfssl.aem4f : arc4.oem4f (.text:wc_Arc4Free)
                  0001a1c8    00000144                   : coding.oem4f (.text:Base64_Decode)
                  0001a30c    00000144     stk.aem4f : bind.oem4f (.text:BindNew)
                  0001a450    00000144     wolfssl.aem4f : internal.oem4f (.text:SendCertificateRequest)
                  0001a594    00000140     stk.aem4f : tcp.oem4f (.text:TcpTimeoutCheck)
                  0001a6d4    00000140     wolfssl.aem4f : tfm.oem4f (.text:_fp_exptmod_base_2)
                  0001a814    0000013c     nettool_ipv4.aem4f : config.oem4f (.text:CfgAddEntry)
                  0001a950    0000013c     wolfssl.aem4f : internal.oem4f (.text:DoHandShakeMsg)
                  0001aa8c    0000013c     stk.aem4f : sockint.oem4f (.text:SockNotify)
                  0001abc8    0000013c               : sock.oem4f (.text:SockSend)
                  0001ad04    00000004               : node.oem4f (.text:NodeSetRt)
                  0001ad08    0000013c     sysbios.aem4f : BIOS.obj (.text:ti_sysbios_heaps_HeapMem_Instance_init__E)
                  0001ae44    0000013a     wolfssl.aem4f : hmac.oem4f (.text:wc_HmacSetKey)
                  0001af7e    0000013a                   : hash.oem4f (.text:wc_PRF)
                  0001b0b8    00000138                   : internal.oem4f (.text:MaskMac)
                  0001b1f0    00000138     rtsv7M4_T_le_v4SPD16_eabi.lib : localtim.obj (.text)
                  0001b328    00000138     empty_pem4f.oem4f (.text:ti_uia_loggers_LoggerStopMode_writeMemoryRange__E)
                  0001b460    00000136     wolfssl.aem4f : asn.oem4f (.text:ConfirmNameConstraints)
                  0001b596    00000136     nettool_ipv4.aem4f : dnspkt.oem4f (.text:DNSGetReply)
                  0001b6cc    00000136     rtsv7M4_T_le_v4SPD16_eabi.lib : fd_div_t2.obj (.text)
                  0001b802    00000136     wolfssl.aem4f : asn.oem4f (.text:wc_RsaPublicKeyDecode_ex)
                  0001b938    00000134                   : des3.oem4f (.text:DesSetKey)
                  0001ba6c    00000134     stk.aem4f : icmp.oem4f (.text:ICMPGenPacket)
                  0001bba0    00000134     empty.obj (.text:main)
                  0001bcd4    00000134     rtsv7M4_T_le_v4SPD16_eabi.lib : fputs.obj (.text)
                  0001be08    00000134     sysbios.aem4f : BIOS.obj (.text:ti_sysbios_knl_Task_setPri__E)
                  0001bf3c    00000132     nettool_ipv4.aem4f : dnspkt.oem4f (.text:DNSReadRecord)
                  0001c06e    00000132     wolfssl.aem4f : asn.oem4f (.text:GetKey)
                  0001c1a0    00000130     driverlib.lib : gpio.obj (.text:GPIOPadConfigSet)
                  0001c2d0    0000012e     mqtt_client.obj (.text:MqttClient_WaitType)
                  0001c3fe    00000002     wolfssl.aem4f : des3.oem4f (.text:wc_Des3Free)
                  0001c400    0000012c     EK_TM4C1294XL.obj (.text:EK_TM4C1294XL_initEMAC)
                  0001c52c    00000128     wolfssl.aem4f : dh.oem4f (.text:GeneratePrivateDh186)
                  0001c654    00000124     stk.aem4f : sockpcb.oem4f (.text:SockPcbResolve)
                  0001c778    00000124               : udp.oem4f (.text:UdpOutput)
                  0001c89c    00000122     wolfssl.aem4f : tfm.oem4f (.text:fp_mul_comba)
                  0001c9be    00000120     mqtt_packet.obj (.text:MqttEncode_Publish)
                  0001cade    00000120     wolfssl.aem4f : tfm.oem4f (.text:fp_montgomery_reduce)
                  0001cbfe    00000002                   : md5.oem4f (.text:wc_Md5Free)
                  0001cc00    00000120     empty_pem4f.oem4f (.text:ti_ndk_config_Global_stackThread)
                  0001cd20    00000120     wolfssl.aem4f : ecc.oem4f (.text:wc_ecc_make_pub_ex)
                  0001ce40    0000011e     mqtt_client.obj (.text:MqttClient_Publish_ex)
                  0001cf5e    00000002     wolfssl.aem4f : sha256.oem4f (.text:wc_Sha256Free)
                  0001cf60    0000011c     sysbios.aem4f : BIOS.obj (.text:ti_sysbios_knl_Clock_Instance_init__E)
                  0001d07c    0000011a     wolfssl.aem4f : random.oem4f (.text:Hash_df)
                  0001d196    00000118                   : aes.oem4f (.text:GMULT)
                  0001d2ae    00000002                   : sha.oem4f (.text:wc_ShaFree)
                  0001d2b0    00000118                   : keys.oem4f (.text:MakeSslMasterSecret)
                  0001d3c8    00000118     stk.aem4f : tcpout.oem4f (.text:TcpGenPacket)
                  0001d4e0    00000118     ti.targets.arm.rtsarm.aem4f : Error.oem4f (.text:xdc_runtime_Error_policyDefault__E)
                  0001d5f8    00000114     stk.aem4f : nimu.oem4f (.text:NIMUIoctl)
                  0001d70c    00000114     wolfssl.aem4f : tls.oem4f (.text:TLSX_Parse)
                  0001d820    00000114                   : tfm.oem4f (.text:fp_div_d)
                  0001d934    00000110     stk.aem4f : node.oem4f (.text:NodeTreeFree)
                  0001da44    00000110               : raw.oem4f (.text:RawInput)
                  0001db54    00000110     wolfssl.aem4f : internal.oem4f (.text:VerifyMac)
                  0001dc64    00000110                   : dh.oem4f (.text:_DhSetKey)
                  0001dd74    0000010c                   : rsa.oem4f (.text:RsaPublicEncryptEx)
                  0001de80    0000010c     stk.aem4f : rtable.oem4f (.text:RtFind)
                  0001df8c    0000010c     empty_pem4f.oem4f (.text:ti_uia_loggers_LoggerStopMode_write8__E)
                  0001e098    0000010a     stk.aem4f : route.oem4f (.text:RtCreate)
                  0001e1a2    00000002     empty_pem4f.oem4f (.text:xdc_runtime_Startup_reset__I)
                  0001e1a4    00000108     wolfssl.aem4f : keys.oem4f (.text:DeriveKeys)
                  0001e2ac    00000108     drivers_tivaware.aem4f : EMACSnow.oem4f (.text:EMACSnow_emacStart)
                  0001e3b4    00000108     wolfssl.aem4f : internal.oem4f (.text:SSL_ResourceFree)
                  0001e4bc    00000108                   : hash.oem4f (.text:wc_PRF_TLSv1)
                  0001e5c4    00000104     os.aem4f : task.oem4f (.text:llEnter)
                  0001e6c8    00000102     wolfssl.aem4f : aes.oem4f (.text:AES_GCM_encrypt_C)
                  0001e7ca    00000102     nettool_ipv4.aem4f : dhcppkt.oem4f (.text:dhcpPacketProcess)
                  0001e8cc    00000102                        : inetaddr.oem4f (.text:inet_aton)
                  0001e9ce    00000100     wolfssl.aem4f : aes.oem4f (.text:AES_GCM_decrypt_C)
                  0001eace    00000002     --HOLE-- [fill = 0]
                  0001ead0    00000100     stk.aem4f : igmp.oem4f (.text:IGMPSendReply)
                  0001ebd0    00000100     ti.targets.arm.rtsarm.aem4f : Core-mem.oem4f (.text:xdc_runtime_Core_createObject__I)
                  0001ecd0    000000fc     wolfssl.aem4f : ssl.oem4f (.text:GetSession)
                  0001edcc    000000fc     netctrl_min_ipv4.aem4f : netctrl.oem4f (.text:NetScheduler)
                  0001eec8    000000fc     rtsv7M4_T_le_v4SPD16_eabi.lib : fd_mul_t2.obj (.text)
                  0001efc4    000000fc                                   : s_scalbn.obj (.text)
                  0001f0c0    000000fc     sysbios.aem4f : BIOS.obj (.text:ti_sysbios_knl_Task_postInit__I)
                  0001f1bc    000000fa     wolfssl.aem4f : internal.oem4f (.text:FreeHandshakeResources)
                  0001f2b6    000000f8                   : internal.oem4f (.text:DoVerifyCallback)
                  0001f3ae    000000f8     stk.aem4f : pipe.oem4f (.text:PipeRecv)
                  0001f4a6    00000002     --HOLE-- [fill = 0]
                  0001f4a8    000000f8     ti.targets.arm.rtsarm.aem4f : Startup.oem4f (.text:xdc_runtime_Startup_startMods__I)
                  0001f5a0    000000f8     empty_pem4f.oem4f (.text:xdc_runtime_System_printfExtend__I)
                  0001f698    000000f6     wolfssl.aem4f : random.oem4f (.text:Hash_gen)
                  0001f78e    00000002     --HOLE-- [fill = 0]
                  0001f790    000000f4     os.aem4f : task.oem4f (.text:TaskGetEnv)
                  0001f884    000000f4     empty.obj (.text:mqtt_message_cb)
                  0001f978    000000f4     sysbios.aem4f : m3_Hwi_asm.obj (.text:ti_sysbios_family_arm_m3_Hwi_dispatch__I)
                  0001fa6c    000000f4     empty_pem4f.oem4f (.text:ti_uia_loggers_LoggerStopMode_write4__E)
                  0001fb60    000000f2     mqtt_packet.obj (.text:MqttEncode_Subscribe)
                  0001fc52    00000002     --HOLE-- [fill = 0]
                  0001fc54    000000f0     stk.aem4f : lliout.oem4f (.text:LLIGenArpPacket)
                  0001fd44    000000f0               : sock.oem4f (.text:SockClose)
                  0001fe34    000000ee     nettool_ipv4.aem4f : dnspkt.oem4f (.text:DNSWriteRecord)
                  0001ff22    00000006     driverlib.lib : gpio.obj (.text:GPIOPinRead)
                  0001ff28    000000ec     sysbios.aem4f : BIOS.obj (.text:ti_sysbios_io_DEV_postInit__I)
                  00020014    00000004     stk.aem4f : rawethsock_prot.oem4f (.text:RawEthSockPrAttach)
                  00020018    000000ec     sysbios.aem4f : BIOS.obj (.text:ti_sysbios_knl_Semaphore_post__E)
                  00020104    000000ec     wolfssl.aem4f : ecc.oem4f (.text:wc_ecc_import_x963_ex)
                  000201f0    000000e8     os.aem4f : task.oem4f (.text:TaskSetEnv)
                  000202d8    000000e8     empty_pem4f.oem4f (.text:ti_uia_loggers_LoggerStopMode_write1__E)
                  000203c0    000000e8     empty_pem4f.oem4f (.text:ti_uia_loggers_LoggerStopMode_write2__E)
                  000204a8    000000e6     nettool_ipv4.aem4f : dnspkt.oem4f (.text:DNSWriteName)
                  0002058e    000000e6     mqtt_packet.obj (.text:MqttDecode_Publish)
                  00020674    000000e6     wolfssl.aem4f : tls.oem4f (.text:TLSX_WriteRequest)
                  0002075a    00000002     --HOLE-- [fill = 0]
                  0002075c    000000e4                   : internal.oem4f (.text:SendAlert)
                  00020840    000000e4                   : ecc.oem4f (.text:wc_ecc_export_x963)
                  00020924    000000e2                   : asn.oem4f (.text:wc_EccPublicKeyDecode)
                  00020a06    000000e2                   : rsa.oem4f (.text:wc_RsaFunction)
                  00020ae8    000000e0                   : rsa.oem4f (.text:RsaMGF1)
                  00020bc8    000000e0                   : tls.oem4f (.text:TLSX_Write)
                  00020ca8    000000e0     stk.aem4f : tcptime.oem4f (.text:TcpTimeoutRexmt)
                  00020d88    000000de     wolfssl.aem4f : hmac.oem4f (.text:wc_HmacFinal)
                  00020e66    00000002     --HOLE-- [fill = 0]
                  00020e68    000000dc                   : internal.oem4f (.text:DecodePrivateKey)
                  00020f44    000000dc     stk.aem4f : sb.oem4f (.text:SBWrite)
                  00021020    000000dc     wolfssl.aem4f : internal.oem4f (.text:VerifyServerSuite)
                  000210fc    000000dc     nettool_ipv4.aem4f : dhcpsock.oem4f (.text:dhcpSocketOpen)
                  000211d8    000000dc                        : dhcpsm.oem4f (.text:dhcpState)
                  000212b4    000000dc     rtsv7M4_T_le_v4SPD16_eabi.lib : setvbuf.obj (.text)
                  00021390    000000db     empty.obj (.text:aws_cloude)
                  0002146b    00000001     --HOLE-- [fill = 0]
                  0002146c    000000d9     wolfssl.aem4f : tfm.oem4f (.text:fp_read_radix)
                  00021545    00000003     --HOLE-- [fill = 0]
                  00021548    000000d8     stk.aem4f : node.oem4f (.text:NodeAdd)
                  00021620    000000d8               : tcpprot.oem4f (.text:TcpPrSetOption)
                  000216f8    000000d8     sysbios.aem4f : BIOS.obj (.text:ti_sysbios_family_arm_lm4_TimestampProvider_get32__E)
                  000217d0    000000d8     empty_pem4f.oem4f (.text:ti_uia_loggers_LoggerStopMode_write0__E)
                  000218a8    000000d4     drivers_tivaware.aem4f : EMACSnow.oem4f (.text:EMACSnow_handleRx)
                  0002197c    000000d4     stk.aem4f : sockpcb.oem4f (.text:SockPcbBind)
                  00021a50    000000d4     sysbios.aem4f : BIOS.obj (.text:ti_sysbios_knl_Swi_Instance_init__E)
                  00021b24    000000d2     wolfssl.aem4f : internal.oem4f (.text:PickHashSigAlgo)
                  00021bf6    000000d2                   : asn.oem4f (.text:wc_RsaPrivateKeyDecode)
                  00021cc8    000000d1     stk.aem4f : nimu.oem4f (.text:NIMUReceivePacket)
                  00021d99    00000003     --HOLE-- [fill = 0]
                  00021d9c    000000d0     wolfssl.aem4f : internal.oem4f (.text:SendFinished)
                  00021e6c    00000004     stk.aem4f : rawethsock_prot.oem4f (.text:RawEthSockPrDetach)
                  00021e70    000000d0     sysbios.aem4f : BIOS.obj (.text:ti_sysbios_knl_Task_exit__E)
                  00021f40    000000ce     wolfssl.aem4f : tfm.oem4f (.text:s_fp_sub)
                  0002200e    00000002     --HOLE-- [fill = 0]
                  00022010    000000cc                   : internal.oem4f (.text:DecryptDo)
                  000220dc    000000cc     stk.aem4f : icmp.oem4f (.text:ICMPSendRtAdv)
                  000221a8    000000cc               : rawethsock.oem4f (.text:RawEthSockGet)
                  00022274    000000cc     wolfssl.aem4f : rsa.oem4f (.text:RsaUnPad)
                  00022340    000000cc     nettool_ipv4.aem4f : dhcpbild.oem4f (.text:dhcpBuildHeader)
                  0002240c    000000cc                        : dhcpsm.oem4f (.text:dhcpIPAdd)
                  000224d8    000000cc                        : dhcppkt.oem4f (.text:dhcpVerifyMessage)
                  000225a4    000000cc     ti.targets.arm.rtsarm.aem4f : Core-smem.oem4f (.text:xdc_runtime_Core_constructObject__I)
                  00022670    000000c8     stk.aem4f : rawethsock.oem4f (.text:RawEthSockNew)
                  00022738    000000c8     netctrl_min_ipv4.aem4f : netsrv.oem4f (.text:SPIpNet)
                  00022800    000000c8     wolfssl.aem4f : sha256.oem4f (.text:Sha256Update)
                  000228c8    000000c8     rtsv7M4_T_le_v4SPD16_eabi.lib : fflush.obj (.text)
                  00022990    000000c8     wolfssl.aem4f : sha.oem4f (.text:wc_ShaUpdate)
                  00022a58    000000c4                   : internal.oem4f (.text:Decrypt)
                  00022b1c    000000c4     drivers_tivaware.aem4f : EMACSnow.oem4f (.text:EMACSnow_InitDMADescriptors)
                  00022be0    000000c4     wolfssl.aem4f : internal.oem4f (.text:HandleTlsResumption)
                  00022ca4    000000c4     stk.aem4f : igmp.oem4f (.text:IGMPJoinHostGroup)
                  00022d68    000000c4     wolfssl.aem4f : internal.oem4f (.text:ReceiveData)
                  00022e2c    000000c4     nettool_ipv4.aem4f : dhcpsm.oem4f (.text:StateBound)
                  00022ef0    000000c2                        : dnspkt.oem4f (.text:DNSReadName)
                  00022fb2    00000002     --HOLE-- [fill = 0]
                  00022fb4    000000c1     empty.obj (.text:mqtt_aws_tls_verify_cb)
                  00023075    00000001     --HOLE-- [fill = 0]
                  00023076    000000c0     wolfssl.aem4f : random.oem4f (.text:_InitRng)
                  00023136    00000002     --HOLE-- [fill = 0]
                  00023138    000000be     nettool_ipv4.aem4f : dnsclnt.oem4f (.text:DNSGetHostByName)
                  000231f6    000000be     wolfssl.aem4f : sha.oem4f (.text:wc_ShaFinal)
                  000232b4    000000bc                   : internal.oem4f (.text:GetInputData)
                  00023370    000000bc     stk.aem4f : sockpcb.oem4f (.text:SockPcbFind)
                  0002342c    000000bc     wolfssl.aem4f : tls.oem4f (.text:TLSX_GetSize)
                  000234e8    000000bc     stk.aem4f : vlan.oem4f (.text:VLANDeinit)
                  000235a4    000000bc     wolfssl.aem4f : tfm.oem4f (.text:fp_prime_miller_rabin_ex)
                  00023660    000000bc     rtsv7M4_T_le_v4SPD16_eabi.lib : open.obj (.text)
                  0002371c    00000004     os.aem4f : semaphore.oem4f (.text:SemPend)
                  00023720    000000bc     sysbios.aem4f : BIOS.obj (.text:ti_sysbios_family_arm_m3_Hwi_excDebugMon__I)
                  000237dc    00000004     os.aem4f : semaphore.oem4f (.text:SemPost)
                  000237e0    000000bc     sysbios.aem4f : BIOS.obj (.text:ti_sysbios_family_arm_m3_Hwi_excHardFault__I)
                  0002389c    000000bc     wolfssl.aem4f : wc_port.oem4f (.text:wc_InitMutex)
                  00023958    000000bc                   : random.oem4f (.text:wc_RNG_HealthTestLocal)
                  00023a14    000000bc                   : ecc.oem4f (.text:wc_ecc_verify_hash)
                  00023ad0    000000ba                   : tls.oem4f (.text:TLSX_GetRequestSize)
                  00023b8a    00000002     --HOLE-- [fill = 0]
                  00023b8c    000000b8     EK_TM4C1294XL.obj (.text:EK_TM4C1294XL_initGeneral)
                  00023c44    000000b8     wolfssl.aem4f : internal.oem4f (.text:EncryptDo)
                  00023cfc    000000b8                   : random.oem4f (.text:Hash_DRBG_Generate)
                  00023db4    000000b8     stk.aem4f : icmpin.oem4f (.text:ICMPRevSrcRoute)
                  00023e6c    000000b8     mqtt_client.obj (.text:MqttClient_Subscribe)
                  00023f24    000000b8     mqttnet.obj (.text:NetWrite)
                  00023fdc    000000b8     wolfssl.aem4f : tls.oem4f (.text:TLS_hmac)
                  00024094    000000b8     stk.aem4f : lli.oem4f (.text:_LLITimeoutCheck)
                  0002414c    000000b8     empty.obj (.text:mqtt_aws_tls_cb)
                  00024204    000000b8     wolfssl.aem4f : dh.oem4f (.text:wc_DhAgree_Sync)
                  000242bc    000000b6                   : asn.oem4f (.text:MatchBaseName)
                  00024372    00000002     --HOLE-- [fill = 0]
                  00024374    000000b4                   : internal.oem4f (.text:BuildSHA)
                  00024428    000000b4                   : internal.oem4f (.text:CompleteServerHello)
                  000244dc    000000b4     stk.aem4f : tcptime.oem4f (.text:TcpTimeoutKeep)
                  00024590    000000b4     sysbios.aem4f : BIOS.obj (.text:ti_sysbios_gates_GateMutex_enter__E)
                  00024644    00000004     os.aem4f : semaphore.oem4f (.text:SemReset)
                  00024648    000000b4     sysbios.aem4f : BIOS.obj (.text:ti_sysbios_knl_Task_checkStacks__E)
                  000246fc    000000b4     wolfssl.aem4f : md5.oem4f (.text:wc_Md5Update)
                  000247b0    000000b4                   : ecc.oem4f (.text:wc_ecc_make_key_ex)
                  00024864    000000b2                   : asn.oem4f (.text:ValidateDate)
                  00024916    000000b2                   : tfm.oem4f (.text:s_fp_add)
                  000249c8    000000b1     nettool_ipv4.aem4f : inetaddr.oem4f (.text:createAddrInfo)
                  00024a79    00000003     --HOLE-- [fill = 0]
                  00024a7c    000000b0     wolfssl.aem4f : internal.oem4f (.text:BuildMD5)
                  00024b2c    000000b0                   : asn.oem4f (.text:DecodeExtKeyUsage)
                  00024bdc    000000b0                   : internal.oem4f (.text:GetRecordHeader)
                  00024c8c    000000b0     stk.aem4f : rawethsock.oem4f (.text:RawEthSockSet)
                  00024d3c    000000b0     wolfssl.aem4f : internal.oem4f (.text:SendServerHelloDone)
                  00024dec    000000b0                   : keys.oem4f (.text:StoreKeys)
                  00024e9c    00000004                   : internal.oem4f (.text:SendCertificateStatus)
                  00024ea0    000000b0     sysbios.aem4f : BIOS.obj (.text:ti_sysbios_utils_Load_idleFxn__E)
                  00024f50    000000ae     wolfssl.aem4f : asn.oem4f (.text:DecodeSubtree)
                  00024ffe    00000002     --HOLE-- [fill = 0]
                  00025000    000000ac     stk.aem4f : rtable.oem4f (.text:RtTimeoutCheck)
                  000250ac    000000ac     drivers_tivaware.aem4f : UARTTiva.oem4f (.text:readTaskBlocking)
                  00025158    000000ac     rtsv7M4_T_le_v4SPD16_eabi.lib : _io_perm.obj (.text)
                  00025204    000000ac     empty_pem4f.oem4f (.text:ti_ndk_config_ip_init)
                  000252b0    000000ac     sysbios.aem4f : BIOS.obj (.text:ti_sysbios_family_arm_lm4_Timer_enableTiva__I)
                  0002535c    000000ac     wolfssl.aem4f : ecc.oem4f (.text:wc_ecc_curve_load)
                  00025408    000000aa                   : asn.oem4f (.text:ExtractDate)
                  000254b2    000000aa                   : rsa.oem4f (.text:RsaPad)
                  0002555c    000000a8     stk.aem4f : sockint.oem4f (.text:SockCreatePacket)
                  00025604    00000004     os.aem4f : task.oem4f (.text:TaskSelf)
                  00025608    000000a8     sysbios.aem4f : BIOS.obj (.text:ti_sysbios_family_arm_lm4_Timer_enableTimers__I)
                  000256b0    000000a6     wolfssl.aem4f : asn.oem4f (.text:DecodeAuthInfo)
                  00025756    000000a6                   : asn.oem4f (.text:GetDate)
                  000257fc    000000a6                   : asn.oem4f (.text:SetAlgoID)
                  000258a2    000000a6                   : tfm.oem4f (.text:fp_read_radix_16)
                  00025948    000000a4                   : internal.oem4f (.text:Encrypt)
                  000259ec    000000a4                   : internal.oem4f (.text:MatchSuite)
                  00025a90    000000a4     sysbios.aem4f : BIOS.obj (.text:ti_sysbios_knl_Clock_Instance_finalize__E)
                  00025b34    000000a4     wolfssl.aem4f : aes.oem4f (.text:wc_AesGcmEncrypt_ex)
                  00025bd8    000000a0                   : internal.oem4f (.text:BuildMD5_CertVerify)
                  00025c78    000000a0                   : internal.oem4f (.text:BuildSHA_CertVerify)
                  00025d18    000000a0     stk.aem4f : ip.oem4f (.text:IPGetRoute)
                  00025db8    000000a0     wolfssl.aem4f : internal.oem4f (.text:InitSSL_Ctx)
                  00025e58    000000a0                   : internal.oem4f (.text:MatchDomainName)
                  00025ef8    000000a0                   : internal.oem4f (.text:ProcessPeerCertParse)
                  00025f98    000000a0     auto_init.aem4f : auto_init.oem4f (.text)
                  00026038    000000a0     rtsv7M4_T_le_v4SPD16_eabi.lib : _bufread.obj (.text)
                  000260d8    000000a0     ti.targets.arm.rtsarm.aem4f : Text.oem4f (.text:xdc_runtime_Text_putMod__E)
                  00026178    0000009f     wolfssl.aem4f : keys.oem4f (.text:SetPrefix)
                  00026217    00000001     --HOLE-- [fill = 0]
                  00026218    0000009e     stk.aem4f : nimu.oem4f (.text:NIMUAddEthernetHeader)
                  000262b6    0000009e     nettool_ipv4.aem4f : dhcpbild.oem4f (.text:dhcpBuildRequest)
                  00026354    0000009c     wolfssl.aem4f : asn.oem4f (.text:CheckBitString)
                  000263f0    0000009c     stk.aem4f : exec.oem4f (.text:ExecOpen)
                  0002648c    0000009c     wolfssl.aem4f : asn.oem4f (.text:ToTraditionalInline_ex)
                  00026528    0000009c                   : tfm.oem4f (.text:fp_isprime_ex)
                  000265c4    0000009c     rtsv7M4_T_le_v4SPD16_eabi.lib : memcpy_t2.obj (.text)
                  00026660    0000009c     sysbios.aem4f : BIOS.obj (.text:ti_sysbios_knl_Semaphore_Instance_init__E)
                  000266fc    00000004     os.aem4f : task.oem4f (.text:TaskSetPri)
                  00026700    0000009c     sysbios.aem4f : BIOS.obj (.text:ti_sysbios_knl_Task_schedule__I)
                  0002679c    0000009c     wolfssl.aem4f : ecc.oem4f (.text:wc_ecc_sign_hash)
                  00026838    0000009a     ti.targets.arm.rtsarm.aem4f : Text.oem4f (.text:xdc_runtime_Text_putSite__E)
                  000268d2    00000098     wolfssl.aem4f : dh.oem4f (.text:GeneratePrivateDh)
                  0002696a    00000002     --HOLE-- [fill = 0]
                  0002696c    00000098     netctrl_min_ipv4.aem4f : netctrl.oem4f (.text:NC_SystemOpen)
                  00026a04    00000098                            : netsrv.oem4f (.text:ServiceScan)
                  00026a9c    00000098     drivers_tivaware.aem4f : UARTTiva.oem4f (.text:UARTTiva_readPolling)
                  00026b34    00000098     rtsv7M4_T_le_v4SPD16_eabi.lib : fclose.obj (.text)
                  00026bcc    00000098                                   : fputc.obj (.text)
                  00026c64    00000098     Boot.aem4f : Boot.oem4f (.text:ti_catalog_arm_cortexm4_tiva_ce_Boot_sysCtlClockFreqSet__E)
                  00026cfc    00000096     wolfssl.aem4f : random.oem4f (.text:wc_RNG_GenerateBlock)
                  00026d92    00000002     --HOLE-- [fill = 0]
                  00026d94    00000094     nettool_ipv4.aem4f : config.oem4f (.text:CfgRemoveEntry)
                  00026e28    00000094     wolfssl.aem4f : internal.oem4f (.text:GrowInputBuffer)
                  00026ebc    00000094                   : sha256.oem4f (.text:Sha256Final)
                  00026f50    00000094     drivers_tivaware.aem4f : UARTTiva.oem4f (.text:UARTTiva_write)
                  00026fe4    00000094     rtsv7M4_T_le_v4SPD16_eabi.lib : snprintf.obj (.text)
                  00027078    00000094     sysbios.aem4f : BIOS.obj (.text:ti_sysbios_family_arm_m3_Hwi_Instance_init__E)
                  0002710c    00000004     driverlib.lib : uart.obj (.text:UARTIntClear)
                  00027110    00000094     sysbios.aem4f : BIOS.obj (.text:ti_sysbios_family_arm_m3_Hwi_initNVIC__E)
                  000271a4    00000004     hal_ser_stub.aem4f : llserstb.oem4f (.text:_llSerialInit)
                  000271a8    00000094     sysbios.aem4f : BIOS.obj (.text:ti_sysbios_utils_Load_updateLoads__E)
                  0002723c    00000094     wolfssl.aem4f : rsa.oem4f (.text:wc_InitRsaKey_ex)
                  000272d0    00000094                   : hash.oem4f (.text:wc_PRF_TLS)
                  00027364    00000092                   : md5.oem4f (.text:wc_Md5Final)
                  000273f6    00000002     --HOLE-- [fill = 0]
                  000273f8    00000090     nettool_ipv4.aem4f : config.oem4f (.text:CfgExecute)
                  00027488    00000090     wolfssl.aem4f : dh.oem4f (.text:DiscreteLogWorkFactor)
                  00027518    00000090                   : internal.oem4f (.text:DoFinished)
                  000275a8    00000090     stk.aem4f : igmp.oem4f (.text:IGMPMsg)
                  00027638    00000090     os.aem4f : mem.oem4f (.text:mmBulkAlloc)
                  000276c8    00000090     sysbios.aem4f : BIOS.obj (.text:ti_sysbios_knl_Task_Module_startup__E)
                  00027758    00000090                   : BIOS.obj (.text:ti_sysbios_knl_Task_startCore__E)
                  000277e8    00000090     ti.uia.loggers.aem4f : LoggerStopMode.oem4f (.text:ti_uia_loggers_LoggerStopMode_initQueueDescriptor__E)
                  00027878    0000008e     wolfssl.aem4f : internal.oem4f (.text:AllocKey)
                  00027906    0000008e                   : internal.oem4f (.text:InitSSL_Suites)
                  00027994    0000008e                   : internal.oem4f (.text:SendChangeCipher)
                  00027a22    0000008c     nettool_ipv4.aem4f : dnscomn.oem4f (.text:DNSResolveQuery)
                  00027aae    00000002     --HOLE-- [fill = 0]
                  00027ab0    0000008c     wolfssl.aem4f : internal.oem4f (.text:DoApplicationData)
                  00027b3c    0000008c                   : des3.oem4f (.text:FPERM)
                  00027bc8    0000008c     drivers_tivaware.aem4f : GPIOTiva.oem4f (.text:GPIO_init)
                  00027c54    0000008c     wolfssl.aem4f : dh.oem4f (.text:GeneratePublicDh)
                  00027ce0    0000008c                   : asn.oem4f (.text:GetObjectId)
                  00027d6c    0000008c                   : des3.oem4f (.text:IPERM)
                  00027df8    0000008c     stk.aem4f : ip.oem4f (.text:IPMsg)
                  00027e84    0000008c     mqtt_socket.obj (.text:MqttSocket_Read)
                  00027f10    0000008c     mqtt_socket.obj (.text:MqttSocket_Write)
                  00027f9c    0000008c     wolfssl.aem4f : internal.oem4f (.text:SendBuffered)
                  00028028    0000008c     drivers_tivaware.aem4f : UARTTiva.oem4f (.text:UARTTiva_control)
                  000280b4    0000008c     os.aem4f : mem.oem4f (.text:_mmInit)
                  00028140    0000008c              : mem.oem4f (.text:mmInitPage)
                  000281cc    0000008c     sysbios.aem4f : m3_TaskSupport_asm.obj (.text:ti_sysbios_family_arm_m3_TaskSupport_buildTaskStack)
                  00028258    0000008c     empty.obj (.text:uart_rw)
                  000282e4    0000008c     wolfssl.aem4f : rsa.oem4f (.text:wc_FreeRsaKey)
                  00028370    0000008c                   : ecc.oem4f (.text:wc_ecc_shared_secret_gen_sync)
                  000283fc    0000008b     mqttexample.obj (.text:mqtt_init_ctx)
                  00028487    00000001     --HOLE-- [fill = 0]
                  00028488    0000008a     wolfssl.aem4f : asn.oem4f (.text:GetDateInfo)
                  00028512    0000008a                   : internal.oem4f (.text:GrowOutputBuffer)
                  0002859c    0000008a     mqtt_packet.obj (.text:MqttDecode_FixedHeader)
                  00028626    0000008a     netctrl_min_ipv4.aem4f : netsrv.oem4f (.text:SPRoute)
                  000286b0    0000008a     wolfssl.aem4f : tls.oem4f (.text:TLSX_WriteResponse)
                  0002873a    0000008a     drivers_tivaware.aem4f : UARTTiva.oem4f (.text:readIsrTextBlocking)
                  000287c4    00000088     wolfssl.aem4f : internal.oem4f (.text:DoAlert)
                  0002884c    00000088     netctrl_min_ipv4.aem4f : netsrv.oem4f (.text:ServiceSpawn)
                  000288d4    00000088     stk.aem4f : sockpcb.oem4f (.text:SockPcbCtlError)
                  0002895c    00000086               : sock.oem4f (.text:SockCheck)
                  000289e2    00000086     nettool_ipv4.aem4f : dhcpsm.oem4f (.text:StateRequesting)
                  00028a68    00000086     rtsv7M4_T_le_v4SPD16_eabi.lib : fd_cmp_t2.obj (.text:__aeabi_cdcmple)
                  00028aee    00000086                                   : fd_cmp_t2.obj (.text:__aeabi_cdrcmple)
                  00028b74    00000084     nettool_ipv4.aem4f : config.oem4f (.text:CfgGetEntry)
                  00028bf8    00000084     drivers_tivaware.aem4f : EMACSnow.oem4f (.text:EMACSnow_processPhyInterrupt)
                  00028c7c    00000084     wolfssl.aem4f : asn.oem4f (.text:GetAlgoId)
                  00028d00    00000084     stk.aem4f : tcpprot.oem4f (.text:TcpPrAttach)
                  00028d84    00000084     os.aem4f : mem.oem4f (.text:mmBulkFree)
                  00028e08    00000084              : mem.oem4f (.text:mmFree)
                  00028e8c    00000004     wolfssl.aem4f : asn.oem4f (.text:btoi)
                  00028e90    00000084     sysbios.aem4f : BIOS.obj (.text:ti_sysbios_family_arm_m3_Hwi_postInit__I)
                  00028f14    00000084     wolfssl.aem4f : asn.oem4f (.text:wc_RsaPublicKeyDecodeRaw)
                  00028f98    00000082                   : asn.oem4f (.text:DateGreaterThan)
                  0002901a    00000082     mqtt_client.obj (.text:MqttClient_Connect)
                  0002909c    00000082     mqtt_packet.obj (.text:MqttEncode_PublishResp)
                  0002911e    00000082     nettool_ipv4.aem4f : dhcpsm.oem4f (.text:StateRenewRebind)
                  000291a0    00000082     drivers_tivaware.aem4f : UARTTiva.oem4f (.text:readIsrTextCallback)
                  00029222    00000002     --HOLE-- [fill = 0]
                  00029224    00000080                            : EMACSnow.oem4f (.text:EMACSnow_emacStop)
                  000292a4    00000080                            : EMACSnow.oem4f (.text:EMACSnow_processPendingTx)
                  00029324    00000080     stk.aem4f : lli.oem4f (.text:LLINew)
                  000293a4    00000080     netctrl_min_ipv4.aem4f : netsrv.oem4f (.text:NS_BootTask)
                  00029424    00000080     stk.aem4f : pbm.oem4f (.text:PBM_alloc)
                  000294a4    00000080               : raw.oem4f (.text:RawOutput)
                  00029524    00000080     wolfssl.aem4f : hash.oem4f (.text:wc_Hash)
                  000295a4    0000007f     empty_pem4f.oem4f (.text:ti_ndk_config_Global_NetworkIPAddr)
                  00029623    00000001     --HOLE-- [fill = 0]
                  00029624    0000007e     wolfssl.aem4f : asn.oem4f (.text:GetCertHeader)
                  000296a2    0000007e     mqtt_socket.obj (.text:MqttSocket_Disconnect)
                  00029720    0000007e     stk.aem4f : fileuser.oem4f (.text:fdClose)
                  0002979e    0000007e     wolfssl.aem4f : tfm.oem4f (.text:fp_mul_d)
                  0002981c    0000007c                   : asn.oem4f (.text:AllocDer)
                  00029898    0000007c     nettool_ipv4.aem4f : config.oem4f (.text:CfgGetNextEntry)
                  00029914    0000007c     drivers_tivaware.aem4f : EMACSnow.oem4f (.text:EMACSnow_hwiIntFxn)
                  00029990    0000007c     stk.aem4f : igmp.oem4f (.text:IGMPDoMCast)
                  00029a0c    0000007c               : igmp.oem4f (.text:IGMPJoin)
                  00029a88    0000007c     mqtt_client.obj (.text:MqttClient_Init)
                  00029b04    0000007c     mqtt_client.obj (.text:MqttClient_Ping_ex)
                  00029b80    0000007c     stk.aem4f : socket.oem4f (.text:NDK_getsockopt)
                  00029bfc    0000007c               : socket.oem4f (.text:NDK_setsockopt)
                  00029c78    0000007c               : nimu.oem4f (.text:NIMURegister)
                  00029cf4    0000007c               : pbm.oem4f (.text:PBM_free)
                  00029d70    0000007c     wolfssl.aem4f : asn.oem4f (.text:StoreECC_DSA_Sig)
                  00029dec    0000007c                   : tfm.oem4f (.text:fp_exptmod)
                  00029e68    0000007c     nettool_ipv4.aem4f : inetaddr.oem4f (.text:inet_pton)
                  00029ee4    0000007c     wolfssl.aem4f : dh.oem4f (.text:wc_DhCheckPubValue)
                  00029f60    0000007c                   : ecc.oem4f (.text:wc_ecc_shared_secret_gen)
                  00029fdc    0000007c                   : ssl.oem4f (.text:wolfSSL_Cleanup)
                  0002a058    0000007a                   : internal.oem4f (.text:FreeCiphers)
                  0002a0d2    0000007a                   : tls.oem4f (.text:Hmac_OuterHash)
                  0002a14c    0000007a                   : tls.oem4f (.text:TLSX_PopulateExtensions)
                  0002a1c6    0000007a     drivers_tivaware.aem4f : UARTTiva.oem4f (.text:readTaskCallback)
                  0002a240    0000007a     rtsv7M4_T_le_v4SPD16_eabi.lib : memset_t2.obj (.text)
                  0002a2ba    00000002     --HOLE-- [fill = 0]
                  0002a2bc    00000078     driverlib.lib : emac.obj (.text:EMACInit)
                  0002a334    00000078     mqttnet.obj (.text:MqttClientNet_Init)
                  0002a3ac    00000078     stk.aem4f : socket.oem4f (.text:NDK_sendto)
                  0002a424    00000078     wolfssl.aem4f : tls.oem4f (.text:TLSX_SupportedCurve_Parse)
                  0002a49c    00000078     stk.aem4f : tcptime.oem4f (.text:TcpXmitTimer)
                  0002a514    00000078               : fileuser.oem4f (.text:fdOpenSession)
                  0002a58c    00000078     wolfssl.aem4f : tfm.oem4f (.text:fp_div_2)
                  0002a604    00000078                   : tfm.oem4f (.text:fp_mul_2d)
                  0002a67c    00000078     os.aem4f : task.oem4f (.text:llExit)
                  0002a6f4    00000078     wolfssl.aem4f : random.oem4f (.text:wc_RNG_HealthTest_ex)
                  0002a76c    00000076                   : asn.oem4f (.text:DecodeNameConstraints)
                  0002a7e2    00000076     stk.aem4f : pipe.oem4f (.text:PipeSend)
                  0002a858    00000075               : tcptime.oem4f (.text:TcpTimeoutSackRexmt)
                  0002a8cd    00000003     --HOLE-- [fill = 0]
                  0002a8d0    00000074     wolfssl.aem4f : tls.oem4f (.text:BuildTlsFinished)
                  0002a944    00000074                   : asn.oem4f (.text:DecodeAuthKeyId)
                  0002a9b8    00000074                   : des3.oem4f (.text:Des3ProcessBlock)
                  0002aa2c    00000074                   : random.oem4f (.text:Hash_DRBG_Reseed)
                  0002aaa0    00000074     stk.aem4f : igmp.oem4f (.text:IGMPLeaveHostGroup)
                  0002ab14    00000074               : nimu.oem4f (.text:NIMUShutdown)
                  0002ab88    00000074               : raweth.oem4f (.text:RawEthRxPacket)
                  0002abfc    00000074               : sockpcb.oem4f (.text:SockPcbConnect)
                  0002ac70    00000074     wolfssl.aem4f : tfm.oem4f (.text:fp_div_2d)
                  0002ace4    00000074     nettool_ipv4.aem4f : inetaddr.oem4f (.text:setAddrInfo)
                  0002ad58    00000074     sysbios.aem4f : BIOS.obj (.text:ti_sysbios_knl_Clock_start__E)
                  0002adcc    00000074     ti.uia.runtime.aem4f : QueueDescriptor.oem4f (.text:ti_uia_runtime_QueueDescriptor_addToList__E)
                  0002ae40    00000072     wolfssl.aem4f : asn.oem4f (.text:DecodeBasicCaConstraint)
                  0002aeb2    00000072     mqtt_packet.obj (.text:MqttEncode_FixedHeader)
                  0002af24    00000072     os.aem4f : semaphore.oem4f (.text:SemCreateBinary)
                  0002af96    00000072     wolfssl.aem4f : tfm.oem4f (.text:fp_mod_2d)
                  0002b008    00000072                   : ecc.oem4f (.text:wc_ecc_shared_secret_ex)
                  0002b07a    00000002     --HOLE-- [fill = 0]
                  0002b07c    00000070                   : tls.oem4f (.text:BuildTlsHandshakeHash)
                  0002b0ec    00000070     mqtt_packet.obj (.text:MqttDecode_SubscribeAck)
                  0002b15c    00000070     stk.aem4f : socket.oem4f (.text:NDK_send)
                  0002b1cc    00000070               : rtable.oem4f (.text:RtFlush)
                  0002b23c    00000070     netctrl_min_ipv4.aem4f : netsrv.oem4f (.text:SPConfig)
                  0002b2ac    00000070     stk.aem4f : sock.oem4f (.text:SockShutdown)
                  0002b31c    00000070     wolfssl.aem4f : internal.oem4f (.text:TimingPadVerify)
                  0002b38c    00000070     nettool_ipv4.aem4f : dhcptags.oem4f (.text:dhcpDecodeType)
                  0002b3fc    00000070     rtsv7M4_T_le_v4SPD16_eabi.lib : getdevice.obj (.text)
                  0002b46c    00000070                                   : printf.obj (.text)
                  0002b4dc    0000006e     mqtt_packet.obj (.text:MqttDecode_ConnectAck)
                  0002b54a    0000006e     stk.aem4f : socket.oem4f (.text:NDK_recv)
                  0002b5b8    0000006e               : rtable.oem4f (.text:RtWalkNext)
                  0002b626    0000006e               : sockpcb.oem4f (.text:SockPcbFindRaw)
                  0002b694    0000006d               : node.oem4f (.text:NodeNew)
                  0002b701    00000003     --HOLE-- [fill = 0]
                  0002b704    0000006d     ti.targets.arm.rtsarm.aem4f : System.oem4f (.text:xdc_runtime_System_formatNum__I)
                  0002b771    00000003     --HOLE-- [fill = 0]
                  0002b774    0000006c     os.aem4f : ossys.oem4f (.text:DbgPrintf)
                  0002b7e0    0000006c     mqtt_packet.obj (.text:MqttDecode_PublishResp)
                  0002b84c    0000006c     stk.aem4f : node.oem4f (.text:NodeTreeNew)
                  0002b8b8    0000006c     wolfssl.aem4f : ssl.oem4f (.text:ProcessChainBuffer)
                  0002b924    0000006c     stk.aem4f : raweth.oem4f (.text:RawEthTxPacket)
                  0002b990    0000006c               : udp.oem4f (.text:UdpChecksum)
                  0002b9fc    0000006c     wolfssl.aem4f : wolfmath.oem4f (.text:mp_rand)
                  0002ba68    0000006c     rtsv7M4_T_le_v4SPD16_eabi.lib : hostrename.obj (.text)
                  0002bad4    00000004     stk.aem4f : listlib.oem4f (.text:list_get_head)
                  0002bad8    0000006c     sysbios.aem4f : BIOS.obj (.text:ti_sysbios_knl_Clock_workFunc__E)
                  0002bb44    00000004     stk.aem4f : listlib.oem4f (.text:list_get_next)
                  0002bb48    0000006c     sysbios.aem4f : BIOS.obj (.text:ti_sysbios_knl_Swi_restoreHwi__E)
                  0002bbb4    0000006c     wolfssl.aem4f : aes.oem4f (.text:wc_AesGcmSetIV)
                  0002bc20    0000006c     drivers_tivaware.aem4f : UARTTiva.oem4f (.text:writeData)
                  0002bc8c    0000006c     ti.targets.arm.rtsarm.aem4f : Error.oem4f (.text:xdc_runtime_Error_print__E)
                  0002bcf8    0000006c                                 : Memory.oem4f (.text:xdc_runtime_Memory_alloc__E)
                  0002bd64    0000006a     mqtt_packet.obj (.text:MqttDecode_UnsubscribeAck)
                  0002bdce    0000006a     wolfssl.aem4f : asn.oem4f (.text:ParseCert)
                  0002be38    0000006a     stk.aem4f : tcpprot.oem4f (.text:TcpPrInherit)
                  0002bea2    00000068     wolfssl.aem4f : asn.oem4f (.text:HashForSignature)
                  0002bf0a    00000068     mqtt_socket.obj (.text:MqttSocket_TlsSocketReceive)
                  0002bf72    00000068     stk.aem4f : socket.oem4f (.text:NDK_socket)
                  0002bfda    00000002     --HOLE-- [fill = 0]
                  0002bfdc    00000068               : pbm.oem4f (.text:PBM_open)
                  0002c044    00000068     wolfssl.aem4f : tls.oem4f (.text:TLSX_GetResponseSize)
                  0002c0ac    00000068     stk.aem4f : rtable.oem4f (.text:_RtNodeInsert)
                  0002c114    00000068     rtsv7M4_T_le_v4SPD16_eabi.lib : copy_decompress_lzss.obj (.text:decompress:lzss)
                  0002c17c    00000068                                   : hostlseek.obj (.text)
                  0002c1e4    00000068                                   : trgmsg.obj (.text)
                  0002c24c    00000066     wolfssl.aem4f : tfm.oem4f (.text:fp_montgomery_calc_normalization)
                  0002c2b2    00000066     ti.uia.loggers.aem4f : LoggerStopMode.oem4f (.text:ti_uia_loggers_LoggerStopMode_flush__E)
                  0002c318    00000066     ti.targets.arm.rtsarm.aem4f : Core-mem.oem4f (.text:xdc_runtime_Core_deleteObject__I)
                  0002c37e    00000002     --HOLE-- [fill = 0]
                  0002c380    00000064     nettool_ipv4.aem4f : config.oem4f (.text:CfgFree)
                  0002c3e4    00000064     wolfssl.aem4f : internal.oem4f (.text:CheckVersion)
                  0002c448    00000064     drivers_tivaware.aem4f : GPIOTiva.oem4f (.text:GPIO_hwiIntFxn)
                  0002c4ac    00000064     stk.aem4f : pbm.oem4f (.text:PBMQ_enq)
                  0002c510    00000064     wolfssl.aem4f : internal.oem4f (.text:ShrinkInputBuffer)
                  0002c574    00000064     stk.aem4f : sockint.oem4f (.text:SockSpawnAbort)
                  0002c5d8    00000064               : tcpprot.oem4f (.text:TcpPrGetOption)
                  0002c63c    00000064     wolfssl.aem4f : tfm.oem4f (.text:fp_lshd)
                  0002c6a0    00000064     hal_timer_bios.aem4f : lltimer.oem4f (.text:llTimerTick)
                  0002c704    00000064     rtsv7M4_T_le_v4SPD16_eabi.lib : fseek.obj (.text)
                  0002c768    00000064                                   : s_frexp.obj (.text)
                  0002c7cc    00000004     wolfssl.aem4f : des3.oem4f (.text:rotrFixed)
                  0002c7d0    00000064     sysbios.aem4f : BIOS.obj (.text:ti_sysbios_family_arm_lm4_Timer_Module_startup__E)
                  0002c834    00000064     empty_pem4f.oem4f (.text:ti_sysbios_family_arm_m3_Hwi_create)
                  0002c898    00000064     sysbios.aem4f : BIOS.obj (.text:ti_sysbios_family_arm_m3_Hwi_dispatchC__I)
                  0002c8fc    00000064     stk.aem4f : lliin.oem4f (.text:updateRtTable)
                  0002c960    00000064     wolfssl.aem4f : arc4.oem4f (.text:wc_Arc4SetKey)
                  0002c9c4    00000064                   : des3.oem4f (.text:wc_Des3_CbcDecrypt)
                  0002ca28    00000064                   : ecc.oem4f (.text:wc_ecc_import_private_key_ex)
                  0002ca8c    00000062     stk.aem4f : ipin.oem4f (.text:IPRouteIP)
                  0002caee    00000002     --HOLE-- [fill = 0]
                  0002caf0    00000062               : sb.oem4f (.text:SBNew)
                  0002cb52    00000062     wolfssl.aem4f : aes.oem4f (.text:wc_AesCbcDecrypt)
                  0002cbb4    00000060     nettool_ipv4.aem4f : config.oem4f (.text:CfgGetEntryCnt)
                  0002cc14    00000060     wolfssl.aem4f : tls.oem4f (.text:DeriveTlsKeys)
                  0002cc74    00000060                   : internal.oem4f (.text:DoHelloVerifyRequest)
                  0002ccd4    00000060     stk.aem4f : file.oem4f (.text:FdWaitEvent)
                  0002cd34    00000060     wolfssl.aem4f : asn.oem4f (.text:GetLength_ex)
                  0002cd94    00000060                   : internal.oem4f (.text:InitHandshakeHashes)
                  0002cdf4    00000060                   : sha256.oem4f (.text:InitSha256)
                  0002ce54    00000060     mqtt_socket.obj (.text:MqttSocket_TlsSocketSend)
                  0002ceb4    00000060     stk.aem4f : nimu.oem4f (.text:NIMUUnregister)
                  0002cf14    00000060               : node.oem4f (.text:NodeFind)
                  0002cf74    00000060               : rtc.oem4f (.text:RTCMsg)
                  0002cfd4    00000060     wolfssl.aem4f : keys.oem4f (.text:SetKeysSide)
                  0002d034    00000060                   : tls.oem4f (.text:TLSX_SignatureAlgorithms_Parse)
                  0002d094    00000060     stk.aem4f : tcp.oem4f (.text:TcpChecksum)
                  0002d0f4    00000060     nettool_ipv4.aem4f : dhcptags.oem4f (.text:dhcpBuildOptions)
                  0002d154    00000060     rtsv7M4_T_le_v4SPD16_eabi.lib : hostopen.obj (.text)
                  0002d1b4    00000060                                   : sprintf.obj (.text)
                  0002d214    00000004     wolfssl.aem4f : sha256.oem4f (.text:rotrFixed)
                  0002d218    00000060     sysbios.aem4f : BIOS.obj (.text:ti_sysbios_family_arm_lm4_Timer_isrStub__E)
                  0002d278    00000060     wolfssl.aem4f : des3.oem4f (.text:wc_Des3_SetKey)
                  0002d2d8    00000060                   : ecc.oem4f (.text:wc_ecc_gen_k)
                  0002d338    0000005e                   : internal.oem4f (.text:CompareSuites)
                  0002d396    0000005e                   : internal.oem4f (.text:FreeArrays)
                  0002d3f4    0000005e                   : asn.oem4f (.text:GetSerialNumber)
                  0002d452    0000005e     mqtt_packet.obj (.text:MqttDecode_Vbi)
                  0002d4b0    0000005e     mqtt_socket.obj (.text:MqttSocket_Init)
                  0002d50e    0000005e     stk.aem4f : route.oem4f (.text:RtRemove)
                  0002d56c    0000005e     nettool_ipv4.aem4f : dhcpsm.oem4f (.text:StateSelecting)
                  0002d5ca    0000005e     stk.aem4f : vlan.oem4f (.text:VLANReceivePacket)
                  0002d628    0000005e     wolfssl.aem4f : tfm.oem4f (.text:fp_mul_2)
                  0002d686    0000005e                   : tfm.oem4f (.text:fp_read_unsigned_bin)
                  0002d6e4    0000005e     drivers_tivaware.aem4f : UARTTiva.oem4f (.text:readIsrBinaryBlocking)
                  0002d742    0000005e     wolfssl.aem4f : asn.oem4f (.text:wc_EncodeSignature)
                  0002d7a0    0000005e                   : asn.oem4f (.text:wc_GetPubX509)
                  0002d7fe    0000005e                   : internal.oem4f (.text:wolfSSLReceive)
                  0002d85c    0000005c                   : internal.oem4f (.text:BuildCertHashes)
                  0002d8b8    0000005c     nettool_ipv4.aem4f : config.oem4f (.text:CfgSetExecuteOrder)
                  0002d914    0000005c     wolfssl.aem4f : random.oem4f (.text:Hash_DRBG_Instantiate)
                  0002d970    0000005c     stk.aem4f : nimu.oem4f (.text:NIMUIoctlSpecialCmd)
                  0002d9cc    0000005c     netctrl_min_ipv4.aem4f : netsrv.oem4f (.text:SPService)
                  0002da28    0000005c     wolfssl.aem4f : tls.oem4f (.text:_DeriveTlsKeys)
                  0002da84    0000005c                   : tls.oem4f (.text:_MakeTlsMasterSecret)
                  0002dae0    0000005c                   : tfm.oem4f (.text:fp_rshd)
                  0002db3c    0000005c     rtsv7M4_T_le_v4SPD16_eabi.lib : close.obj (.text)
                  0002db98    0000005c     empty_pem4f.oem4f (.text:ti_sysbios_knl_Swi_create)
                  0002dbf4    00000004     empty_pem4f.oem4f (.text:ti_sysbios_BIOS_RtsGateProxy_enter__E)
                  0002dbf8    0000005c     sysbios.aem4f : BIOS.obj (.text:ti_sysbios_knl_Swi_run__I)
                  0002dc54    00000004     empty_pem4f.oem4f (.text:ti_sysbios_BIOS_RtsGateProxy_leave__E)
                  0002dc58    0000005c     sysbios.aem4f : BIOS.obj (.text:ti_sysbios_knl_Swi_schedule__I)
                  0002dcb4    0000005c     empty_pem4f.oem4f (.text:ti_sysbios_knl_Task_create)
                  0002dd10    0000005c     sysbios.aem4f : BIOS.obj (.text:ti_sysbios_knl_Task_unblockI__E)
                  0002dd6c    0000005c     wolfssl.aem4f : ecc.oem4f (.text:wc_ecc_set_curve)
                  0002ddc8    0000005b     ti.targets.arm.rtsarm.aem4f : Text.oem4f (.text:xdc_runtime_Text_putLab__E)
                  0002de23    00000001     --HOLE-- [fill = 0]
                  0002de24    0000005a     stk.aem4f : rawethsock.oem4f (.text:RawEthSockCheck)
                  0002de7e    0000005a               : route.oem4f (.text:RtRedirect)
                  0002ded8    0000005a     wolfssl.aem4f : internal.oem4f (.text:SSL_CtxResourceFree)
                  0002df32    0000005a     stk.aem4f : tcpprot.oem4f (.text:TcpValidateMetrics)
                  0002df8c    0000005a     nettool_ipv4.aem4f : dhcpbild.oem4f (.text:dhcpBuildDecline)
                  0002dfe6    0000005a     os.aem4f : mem.oem4f (.text:mmCopy)
                  0002e040    00000058     stk.aem4f : bind.oem4f (.text:BindFree)
                  0002e098    00000058     boot.aem4f : boot.oem4f (.text)
                  0002e0f0    00000058     wolfssl.aem4f : keys.oem4f (.text:CleanPreMaster)
                  0002e148    00000058                   : internal.oem4f (.text:DoCertificateStatus)
                  0002e1a0    00000058                   : internal.oem4f (.text:DoHelloRequest)
                  0002e1f8    00000058     driverlib.lib : emac.obj (.text:EMACPHYConfigSet)
                  0002e250    00000058     wolfssl.aem4f : asn.oem4f (.text:GetASNObjectId)
                  0002e2a8    00000058     stk.aem4f : igmp.oem4f (.text:IGMPTimer)
                  0002e300    00000058     os.aem4f : semaphore.oem4f (.text:SemCreate)
                  0002e358    00000058     wolfssl.aem4f : tls.oem4f (.text:TLSX_ALPN_New)
                  0002e3b0    00000058                   : tls.oem4f (.text:TLSX_PopulateSupportedGroups)
                  0002e408    00000058                   : tls.oem4f (.text:TLSX_UsePointFormat)
                  0002e460    00000058                   : tls.oem4f (.text:TLSX_UseSupportedCurve)
                  0002e4b8    00000058                   : tfm.oem4f (.text:fp_prime_miller_rabin)
                  0002e510    00000058                   : tfm.oem4f (.text:fp_rshb)
                  0002e568    00000058     rtsv7M4_T_le_v4SPD16_eabi.lib : hostread.obj (.text)
                  0002e5c0    00000058                                   : hostwrite.obj (.text)
                  0002e618    00000058     empty_pem4f.oem4f (.text:ti_sysbios_family_arm_m3_Hwi_construct)
                  0002e670    00000058     sysbios.aem4f : m3_Hwi_asm_switch.obj (.text:ti_sysbios_family_arm_m3_Hwi_initStacks__E)
                  0002e6c8    00000058     wolfssl.aem4f : hmac.oem4f (.text:wc_HmacFree)
                  0002e720    00000058                   : hmac.oem4f (.text:wc_HmacUpdate)
                  0002e778    00000058                   : ecc.oem4f (.text:wc_ecc_shared_secret)
                  0002e7d0    00000056                   : asn.oem4f (.text:DecodeECC_DSA_Sig)
                  0002e826    00000056                   : asn.oem4f (.text:FreeDecodedCert)
                  0002e87c    00000056     driverlib.lib : gpio.obj (.text:GPIOIntTypeSet)
                  0002e8d2    00000056     wolfssl.aem4f : internal.oem4f (.text:MaskPadding)
                  0002e928    00000056     mqtt_socket.obj (.text:MqttSocket_ReadDo)
                  0002e97e    00000056     mqtt_socket.obj (.text:MqttSocket_WriteDo)
                  0002e9d4    00000056     wolfssl.aem4f : internal.oem4f (.text:ReuseKey)
                  0002ea2a    00000056     empty_pem4f.oem4f (.text:ti_ndk_config_tcp_init)
                  0002ea80    00000056     wolfssl.aem4f : ssl.oem4f (.text:wolfSSL_CTX_load_verify_buffer_ex)
                  0002ead6    00000002     --HOLE-- [fill = 0]
                  0002ead8    00000054     nettool_ipv4.aem4f : config.oem4f (.text:CfgEntryDeRef)
                  0002eb2c    00000054     stk.aem4f : igmp.oem4f (.text:IGMPLeave)
                  0002eb80    00000054               : rawethsock_pcb.oem4f (.text:RawEthSockPcbAttach)
                  0002ebd4    00000054               : sockpcb.oem4f (.text:SockCleanPcb)
                  0002ec28    00000054               : tcptime.oem4f (.text:TcpTimeoutPersist)
                  0002ec7c    00000054     wolfssl.aem4f : ecc.oem4f (.text:_wc_ecc_curve_free)
                  0002ecd0    00000054                   : tfm.oem4f (.text:fp_mulmod)
                  0002ed24    00000054     drivers_tivaware.aem4f : UARTTiva.oem4f (.text:readIsrBinaryCallback)
                  0002ed78    00000054     rtsv7M4_T_le_v4SPD16_eabi.lib : exit.obj (.text)
                  0002edcc    00000054                                   : ltoa.obj (.text)
                  0002ee20    00000054     mqttnet.obj (.text:setup_timeout)
                  0002ee74    00000004     sysbios.aem4f : BIOS.obj (.text:ti_sysbios_family_arm_lm4_Timer_masterEnable__I)
                  0002ee78    00000054                   : BIOS.obj (.text:ti_sysbios_knl_Swi_Instance_finalize__E)
                  0002eecc    00000054     empty_pem4f.oem4f (.text:ti_sysbios_knl_Task_construct)
                  0002ef20    00000054     wolfssl.aem4f : des3.oem4f (.text:wc_Des3_CbcEncrypt)
                  0002ef74    00000054                   : ecc.oem4f (.text:wc_ecc_init_ex)
                  0002efc8    00000054                   : ssl.oem4f (.text:wolfSSL_CTX_new_ex)
                  0002f01c    00000054                   : ssl.oem4f (.text:wolfSSL_CTX_set_verify)
                  0002f070    00000054                   : ssl.oem4f (.text:wolfSSL_Init)
                  0002f0c4    00000054     ti.targets.arm.rtsarm.aem4f : Assert.oem4f (.text:xdc_runtime_Assert_raise__I)
                  0002f118    00000052     nettool_ipv4.aem4f : dnscomn.oem4f (.text:DNSReplyFree)
                  0002f16a    00000052     wolfssl.aem4f : asn.oem4f (.text:FreeSignatureCtx)
                  0002f1bc    00000052                   : asn.oem4f (.text:GetValidity)
                  0002f20e    00000052     mqtt_client.obj (.text:MqttClient_Disconnect_ex)
                  0002f260    00000052     wolfssl.aem4f : internal.oem4f (.text:SanityCheckCipherText)
                  0002f2b2    00000052                   : asn.oem4f (.text:SetASNIntMP)
                  0002f304    00000052                   : asn.oem4f (.text:StoreRsaKey)
                  0002f356    00000052     stk.aem4f : tcpprot.oem4f (.text:TcpPrDetach)
                  0002f3a8    00000052     wolfssl.aem4f : internal.oem4f (.text:VerifyRsaSign)
                  0002f3fa    00000052                   : aes.oem4f (.text:wc_AesCbcEncrypt)
                  0002f44c    00000052                   : ssl.oem4f (.text:wolfSSL_UnloadCertsKeys)
                  0002f49e    00000002     --HOLE-- [fill = 0]
                  0002f4a0    00000050     drivers_tivaware.aem4f : GPIOTiva.oem4f (.text:GPIO_setCallback)
                  0002f4f0    00000050                            : GPIOTiva.oem4f (.text:GPIO_toggle)
                  0002f540    00000050                            : GPIOTiva.oem4f (.text:GPIO_write)
                  0002f590    00000050     wolfssl.aem4f : asn.oem4f (.text:GetASNHeader_ex)
                  0002f5e0    00000050                   : ssl.oem4f (.text:GetCAByName)
                  0002f630    00000050     stk.aem4f : socket.oem4f (.text:NDK_bind)
                  0002f680    00000050               : socket.oem4f (.text:NDK_connect)
                  0002f6d0    00000050     wolfssl.aem4f : internal.oem4f (.text:ProcessPeerCertCheckKey)
                  0002f720    00000050     stk.aem4f : route.oem4f (.text:RtNew)
                  0002f770    00000050     driverlib.lib : sysctl.obj (.text:SysCtlPeripheralReset)
                  0002f7c0    00000050     drivers_tivaware.aem4f : UARTTiva.oem4f (.text:UARTTiva_writeCancel)
                  0002f810    00000050     Boot.aem4f : Boot_sysctl.oem4f (.text:_SysCtlFrequencyGet)
                  0002f860    00000050     wolfssl.aem4f : tfm.oem4f (.text:fp_sqrmod)
                  0002f8b0    00000050     sysbios.aem4f : BIOS.obj (.text:ti_sysbios_family_arm_m3_Hwi_Module_startup__E)
                  0002f900    00000050     wolfssl.aem4f : hash.oem4f (.text:wc_HashUpdate)
                  0002f950    00000050     ti.targets.arm.rtsarm.aem4f : Startup.oem4f (.text:xdc_runtime_Startup_exec__E)
                  0002f9a0    00000050                                 : Text.oem4f (.text:xdc_runtime_Text_visitRope2__I)
                  0002f9f0    0000004e     wolfssl.aem4f : asn.oem4f (.text:DecodeSubjKeyId)
                  0002fa3e    0000004e                   : asn.oem4f (.text:GetInt)
                  0002fa8c    0000004e                   : asn.oem4f (.text:GetMyVersion)
                  0002fada    0000004e                   : internal.oem4f (.text:GetSEQIncrement)
                  0002fb28    0000004e                   : tls.oem4f (.text:GetSEQIncrement)
                  0002fb76    0000004e                   : internal.oem4f (.text:InitSuitesHashSigAlgo)
                  0002fbc4    0000004e     mqtt_packet.obj (.text:MqttEncode_Vbi)
                  0002fc12    0000004e     stk.aem4f : node.oem4f (.text:NodeDeRef)
                  0002fc60    0000004e     nettool_ipv4.aem4f : config.oem4f (.text:_CfgEntryScan)
                  0002fcae    0000004e     wolfssl.aem4f : aes.oem4f (.text:wc_AesGcmSetKey)
                  0002fcfc    0000004e                   : arc4.oem4f (.text:wc_Arc4Process)
                  0002fd4a    0000004e                   : hash.oem4f (.text:wc_HashFinal)
                  0002fd98    0000004e                   : hash.oem4f (.text:wc_HashInit_ex)
                  0002fde6    0000004c                   : ssl.oem4f (.text:AlreadySigner)
                  0002fe32    0000004c                   : ssl.oem4f (.text:GetCA)
                  0002fe7e    00000002     --HOLE-- [fill = 0]
                  0002fe80    0000004c     nettool_ipv4.aem4f : ipaddr.oem4f (.text:NtAddNetwork)
                  0002fecc    0000004c     stk.aem4f : sockint.oem4f (.text:SockValidateRoute)
                  0002ff18    0000004c     drivers_tivaware.aem4f : UARTTiva.oem4f (.text:UARTTiva_close)
                  0002ff64    0000004c     wolfssl.aem4f : random.oem4f (.text:array_add)
                  0002ffb0    0000004c     rtsv7M4_T_le_v4SPD16_eabi.lib : atoi.obj (.text)
                  0002fffc    0000004c                                   : cpy_tbl.obj (.text)
                  00030048    0000004c                                   : rand.obj (.text)
                  00030094    00000004     empty_pem4f.oem4f (.text:ti_sysbios_family_arm_m3_Hwi_delete)
                  00030098    0000004c     sysbios.aem4f : BIOS.obj (.text:ti_sysbios_heaps_HeapMem_getStats__E)
                  000300e4    00000004     empty_pem4f.oem4f (.text:ti_sysbios_family_arm_m3_Hwi_destruct)
                  000300e8    0000004c     sysbios.aem4f : BIOS.obj (.text:ti_sysbios_knl_Swi_runLoop__I)
                  00030134    00000004     empty_pem4f.oem4f (.text:ti_sysbios_family_arm_m3_TaskSupport_Module__startupDone__S)
[...]
0003fa60  ti_sysbios_knl_Task_A_sleepTaskDisabled__C                           
0003fa64  ti_sysbios_knl_Task_E_deleteNotAllowed__C                            
0003fa68  ti_sysbios_knl_Task_E_spOutOfBounds__C                               
0003fa6c  ti_sysbios_knl_Task_E_stackOverflow__C                               
0003fa70  ti_sysbios_knl_Task_Module_State_inactiveQ__O                        
0003fa74  ti_sysbios_knl_Task_Module_State_terminatedQ__O                      
0003fa78  ti_sysbios_knl_Task_Module__diagsEnabled__C                          
0003fa7c  ti_sysbios_knl_Task_Module__diagsIncluded__C                         
0003fa80  ti_sysbios_knl_Task_Module__diagsMask__C                             
0003fa84  ti_sysbios_knl_Task_Object__count__C                                 
0003fa88  ti_sysbios_knl_Task_Object__heap__C                                  
0003fa8c  ti_sysbios_knl_Task_allBlockedFunc__C                                
0003fa90  ti_sysbios_knl_Task_defaultStackHeap__C                              
0003fa94  ti_sysbios_knl_Task_defaultStackSize__C                              
0003fa98  ti_sysbios_knl_Task_numConstructedTasks__C                           
0003fa9c  ti_sysbios_utils_Load_Module__diagsEnabled__C                        
0003faa0  ti_sysbios_utils_Load_Module__diagsIncluded__C                       
0003faa4  ti_sysbios_utils_Load_Module__diagsMask__C                           
0003faa8  ti_sysbios_utils_Load_postUpdate__C                                  
0003faac  ti_sysbios_utils_Load_windowInMs__C                                  
0003fab0  ti_uia_loggers_LoggerStopMode_Module__diagsEnabled__C                
0003fab4  ti_uia_loggers_LoggerStopMode_Module__diagsIncluded__C               
0003fab8  ti_uia_loggers_LoggerStopMode_Module__diagsMask__C                   
0003fabc  ti_uia_loggers_LoggerStopMode_Object__count__C                       
0003fac0  ti_uia_runtime_ILoggerSnapshot_Interface__BASE__C                    
0003fac4  ti_uia_runtime_IUIATransfer_Interface__BASE__C                       
0003fac8  xdc_runtime_Assert_E_assertFailed__C                                 
0003facc  xdc_runtime_Core_A_initializedParams__C                              
0003fad0  xdc_runtime_Core_Module__diagsEnabled__C                             
0003fad4  xdc_runtime_Core_Module__diagsIncluded__C                            
0003fad8  xdc_runtime_Core_Module__diagsMask__C                                
0003fadc  xdc_runtime_Error_E_generic__C                                       
0003fae0  xdc_runtime_Error_E_memory__C                                        
0003fae4  xdc_runtime_Error_Module__diagsEnabled__C                            
0003fae8  xdc_runtime_Error_Module__diagsIncluded__C                           
0003faec  xdc_runtime_Error_Module__diagsMask__C                               
0003faf0  xdc_runtime_Error_Module__loggerFxn8__C                              
0003faf4  xdc_runtime_Error_Module__loggerObj__C                               
0003faf8  xdc_runtime_Error_policyFxn__C                                       
0003fafc  xdc_runtime_Error_raiseHook__C                                       
0003fb00  xdc_runtime_IFilterLogger_Interface__BASE__C                         
0003fb04  xdc_runtime_IGateProvider_Interface__BASE__C                         
0003fb08  xdc_runtime_IHeap_Interface__BASE__C                                 
0003fb0c  xdc_runtime_ILogger_Interface__BASE__C                               
0003fb10  xdc_runtime_IModule_Interface__BASE__C                               
0003fb14  xdc_runtime_Log_L_error__C                                           
0003fb18  xdc_runtime_Memory_defaultHeapInstance__C                            
0003fb1c  xdc_runtime_Startup_execImpl__C                                      
0003fb20  xdc_runtime_Startup_lastFxns__A                                      
0003fb24  xdc_runtime_Startup_maxPasses__C                                     
0003fb28  xdc_runtime_Startup_sfxnRts__C                                       
0003fb2c  xdc_runtime_Startup_sfxnTab__C                                       
0003fb30  xdc_runtime_SysMin_bufSize__C                                        
0003fb34  xdc_runtime_SysMin_outputFunc__C                                     
0003fb38  xdc_runtime_System_Module__gateObj__C                                
0003fb3c  xdc_runtime_System_abortFxn__C                                       
0003fb40  xdc_runtime_System_exitFxn__C                                        
0003fb44  xdc_runtime_System_extendFxn__C                                      
0003fb48  xdc_runtime_System_maxAtexitHandlers__C                              
0003fb4c  xdc_runtime_Text_charTab__C                                          
0003fb50  xdc_runtime_Text_nameEmpty__C                                        
0003fb54  xdc_runtime_Text_nameStatic__C                                       
0003fb58  xdc_runtime_Text_nameUnknown__C                                      
0003fb5c  xdc_runtime_Text_nodeTab__C                                          
0003fb60  xdc_runtime_Text_visitRopeFxn__C                                     
0003fb76  ti_sysbios_family_arm_m3_Hwi_Module__id__C                           
0003fb78  ti_sysbios_gates_GateMutex_Module__id__C                             
0003fb7a  ti_sysbios_hal_Hwi_Module__id__C                                     
0003fb7c  ti_sysbios_heaps_HeapMem_Module__id__C                               
0003fb7e  ti_sysbios_io_DEV_Module__id__C                                      
0003fb80  ti_sysbios_knl_Clock_Module__id__C                                   
0003fb82  ti_sysbios_knl_Semaphore_Module__id__C                               
0003fb84  ti_sysbios_knl_Swi_Module__id__C                                     
0003fb86  ti_sysbios_knl_Task_Module__id__C                                    
0003fb88  ti_sysbios_utils_Load_Module__id__C                                  
0003fb8a  ti_sysbios_utils_Load_updateInIdle__C                                
0003fb8c  ti_uia_loggers_LoggerStopMode_Module__id__C                          
0003fb8e  ti_uia_loggers_LoggerStopMode_isTimestampEnabled__C                  
0003fb90  xdc_runtime_Core_Module__id__C                                       
0003fb92  xdc_runtime_Error_Module__loggerDefined__C                           
0003fb94  xdc_runtime_Error_maxDepth__C                                        
0003fb96  xdc_runtime_Main_Module__id__C                                       
0003fb98  xdc_runtime_Memory_Module__id__C                                     
0003fb9a  xdc_runtime_SysMin_flushAtExit__C                                    
0003fb9c  xdc_runtime_Text_charCnt__C                                          
0003fb9e  xdc_runtime_Text_isLoaded__C                                         
0003fba0  xdc_runtime_Text_registryModsLastId__C                               
0003fba2  xdc_runtime_Text_unnamedModsLastId__C                                
0003fba4  xdc_runtime_Error_policy__C                                          
0003fba8  __TI_static_base__                                                   
00040004  __TI_Handler_Table_Base                                              
00040010  __TI_Handler_Table_Limit                                             
00040020  __TI_CINIT_Base                                                      
00040038  __TI_CINIT_Limit                                                     
20000000  ti_sysbios_family_arm_m3_Hwi_ramVectors                              
20000380  ti_ndk_config_Global_pBufMem                                         
20006380  ti_ndk_config_Global_pHdrMem                                         
20006840  ti_ndk_config_Global_pit                                             
20006920  ti_ndk_config_Global_pitBuffer                                       
2000c920  awsStack                                                             
20010070  ti_sysbios_knl_Task_Instance_State_0_stack__A                        
20010870  ti_sysbios_knl_Task_Instance_State_1_stack__A                        
20010a70  task1Stack                                                           
20010e70  ti_sysbios_heaps_HeapMem_Instance_State_0_buf__A                     
20011280  ti_uia_loggers_LoggerStopMode_Instance_State_1_packetArray__A        
20011680  ti_uia_loggers_LoggerStopMode_Instance_State_2_packetArray__A        
20011a80  ti_sysbios_family_arm_m3_Hwi_dispatchTable                           
20011de0  task0Stack                                                           
20011fe0  uartTivaRingBuffer                                                   
20012000  ti_uia_loggers_LoggerStopMode_Instance_State_0_packetArray__A        
20012200  __CIOBUF_                                                            
200124fc  uartTivaObjects                                                      
200125c8  tcps                                                                 
20012734  __TI_tmpnams                                                         
20012984  xdc_runtime_SysMin_Module_State_0_outbuf__A                          
20012a04  ips                                                                  
20012a6c  nimu_mcb                                                             
20012ad0  awsStruct                                                            
20012b20  task0Struct                                                          
20012b70  task1Struct                                                          
20012bc0  _ICMPIn                                                              
20012c0c  _ICMPOut                                                             
20012c98  vlan_mcb                                                             
20012ce4  BlockCount                                                           
20012d00  ti_uia_loggers_LoggerStopMode_Instance_State_0_hdr__A                
20012d30  udps                                                                 
20012d54  BlockMax                                                             
20012d70  raweths                                                              
20012d80  ti_uia_loggers_LoggerStopMode_Instance_State_1_hdr__A                
20012db0  PageCount                                                            
20012dcc  PageMax                                                              
20012de8  stkEvent                                                             
20012e00  ti_uia_loggers_LoggerStopMode_Instance_State_2_hdr__A                
20012e44  raws                                                                 
20012e54  PBMQ_free                                                            
20012e60  tpseudo                                                              
20012e6c  upseudo                                                              
20012e88  emacObjects                                                          
20012e90  parmbuf                                                              
20012eb8  _IGMPInDiscard                                                       
20012ebc  _IGMPInQuery                                                         
20012ec0  _IGMPInQueryGroup                                                    
20012ec4  _IGMPInResponse                                                      
20012ec8  _IGMPOutResponse                                                     
20012ecc  g_ulStatus                                                           
20012ee0  raweth_pcb                                                           
20012ee4  ti_sysbios_knl_Task_Instance_State_0_hookEnv__A                      
20012ee8  ti_sysbios_knl_Task_Instance_State_1_hookEnv__A                      
20012eec  _ftable                                                              
20012fdc  _ipcfg                                                               
20013090  ti_uia_loggers_LoggerStopMode_Object__table__V                       
2001312c  ti_sysbios_knl_Task_Object__table__V                                 
200131c4  ti_sysbios_utils_Load_Module__state__V                               
2001325c  ti_sysbios_family_arm_lm4_Timer_Object__table__V                     
200132dc  ti_sysbios_knl_Swi_Module_State_0_readyQ__A                          
2001335c  ti_sysbios_knl_Task_Module_State_0_readyQ__A                         
200133dc  _device                                                              
20013454  _stream                                                              
200134f4  ti_sysbios_knl_Task_Module__state__V                                 
200135b8  ti_sysbios_family_arm_lm4_Timer_Module_State_0_device__A             
200135f8  ti_sysbios_gates_GateMutex_Object__table__V                          
20013664  ti_sysbios_family_arm_m3_Hwi_Module__state__V                        
20013698  enablePrefetch                                                       
2001369c  phyCounter                                                           
200136ca  ti_sysbios_family_arm_m3_Hwi_Module_State_0_excActive__A             
200136fc  ti_sysbios_family_arm_m3_Hwi_Object__table__V                        
2001372c  ti_sysbios_knl_Swi_Object__table__V                                  
2001375c  ti_sysbios_knl_Clock_Module__state__V                                
20013788  pstrMsgName                                                          
200137b0  _oscfg                                                               
200137f8  PITCount                                                             
200137fc  PITUsed                                                              
20013800  PITHigh                                                              
2001381c  ti_sysbios_BIOS_Module__state__V                                     
20013840  ti_sysbios_family_arm_lm4_Timer_Module_State_0_handles__A            
20013860  ti_sysbios_io_DEV_Module_State_0_table__A                            
2001389c  ti_ndk_config_Global_Id2Size                                         
200138b8  ti_sysbios_knl_Swi_Module__state__V                                  
200138d4  ti_ndk_config_Global_HostName                                        
200138d8  LocalIPAddr                                                          
200138dc  LocalIPMask                                                          
200138e0  GatewayIP                                                            
200138e4  DomainName                                                           
200138e8  __xdc__init__addr                                                    
2001391c  ti_sysbios_heaps_HeapMem_Object__table__V                            
20013948  _tz                                                                  
20013968  gpioPinConfigs                                                       
20013978  __TI_ft_end                                                          
2001397c  __aeabi_stdin                                                        
20013980  __aeabi_stdout                                                       
20013984  __aeabi_stderr                                                       
20013990  _IGMPForceVersion1                                                   
20013998  __TI_cleanup_ptr                                                     
2001399c  __TI_dtors_ptr                                                       
200139a0  __TI_enable_exit_profile_output                                      
200139b0  ti_sysbios_family_arm_lm4_Timer_Module__state__V                     
200139bc  ti_sysbios_knl_Task_Module__root__V                                  
200139c8  ti_uia_runtime_QueueDescriptor_Module__state__V                      
200139e0  xdc_runtime_SysMin_Module__state__V                                  
200139f8  _lock                                                                
200139fc  _unlock                                                              
20013a00  NIMUDeviceTable                                                      
20013a08  gpioCallbackFunctions                                                
20013a20  _ICMPInErrors                                                        
20013a24  _ICMPOutErrors                                                       
20013a28  _IPExecuting                                                         
20013a40  tcp_iss                                                              
20013a44  ptTimeFirst                                                          
20013a50  ti_uia_runtime_QueueDescriptor_gPtrToFirstDescriptor                 
20013a54  ti_uia_runtime_QueueDescriptor_gUpdateCount                          
20013a58  ti_sysbios_family_arm_lm4_Seconds_Module__state__V                   
20013a60  ti_sysbios_family_arm_lm4_TimestampProvider_Module__state__V         
20013a68  ti_sysbios_family_arm_m3_Hwi_Module__root__V                         
20013a70  ti_sysbios_gates_GateHwi_Module__root__V                             
20013a78  ti_sysbios_gates_GateMutex_Module__root__V                           
20013a80  ti_sysbios_heaps_HeapMem_Module__root__V                             
20013a88  ti_sysbios_knl_Clock_Module__root__V                                 
20013a90  ti_sysbios_knl_Queue_Module__root__V                                 
20013a98  ti_sysbios_knl_Semaphore_Module__root__V                             
20013aa0  ti_sysbios_knl_Swi_Module__root__V                                   
20013aa8  ti_uia_loggers_LoggerStopMode_Module__root__V                        
20013ab0  xdc_runtime_Registry_Module__state__V                                
20013ab8  xdc_runtime_Startup_Module__state__V                                 
20013ac0  xdc_runtime_System_Module_State_0_atexitHandlers__A                  
20013ac8  xdc_runtime_System_Module__state__V                                  
20013ad0  macAddress                                                           
20013ae2  xdc_runtime_Error_Module__state__V                                   
20013af4  errno                                                                
20013b04  main_func_sp                                                         
20013b0c  _IPReasmPtr                                                          
20013b1c  ti_sysbios_family_arm_m3_Hwi_Module_State_0_excContext__A            
20013b20  ti_sysbios_family_arm_m3_Hwi_Module_State_0_excStack__A              
20013b24  ti_sysbios_gates_GateHwi_Object__table__V                            
20013b28  ti_sysbios_io_DEV_Module__state__V                                   
20013b2c  ti_sysbios_knl_Task_Module_State_0_idleTask__A                       
20013b30  ti_sysbios_utils_Load_Module_State_0_runningTask__A                  
20013b34  ti_sysbios_utils_Load_Module_State_0_taskStartTime__A                
20013b40  xdc_runtime_Memory_Module__state__V                                  
20013b44  __stack                                                              
20013e44  __STACK_END                                                          
e000e000  ti_sysbios_family_arm_m3_Hwi_nvic                                    
ffffffff  __TI_pprof_out_hndl                                                  
ffffffff  __TI_prof_data_size                                                  
ffffffff  __TI_prof_data_start                                                 
ffffffff  __binit__                                                            
ffffffff  __c_args__                                                           
ffffffff  binit                                                                
UNDEFED   SHT$$INIT_ARRAY$$Base                                                
UNDEFED   SHT$$INIT_ARRAY$$Limit                                               

[1759 symbols]
