******************************************************************************
                  TI ARM Linker PC v18.12.3                    
******************************************************************************
>> Linked Mon Nov 25 11:53:29 2019

OUTPUT FILE NAME:   <shadow_sample_CC3220S_LAUNCHXL_tirtos_ccs.out>
ENTRY POINT SYMBOL: "_c_int00"  address: 2001b4d5


MEMORY CONFIGURATION

         name            origin    length      used     unused   attr    fill
----------------------  --------  ---------  --------  --------  ----  --------
  SRAM0                 20000000   00004000  0000070c  000038f4  RW X
  SRAM                  20004000   0003c000  00027a83  0001457d  RW X


SEGMENT ALLOCATION MAP

run origin  load origin   length   init length attrs members
----------  ----------- ---------- ----------- ----- -------
20003c00    20003c00    00000400   00000000    rw-
  20003c00    20003c00    00000400   00000000    rw- .stack
20004000    20004000    00022620   0001a61a    r-x
  20004000    20004000    0000003c   0000003c    r-- .resetVecs
  20004040    20004040    0001a5da   0001a5da    r-x .text
  2001e620    2001e620    00008000   00000000    r-- .priheap
20026800    20026800    00003549   00000000    rw-
  20026800    20026800    00003549   00000000    rw- .bss
20029d50    20029d50    000010b4   000010b4    r--
  20029d50    20029d50    000010b4   000010b4    r-- .const
2002ae04    2002ae04    00000b20   00000000    rw-
  2002ae04    2002ae04    00000b20   00000000    rw- .data
2002b928    2002b928    00000350   00000350    r--
  2002b928    2002b928    00000350   00000350    r-- .cinit


SECTION ALLOCATION MAP

 output                                  attributes/
section   page    origin      length       input sections
--------  ----  ----------  ----------   ----------------
.vecs      0    20000000    0000030c     NOLOAD SECTION
                  20000000    0000030c     release_pem4.oem4 (.vecs)

.stack     0    20003c00    00000400     UNINITIALIZED
                  20003c00    00000400     --HOLE--

.text      0    20004040    0001a5da     
                  20004040    00000ab8     rtsv7M4_T_le_eabi.lib : _scanfi.c.obj (.text:__TI_scanfi)
                  20004af8    00000a4e                           : _printfi.c.obj (.text:__TI_printfi)
                  20005546    00000002     display.aem4 : DisplayUart.oem4 (.text:DisplayUartMin_clear)
                  20005548    000008cc     simplelink.a : driver.obj (.text:_SlDrvMsgRead)
                  20005e14    0000079c     shadow_sample.obj (.text:runAWSClient)
                  200065b0    000004bc     simplelink.a : sl_socket.obj (.text:_SlSocketHandleAsync_Select)
                  20006a6c    00000004     dpl_cc32xx.aem4 : ClockP_tirtos.oem4 (.text:ClockP_getCpuFreq)
                  20006a70    0000048b     sysbios.aem4 : BIOS.obj (.text:xdc_runtime_System_doPrint__I)
                  20006efb    00000001     --HOLE-- [fill = 0]
                  20006efc    00000454     rtsv7M4_T_le_eabi.lib : strtod.c.obj (.text:strtod)
                  20007350    0000042c     driverlib.a : prcm.obj (.text:PRCMCC3200MCUInit)
                  2000777c    00000384     simplelink.a : driver.obj (.text:_SlDrvMsgWrite)
                  20007b00    00000350     slnetsock_release.a : slnetutils.oem4 (.text:SlNetUtil_getAddrInfo)
                  20007e50    00000318     network_sl.obj (.text:iot_tls_connect)
                  20008168    00000318     jsmn.obj (.text:jsmn_parse)
                  20008480    000002e0     simplelink.a : driver.obj (.text:_SlDrvWaitForPoolObj)
                  20008760    000002d8                  : driver.obj (.text:_SlDrvRxHdrRead)
                  20008a38    000002b4                  : sl_socket.obj (.text:sl_Select)
                  20008cec    000002a0     rtsv7M4_T_le_eabi.lib : mktime.c.obj (.text:__mktime32)
                  20008f8c    00000294     simplelink.a : driver.obj (.text:_SlDrvReleasePoolObj)
                  20009220    00000280     drivers_cc32xx.aem4 : UARTCC32XX.oem4 (.text:UARTCC32XX_open)
                  200094a0    0000027c     simplelink.a : wlan.obj (.text:sl_WlanConnect)
                  2000971c    00000274     aws_iot_shadow_records.obj (.text:AckStatusCallback)
                  20009990    00000268     rtsv7M4_T_le_eabi.lib : _printfi.c.obj (.text:_pconv_a)
                  20009bf8    0000025c     simplelink.a : driver.obj (.text:_SlDrvDataReadOp)
                  20009e54    00000240     aws_iot_shadow_records.obj (.text:shadow_delta_callback)
                  2000a094    00000224     simplelink.a : driver.obj (.text:_SlDrvDriverCBInit)
                  2000a2b8    00000218                  : driver.obj (.text:_SlDrvDataWriteOp)
                  2000a4d0    000001f4                  : driver.obj (.text:_SlDrvMsgReadCmdCtx)
                  2000a6c4    000001f2                  : netapp.obj (.text:_SlNetAppEventHandler)
                  2000a8b6    00000002     display.aem4 : DisplayUart.oem4 (.text:DisplayUartMin_clearLines)
                  2000a8b8    000001e4     aws_iot_shadow_records.obj (.text:subscribeToShadowActionAcks)
                  2000aa9c    000001dc     rtsv7M4_T_le_eabi.lib : strtoll.c.obj (.text:strtoll)
                  2000ac78    000001d4     drivers_cc32xx.aem4 : GPIOCC32XX.oem4 (.text:GPIO_setConfig)
                  2000ae4c    000001d0                         : SPICC32XXDMA.oem4 (.text:SPICC32XXDMA_transfer)
                  2000b01c    000001d0     aws_iot_mqtt_client_connect.obj (.text:_aws_iot_mqtt_serialize_connect)
                  2000b1ec    000001cc     rtsv7M4_T_le_eabi.lib : _printfi.c.obj (.text:_pconv_g)
                  2000b3b8    000001c8     simplelink.a : device.obj (.text:sl_Stop)
                  2000b580    000001b8     drivers_cc32xx.aem4 : SPICC32XXDMA.oem4 (.text:configDMA)
                  2000b738    000001b6     rtsv7M4_T_le_eabi.lib : fd_add_t2.asm.obj (.text)
                  2000b8ee    00000002     display.aem4 : DisplayUart.oem4 (.text:DisplayUartMin_init)
                  2000b8f0    000001b4     simplelink.a : driver.obj (.text:_SlDrvReleaseAllActivePendingPoolObj)
                  2000baa4    000001ae     aws_iot_shadow_json.obj (.text:convertDataToString)
                  2000bc52    00000002     drivers_cc32xx.aem4 : UARTCC32XX.oem4 (.text:UARTCC32XX_init)
                  2000bc54    000001ac     simplelink.a : sl_socket.obj (.text:sl_Accept)
                  2000be00    000001a8     aws_iot_shadow_json.obj (.text:extractClientToken)
                  2000bfa8    0000019c     aws_iot_shadow_records.obj (.text:unsubscribeFromAcceptedAndRejected)
                  2000c144    0000018f     aws_iot_shadow_json.obj (.text:aws_iot_shadow_add_reported)
                  2000c2d3    00000001     --HOLE-- [fill = 0]
                  2000c2d4    0000018c     simplelink.a : sl_socket.obj (.text:_SlDrvRegisterForSelectAsync)
                  2000c460    0000018c     jsmn.obj (.text:jsmn_parse_string)
                  2000c5ec    00000184     simplelink.a : driver.obj (.text:_SlDrvFindAndSetActiveObj)
                  2000c770    00000180     release_pem4.oem4 (.text:xdc_runtime_System_printfExtend__I)
                  2000c8f0    00000178     simplelink.a : sl_socket.obj (.text:sl_Connect)
                  2000ca68    00000170                  : netapp.obj (.text:sl_NetAppDnsGetHostByName)
                  2000cbd8    0000016a     aws_iot_shadow_json.obj (.text:UpdateValueIfNoObject)
                  2000cd42    00000002     rtsv7M4_T_le_eabi.lib : _lock.c.obj (.text:_nop)
                  2000cd44    00000168     main_tirtos.obj (.text:awsThreadFxn)
                  2000ceac    00000160     aws_iot_mqtt_client_common_internal.obj (.text:_aws_iot_mqtt_internal_read_packet)
                  2000d00c    0000015c     rtsv7M4_T_le_eabi.lib : strtoull.c.obj (.text:strtoull)
                  2000d168    00000158     drivers_cc32xx.aem4 : SPICC32XXDMA.oem4 (.text:SPICC32XXDMA_open)
                  2000d2c0    00000158     aws_iot_mqtt_client.obj (.text:aws_iot_mqtt_init)
                  2000d418    00000154     simplelink.a : sl_socket.obj (.text:sl_RecvFrom)
                  2000d56c    00000154     startsntp.obj (.text:startSNTP)
                  2000d6c0    00000150     aws_iot_mqtt_client_unsubscribe.obj (.text:_aws_iot_mqtt_internal_unsubscribe)
                  2000d810    0000014c     dpl_cc32xx.aem4 : PowerCC32XX_tirtos.oem4 (.text:PowerCC32XX_sleepPolicy)
                  2000d95c    0000014c     simplelink.a : sl_socket.obj (.text:sl_StartTLS)
                  2000daa8    00000148     drivers_cc32xx.aem4 : PowerCC32XX.oem4 (.text:parkPins)
                  2000dbf0    00000142     aws_iot_mqtt_client_subscribe.obj (.text:_aws_iot_mqtt_internal_subscribe)
                  2000dd32    00000002     rtsv7M4_T_le_eabi.lib : div0.asm.obj (.text)
                  2000dd34    00000140     simplelink.a : driver.obj (.text:_SlDrvMsgReadSpawnCtx)
                  2000de74    00000140     aws_iot_mqtt_client_common_internal.obj (.text:aws_iot_mqtt_internal_init_header)
                  2000dfb4    0000013c     simplelink.a : driver.obj (.text:_SlDrvDriverCBDeinit)
                  2000e0f0    0000013c                  : sl_socket.obj (.text:_SlDrvGetNextTimeoutValue)
                  2000e22c    0000013c     rtsv7M4_T_le_eabi.lib : _printfi.c.obj (.text:_pconv_e)
                  2000e368    00000138     drivers_cc32xx.aem4 : PowerCC32XX.oem4 (.text:Power_sleep)
                  2000e4a0    00000138     simplelink.a : driver.obj (.text:_SlSpawnMsgListInsert)
                  2000e5d8    00000136     rtsv7M4_T_le_eabi.lib : fd_div_t2.asm.obj (.text)
                  2000e70e    00000002     release_pem4.oem4 (.text:ti_sysbios_BIOS_nullFunc__I)
                  2000e710    00000134     simplelink.a : sl_socket.obj (.text:_SlSocketHandleAsync_StartTLS)
                  2000e844    00000134     rtsv7M4_T_le_eabi.lib : localtim.c.obj (.text:__localtime32)
                  2000e978    00000134     aws_iot_mqtt_client_connect.obj (.text:_aws_iot_mqtt_deserialize_connack)
                  2000eaac    00000130     sntp_release.a : sntp.oem4 (.text:getTime)
                  2000ebdc    00000130     rtsv7M4_T_le_eabi.lib : strtol.c.obj (.text:strtol)
                  2000ed0c    00000004     dpl_cc32xx.aem4 : ClockP_tirtos.oem4 (.text:ClockP_setTimeout)
                  2000ed10    00000130     sysbios.aem4 : BIOS.obj (.text:ti_sysbios_knl_Semaphore_pend__E)
                  2000ee40    00000128     simplelink.a : driver.obj (.text:_SlDrvClassifyRxMsg)
                  2000ef68    00000124                  : fs.obj (.text:sl_FsOpen)
                  2000f08c    00000122     aws_iot_mqtt_client_subscribe.obj (.text:_aws_iot_mqtt_internal_resubscribe)
                  2000f1ae    00000002     release_pem4.oem4 (.text:xdc_runtime_Startup_reset__I)
                  2000f1b0    00000120     drivers_cc32xx.aem4 : UARTCC32XX.oem4 (.text:UARTCC32XX_close)
                  2000f2d0    00000120     simplelink.a : driver.obj (.text:_SlDrvAsyncEventGenericHandler)
                  2000f3f0    00000120     rtsv7M4_T_le_eabi.lib : _printfi.c.obj (.text:fcvt)
                  2000f510    00000120     aws_iot_json_utils.obj (.text:parseBooleanValue)
                  2000f630    00000120     simplelink.a : device.obj (.text:sl_Start)
                  2000f750    00000120     sysbios.aem4 : BIOS.obj (.text:xdc_runtime_Startup_startMods__I)
                  2000f870    0000011f     aws_iot_shadow_json.obj (.text:aws_iot_finalize_json_document)
                  2000f98f    00000001     --HOLE-- [fill = 0]
                  2000f990    0000011e     aws_iot_mqtt_client_connect.obj (.text:_aws_iot_mqtt_internal_connect)
                  2000faae    00000002     --HOLE-- [fill = 0]
                  2000fab0    00000118     simplelink.a : netapp.obj (.text:_SlNetAppHandleAsync_DnsGetHostByService)
                  2000fbc8    00000118     aws_iot_shadow_json.obj (.text:isJsonValidAndParse)
                  2000fce0    00000118     aws_iot_json_utils.obj (.text:parseStringValue)
                  2000fdf8    00000114     aws_iot_shadow.obj (.text:aws_iot_shadow_connect)
                  2000ff0c    00000114     rtsv7M4_T_le_eabi.lib : fputs.c.obj (.text:fputs)
                  20010020    00000110     aws_iot_json_utils.obj (.text:parseUnsignedInteger8Value)
                  20010130    00000110     rtsv7M4_T_le_eabi.lib : strtoul.c.obj (.text:strtoul)
                  20010240    00000110     sysbios.aem4 : BIOS.obj (.text:ti_sysbios_knl_Task_postInit__I)
                  20010350    0000010c     aws_iot_json_utils.obj (.text:parseUnsignedInteger16Value)
                  2001045c    0000010c     aws_iot_json_utils.obj (.text:parseUnsignedInteger32Value)
                  20010568    00000108     slnetsock_release.a : slnetutils.oem4 (.text:SlNetUtil_str2BinIpV6)
                  20010670    00000108     main_tirtos.obj (.text:flashCerts)
                  20010778    00000104     simplelink.a : device.obj (.text:_SlDeviceEventHandler)
                  2001087c    00000104                  : driver.obj (.text:_SlDrvCmdOp)
                  20010980    00000104     aws_iot_mqtt_client_publish.obj (.text:aws_iot_mqtt_internal_deserialize_publish)
                  20010a84    00000004     dpl_cc32xx.aem4 : ClockP_tirtos.oem4 (.text:ClockP_start)
                  20010a88    00000104     sysbios.aem4 : BIOS.obj (.text:ti_sysbios_knl_Task_Instance_finalize__E)
                  20010b8c    00000104     aws_iot_shadow_records.obj (.text:topicNameFromThingAndAction)
                  20010c90    00000102     aws_iot_mqtt_client_yield.obj (.text:_aws_iot_mqtt_internal_yield)
                  20010d92    00000002     --HOLE-- [fill = 0]
                  20010d94    00000100     slnetsock_release.a : errnoutil.oem4 (.text:ErrnoUtil_set)
                  20010e94    00000100     simplelink.a : driver.obj (.text:_SlDrvObjGlobalLockWaitForever)
                  20010f94    00000100     aws_iot_mqtt_client_subscribe.obj (.text:_aws_iot_mqtt_serialize_subscribe)
                  20011094    00000100     simplelink.a : fs.obj (.text:sl_FsWrite)
                  20011194    000000fc     aws_iot_mqtt_client.obj (.text:aws_iot_mqtt_set_connect_params)
                  20011290    000000fc     aws_iot_json_utils.obj (.text:parseInteger8Value)
                  2001138c    000000fc     rtsv7M4_T_le_eabi.lib : fd_mul_t2.asm.obj (.text)
                  20011488    000000fc     simplelink.a : sl_socket.obj (.text:sl_Close)
                  20011584    000000fa     rtsv7M4_T_le_eabi.lib : fs_add_t2.asm.obj (.text)
                  2001167e    00000002     --HOLE-- [fill = 0]
                  20011680    000000f8     slnetifwifi.a : slnetifwifi.obj (.text:SlNetIfWifi_loadSecObj)
                  20011778    000000f8     slnetsock_release.a : slnetutils.oem4 (.text:SlNetUtil_inetAton)
                  20011870    000000f8     aws_iot_json_utils.obj (.text:parseInteger16Value)
                  20011968    000000f8     aws_iot_json_utils.obj (.text:parseInteger32Value)
                  20011a60    000000f8     simplelink.a : fs.obj (.text:sl_FsGetInfo)
                  20011b58    000000f4                  : sl_socket.obj (.text:sl_SendTo)
                  20011c4c    000000f2     drivers_cc32xx.aem4 : SPICC32XXDMA.oem4 (.text:SPICC32XXDMA_transferCancel)
                  20011d3e    000000f2                         : UARTCC32XX.oem4 (.text:UARTCC32XX_control)
                  20011e30    000000f0     aws_iot_mqtt_client_subscribe.obj (.text:_aws_iot_mqtt_deserialize_suback)
                  20011f20    000000f0     sysbios.aem4 : BIOS.obj (.text:pthread_create)
                  20012010    000000f0                  : BIOS.obj (.text:ti_sysbios_knl_Task_Instance_init__E)
                  20012100    000000ec     aws_iot_mqtt_client_unsubscribe.obj (.text:_aws_iot_mqtt_serialize_unsubscribe)
                  200121ec    00000004     dpl_cc32xx.aem4 : ClockP_tirtos.oem4 (.text:ClockP_stop)
                  200121f0    000000ec     sysbios.aem4 : BIOS.obj (.text:clock_gettime)
                  200122dc    000000ea     aws_iot_mqtt_client_publish.obj (.text:_aws_iot_mqtt_internal_publish)
                  200123c6    00000002     --HOLE-- [fill = 0]
                  200123c8    000000e8     slnetsock_release.a : slnetif.oem4 (.text:SlNetIf_add)
                  200124b0    000000e6     aws_iot_mqtt_client_common_internal.obj (.text:_aws_iot_mqtt_internal_deliver_message)
                  20012596    00000002     --HOLE-- [fill = 0]
                  20012598    000000e4     aws_iot_mqtt_client_publish.obj (.text:_aws_iot_mqtt_internal_serialize_publish)
                  2001267c    000000e4     aws_iot_shadow_actions.obj (.text:aws_iot_shadow_internal_action)
                  20012760    000000e4     aws_iot_shadow_records.obj (.text:registerJsonTokenOnDelta)
                  20012844    000000de     network_sl.obj (.text:iot_tls_read)
                  20012922    00000002     --HOLE-- [fill = 0]
                  20012924    000000dc     aws_iot_mqtt_client.obj (.text:aws_iot_mqtt_is_client_connected)
                  20012a00    000000dc     rtsv7M4_T_le_eabi.lib : setvbuf.c.obj (.text:setvbuf)
                  20012adc    000000d8     drivers_cc32xx.aem4 : SPICC32XXDMA.oem4 (.text:SPICC32XXDMA_close)
                  20012bb4    000000d8     simplelink.a : device.obj (.text:_SlDeviceHandleAsync_InitComplete)
                  20012c8c    000000d8                  : driver.obj (.text:_SlDrvWaitForInternalAsyncEvent)
                  20012d64    000000d8                  : netapp.obj (.text:_SlNetAppHandleAsync_NetAppReceive)
                  20012e3c    000000d8     aws_iot_json_utils.obj (.text:parseDoubleValue)
                  20012f14    000000d8     aws_iot_json_utils.obj (.text:parseFloatValue)
                  20012fec    000000d4     aws_iot_shadow_records.obj (.text:HandleExpiredResponseCallbacks)
                  200130c0    000000d0     simplelink.a : driver.obj (.text:_SlDrvRemoveFromList)
                  20013190    000000d0     rtsv7M4_T_le_eabi.lib : s_scalbn.c.obj (.text:scalbn)
                  20013260    000000d0     sysbios.aem4 : BIOS.obj (.text:ti_sysbios_heaps_HeapMem_alloc__E)
                  20013330    000000cc                  : m3_Hwi_asm.obj (.text:ti_sysbios_family_arm_m3_Hwi_dispatch__I)
                  200133fc    000000ca     drivers_cc32xx.aem4 : UARTCC32XX.oem4 (.text:UARTCC32XX_write)
                  200134c6    000000c8     aws_iot_mqtt_client_common_internal.obj (.text:_aws_iot_mqtt_internal_handle_publish)
                  2001358e    000000c8     aws_iot_mqtt_client_common_internal.obj (.text:_aws_iot_mqtt_internal_is_topic_matched)
                  20013656    000000c8     jsmn.obj (.text:jsmn_parse_primitive)
                  2001371e    000000c8     drivers_cc32xx.aem4 : SPICC32XXDMA.oem4 (.text:spiHwiFxn)
                  200137e6    00000002     --HOLE-- [fill = 0]
                  200137e8    000000c4                         : GPIOCC32XX.oem4 (.text:GPIO_init)
                  200138ac    000000c4     shadow_sample.obj (.text:ShadowUpdateStatusCallback)
                  20013970    000000c4     aws_iot_mqtt_client_publish.obj (.text:aws_iot_mqtt_internal_deserialize_ack)
                  20013a34    00000004     dpl_cc32xx.aem4 : HwiP_tirtos.oem4 (.text:HwiP_clearInterrupt)
                  20013a38    000000c4     sysbios.aem4 : BIOS.obj (.text:ti_sysbios_knl_Task_sleep__E)
                  20013afc    000000c0     simplelink.a : cc_pal.obj (.text:NwpPowerOff)
                  20013bbc    000000c0     aws_iot_shadow_records.obj (.text:addToAckWaitList)
                  20013c7c    000000c0     aws_iot_shadow_records.obj (.text:isSubscriptionPresent)
                  20013d3c    000000c0     drivers_cc32xx.aem4 : PowerCC32XX.oem4 (.text:restoreParkedPins)
                  20013dfc    000000c0     simplelink.a : netcfg.obj (.text:sl_NetCfgGet)
                  20013ebc    000000bc                  : netapp.obj (.text:_SlNetAppSendResponse)
                  20013f78    000000bc     aws_iot_shadow_records.obj (.text:incrementSubscriptionCnt)
                  20014034    000000bc     simplelink.a : sl_socket.obj (.text:sl_Send)
                  200140f0    000000bc                  : wlan.obj (.text:sl_WlanProvisioning)
                  200141ac    00000004     dpl_cc32xx.aem4 : HwiP_tirtos.oem4 (.text:HwiP_disable)
                  200141b0    000000bc     sysbios.aem4 : BIOS.obj (.text:xdc_runtime_Core_createObject__I)
                  2001426c    000000ba     drivers_cc32xx.aem4 : UARTCC32XX.oem4 (.text:UARTCC32XX_readPolling)
                  20014326    00000002     --HOLE-- [fill = 0]
                  20014328    000000b8     sntp_release.a : sntp.oem4 (.text:SNTP_getTime)
                  200143e0    000000b8     simplelink.a : netapp.obj (.text:_SlNetAppHandleAsync_DnsGetHostByName)
                  20014498    000000b8                  : netapp.obj (.text:_SlNetAppHandleAsync_PingResponse)
                  20014550    000000b8     drivers_cc32xx.aem4 : UARTCC32XX.oem4 (.text:initHw)
                  20014608    000000b8     simplelink.a : wlan.obj (.text:sl_WlanGet)
                  200146c0    000000b8     sysbios.aem4 : BIOS.obj (.text:ti_sysbios_family_arm_m3_Hwi_Instance_init__E)
                  20014778    000000b6     aws_iot_mqtt_client_subscribe.obj (.text:aws_iot_mqtt_subscribe)
                  2001482e    000000b6     drivers_cc32xx.aem4 : UARTCC32XX.oem4 (.text:readTaskCallback)
                  200148e4    000000b4     simplelink.a : driver.obj (.text:_SlDrvHandleFatalError)
                  20014998    000000b4                  : netutil.obj (.text:_SlNetUtilHandleAsync_Cmd)
                  20014a4c    000000b4                  : sl_socket.obj (.text:sl_GetSockOpt)
                  20014b00    000000b2     aws_iot_mqtt_client_yield.obj (.text:_aws_iot_mqtt_keep_alive)
                  20014bb2    000000b2     aws_iot_mqtt_client_unsubscribe.obj (.text:aws_iot_mqtt_unsubscribe)
                  20014c64    000000b1     rtsv7M4_T_le_eabi.lib : _printfi.c.obj (.text:_ltostr)
                  20014d15    00000003     --HOLE-- [fill = 0]
                  20014d18    000000b0     slnetifwifi.a : slnetifwifi.obj (.text:SlNetIfWifi_getSockOpt)
                  20014dc8    000000b0     aws_iot_mqtt_client_publish.obj (.text:aws_iot_mqtt_publish)
                  20014e78    000000ae     aws_iot_mqtt_client_yield.obj (.text:aws_iot_mqtt_yield)
                  20014f26    000000ae     slnetifwifi.a : slnetifwifi.obj (.text:matchModeByRole)
                  20014fd4    000000ae     drivers_cc32xx.aem4 : UARTCC32XX.oem4 (.text:readIsrTextBlocking)
                  20015082    00000002     --HOLE-- [fill = 0]
                  20015084    000000ac     simplelink.a : sl_socket.obj (.text:_SlSocketHandleAsync_Close)
                  20015130    000000ac                  : sl_socket.obj (.text:_SlSocketHandleAsync_Connect)
                  200151dc    000000ac     main_tirtos.obj (.text:main)
                  20015288    000000a8     driverlib.a : prcm.obj (.text:PRCMPeripheralClockGet)
                  20015330    000000a8     drivers_cc32xx.aem4 : PowerCC32XX.oem4 (.text:PowerCC32XX_configureWakeup)
                  200153d8    000000a8     aws_iot_mqtt_client_publish.obj (.text:aws_iot_mqtt_internal_serialize_ack)
                  20015480    000000a8     aws_iot_shadow_json.obj (.text:isJsonKeyMatchingAndUpdateValue)
                  20015528    000000a8     drivers_cc32xx.aem4 : UARTCC32XX.oem4 (.text:readTaskBlocking)
                  200155d0    000000a8     simplelink.a : fs.obj (.text:sl_FsClose)
                  20015678    000000a6                  : driver.obj (.text:_SlDrvIsTimeoutExpired)
                  2001571e    00000002     --HOLE-- [fill = 0]
                  20015720    000000a4     aws_iot_shadow_records.obj (.text:initializeRecords)
                  200157c4    000000a4     simplelink.a : sl_socket.obj (.text:sl_Bind)
                  20015868    000000a4     sysbios.aem4 : BIOS.obj (.text:ti_sysbios_knl_Task_setPri__E)
                  2001590c    000000a2     drivers_cc32xx.aem4 : UARTCC32XX.oem4 (.text:readIsrTextCallback)
                  200159ae    000000a2                         : UARTCC32XX.oem4 (.text:writeData)
                  20015a50    000000a0     simplelink.a : fs.obj (.text:FsGetCreateFsMode)
                  20015af0    000000a0                  : sl_socket.obj (.text:_SlDrvUnRegisterForSelectAsync)
                  20015b90    000000a0                  : driver.obj (.text:_SlSpawnMsgListProcess)
                  20015c30    000000a0     auto_init.aem4 : auto_init.oem4 (.text)
                  20015cd0    000000a0     aws_iot_shadow.obj (.text:aws_iot_shadow_init)
                  20015d70    0000009e     simplelink.a : cc_pal.obj (.text:spi_Read)
                  20015e0e    0000009e                  : cc_pal.obj (.text:spi_Write)
                  20015eac    00000004     dpl_cc32xx.aem4 : HwiP_tirtos.oem4 (.text:HwiP_disableInterrupt)
                  20015eb0    0000009c     sysbios.aem4 : BIOS.obj (.text:_pthread_removeThreadKeys)
                  20015f4c    0000009c     rtsv7M4_T_le_eabi.lib : memcpy_t2.asm.obj (.text)
                  20015fe8    00000098     aws_iot_mqtt_client_common_internal.obj (.text:aws_iot_mqtt_internal_cycle_read)
                  20016080    00000098     timer.obj (.text:countdown_ms)
                  20016118    00000098     drivers_cc32xx.aem4 : GPIOCC32XX.oem4 (.text:powerNotifyFxn)
                  200161b0    00000096     aws_iot_mqtt_client_yield.obj (.text:_aws_iot_mqtt_handle_reconnect)
                  20016246    00000096     aws_iot_mqtt_client_connect.obj (.text:aws_iot_mqtt_connect)
                  200162dc    00000096     rtsv7M4_T_le_eabi.lib : ull_div_t2.asm.obj (.text)
                  20016372    00000002     --HOLE-- [fill = 0]
                  20016374    00000094     simplelink.a : cc_pal.obj (.text:Semaphore_pend_handle)
                  20016408    00000094     drivers_cc32xx.aem4 : SPICC32XXDMA.oem4 (.text:initHw)
                  2001649c    00000004     dpl_cc32xx.aem4 : HwiP_tirtos.oem4 (.text:HwiP_enableInterrupt)
                  200164a0    00000094     sysbios.aem4 : BIOS.obj (.text:ti_sysbios_knl_Task_exit__E)
                  20016534    00000092     slnetsock_release.a : slnetsock.oem4 (.text:SlNetSock_create)
                  200165c6    00000002     --HOLE-- [fill = 0]
                  200165c8    00000090                         : slnetsock.oem4 (.text:SlNetSock_getVirtualSdConf)
                  20016658    00000090     simplelink.a : device.obj (.text:_SlDeviceHandleAsync_Stop)
                  200166e8    00000090                  : sl_socket.obj (.text:_SlSocketHandleAsync_Accept)
                  20016778    00000090     slnetsock_release.a : slnetutils.oem4 (.text:createAddrInfo)
                  20016808    00000090     drivers_cc32xx.aem4 : PowerCC32XX.oem4 (.text:restoreNVICRegs)
                  20016898    00000090     sysbios.aem4 : BIOS.obj (.text:ti_sysbios_knl_Task_Module_startup__E)
                  20016928    0000008e     aws_iot_mqtt_client_common_internal.obj (.text:aws_iot_mqtt_internal_send_packet)
                  200169b6    00000002     --HOLE-- [fill = 0]
                  200169b8    0000008c     simplelink.a : driver.obj (.text:_SlDrvDriverIsApiAllowed)
                  20016a44    0000008c     network_sl.obj (.text:iot_tls_init)
                  20016ad0    0000008c     simplelink.a : sl_socket.obj (.text:sl_Recv)
                  20016b5c    00000004     drivers_cc32xx.aem4 : SPICC32XXDMA.oem4 (.text:SPICC32XXDMA_init)
                  20016b60    0000008c     sysbios.aem4 : BIOS.obj (.text:xdc_runtime_Memory_alloc__E)
                  20016bec    0000008a     aws_iot_mqtt_client_common_internal.obj (.text:_aws_iot_mqtt_internal_decode_packet_remaining_len)
                  20016c76    00000002     --HOLE-- [fill = 0]
                  20016c78    00000088     driverlib.a : pin.obj (.text:PinConfigSet)
                  20016d00    00000088     simplelink.a : driver.obj (.text:_SlDrvProtectAsyncRespSetting)
                  20016d88    00000088     aws_iot_mqtt_client_common_internal.obj (.text:aws_iot_mqtt_internal_serialize_zero)
                  20016e10    00000088     network.obj (.text:setStationMode)
                  20016e98    00000088     simplelink.a : eventreg.obj (.text:sl_UnregisterLibsEventHandler)
                  20016f20    00000088     sysbios.aem4 : BIOS.obj (.text:ti_sysbios_family_arm_m3_Hwi_initNVIC__E)
                  20016fa8    00000086     rtsv7M4_T_le_eabi.lib : fd_cmp_t2.asm.obj (.text:__aeabi_cdcmple)
                  2001702e    00000086                           : fd_cmp_t2.asm.obj (.text:__aeabi_cdrcmple)
                  200170b4    00000004     dpl_cc32xx.aem4 : SemaphoreP_tirtos.oem4 (.text:SemaphoreP_post)
                  200170b8    00000086     sysbios.aem4 : BIOS.obj (.text:xdc_runtime_Core_constructObject__I)
                  2001713e    00000002     --HOLE-- [fill = 0]
                  20017140    00000084     drivers_cc32xx.aem4 : PowerCC32XX.oem4 (.text:Power_init)
                  200171c4    00000084     slnetifwifi.a : slnetifwifi.obj (.text:SlNetIfWifi_sockstartSec)
                  20017248    00000084     slnetsock_release.a : slnetutils.oem4 (.text:SlNetUtil_getHostByName)
                  200172cc    00000084     aws_iot_mqtt_client_common_internal.obj (.text:_aws_iot_mqtt_internal_readWrapper)
                  20017350    00000084     drivers_cc32xx.aem4 : PowerCC32XX.oem4 (.text:saveNVICRegs)
                  200173d4    00000084     simplelink.a : netcfg.obj (.text:sl_NetCfgSet)
                  20017458    00000084                  : sl_socket.obj (.text:sl_SetSockOpt)
                  200174dc    00000004     slnetsock_release.a : slnetif.oem4 (.text:SlNetIf_init)
                  200174e0    00000084     sysbios.aem4 : BIOS.obj (.text:ti_sysbios_family_arm_m3_Hwi_postInit__I)
                  20017564    00000004     slnetsock_release.a : slnetutils.oem4 (.text:SlNetUtil_init)
                  20017568    00000084     sysbios.aem4 : BIOS.obj (.text:ti_sysbios_heaps_HeapMem_free__E)
                  200175ec    00000080     drivers_cc32xx.aem4 : PowerCC32XX.oem4 (.text:Power_setDependency)
                  2001766c    00000080     aws_iot_mqtt_client_connect.obj (.text:_aws_iot_mqtt_is_client_state_valid_for_connect)
                  200176ec    00000080     simplelink.a : device.obj (.text:sl_DeviceSet)
                  2001776c    00000004     dpl_cc32xx.aem4 : SystemP_tirtos.oem4 (.text:SystemP_vsnprintf)
                  20017770    00000080     sysbios.aem4 : BIOS.obj (.text:ti_sysbios_knl_Clock_workFunc__E)
                  200177f0    0000007e     slnetsock_release.a : slnetutils.oem4 (.text:setAddrInfo)
                  2001786e    00000002     --HOLE-- [fill = 0]
                  20017870    0000007c     drivers_cc32xx.aem4 : UDMACC32XX.oem4 (.text:UDMACC32XX_open)
                  200178ec    0000007c     aws_iot_mqtt_client_connect.obj (.text:_aws_iot_mqtt_internal_disconnect)
                  20017968    0000007c     sysbios.aem4 : BIOS.obj (.text:_pthread_abstime2ticks)
                  200179e4    0000007c     rtsv7M4_T_le_eabi.lib : fflush.c.obj (.text:fflush)
                  20017a60    0000007c     drivers_cc32xx.aem4 : UARTCC32XX.oem4 (.text:readIsrBinaryBlocking)
                  20017adc    0000007c     simplelink.a : wlan.obj (.text:sl_WlanPolicySet)
                  20017b58    0000007a     rtsv7M4_T_le_eabi.lib : memset_t2.asm.obj (.text)
                  20017bd2    00000002     --HOLE-- [fill = 0]
                  20017bd4    00000078     drivers_cc32xx.aem4 : GPIOCC32XX.oem4 (.text:GPIO_hwiIntFxn)
                  20017c4c    00000078     aws_iot_mqtt_client_subscribe.obj (.text:aws_iot_mqtt_resubscribe)
                  20017cc4    00000078     drivers_cc32xx.aem4 : UARTCC32XX.oem4 (.text:readIsrBinaryCallback)
                  20017d3c    00000078     simplelink.a : sl_socket.obj (.text:sl_Socket)
                  20017db4    00000004     rtsv7M4_T_le_eabi.lib : exit.c.obj (.text:abort:abort)
                  20017db8    00000075     sysbios.aem4 : BIOS.obj (.text:xdc_runtime_System_formatNum__I)
                  20017e2d    00000003     --HOLE-- [fill = 0]
                  20017e30    00000074     slnetsock_release.a : slnetsock.oem4 (.text:SlNetSock_AllocVirtualSocket)
                  20017ea4    00000074     drivers_cc32xx.aem4 : UARTCC32XX.oem4 (.text:UARTCC32XX_hwiIntFxn)
                  20017f18    00000074     rtsv7M4_T_le_eabi.lib : fclose.c.obj (.text:__TI_closefile)
                  20017f8c    00000074     aws_iot_shadow_json.obj (.text:extractVersionNumber)
                  20018000    00000074     sysbios.aem4 : BIOS.obj (.text:xdc_runtime_Core_deleteObject__I)
                  20018074    00000070     network.obj (.text:Network_startup)
                  200180e4    00000070     simplelink.a : driver.obj (.text:_SlDrvCmdSend_noLock)
                  20018154    00000004     release_pem4.oem4 (.text:ti_sysbios_BIOS_RtsGateProxy_enter__E)
                  20018158    00000070     sysbios.aem4 : BIOS.obj (.text:acquireMutexNone$45)
                  200181c8    00000070     slnetsock_release.a : netdb.oem4 (.text:getaddrinfo)
                  20018238    00000070     sysbios.aem4 : BIOS.obj (.text:ti_sysbios_heaps_HeapMem_initPrimary__I)
                  200182a8    0000006e     rtsv7M4_T_le_eabi.lib : _printfi.c.obj (.text:_mcpy)
                  20018316    0000006e                           : fd_tos_t2.asm.obj (.text)
                  20018384    0000006e                           : ll_div_t2.asm.obj (.text)
                  200183f2    00000002     --HOLE-- [fill = 0]
                  200183f4    0000006c                           : hostrename.c.obj (.text:HOSTrename)
                  20018460    0000006c     slnetsock_release.a : slnetutils.oem4 (.text:SlNetUtil_str2BinIpV4)
                  200184cc    0000006c     simplelink.a : device.obj (.text:_SlDeviceHandleResetRequestInternally)
                  20018538    0000006c                  : sl_socket.obj (.text:_SlDrvOpenCtrlSocket)
                  200185a4    0000006c                  : netapp.obj (.text:_SlNetAppSendTokenValue)
                  20018610    0000006c     rtsv7M4_T_le_eabi.lib : asctime.c.obj (.text:asctime)
                  2001867c    0000006c     network.obj (.text:initWiFi)
                  200186e8    0000006c     aws_iot_shadow_records.obj (.text:publishToShadowAction)
                  20018754    00000004     release_pem4.oem4 (.text:ti_sysbios_BIOS_RtsGateProxy_leave__E)
                  20018758    0000006c     sysbios.aem4 : BIOS.obj (.text:ti_sysbios_knl_Swi_restoreHwi__E)
                  200187c4    00000068     rtsv7M4_T_le_eabi.lib : hostlseek.c.obj (.text:HOSTlseek)
                  2001882c    00000068     simplelink.a : driver.obj (.text:_SlSpawnMsgListGetCount)
                  20018894    00000068     rtsv7M4_T_le_eabi.lib : sscanf.c.obj (.text:_chkmbc)
                  200188fc    00000068     aws_iot_mqtt_client_connect.obj (.text:aws_iot_mqtt_disconnect)
                  20018964    00000068     timer.obj (.text:countdown_sec)
                  200189cc    00000068     rtsv7M4_T_le_eabi.lib : copy_decompress_lzss.c.obj (.text:decompress:lzss:__TI_decompress_lzss)
                  20018a34    00000004     release_pem4.oem4 (.text:ti_sysbios_family_arm_m3_Hwi_delete)
                  20018a38    00000068     sysbios.aem4 : BIOS.obj (.text:pthread_exit)
                  20018aa0    00000068     simplelink.a : cc_pal.obj (.text:spi_Open)
                  20018b08    00000066     drivers_cc32xx.aem4 : UARTCC32XX.oem4 (.text:UARTCC32XX_writeCancel)
                  20018b6e    00000002     --HOLE-- [fill = 0]
                  20018b70    00000064                         : PowerCC32XX.oem4 (.text:PowerCC32XX_setParkState)
                  20018bd4    00000064     aws_iot_mqtt_client_common_internal.obj (.text:aws_iot_mqtt_internal_decode_remaining_length_from_buffer)
                  20018c38    00000064     rtsv7M4_T_le_eabi.lib : fseek.c.obj (.text:fseek)
                  20018c9c    00000004     release_pem4.oem4 (.text:ti_sysbios_family_arm_m3_TaskSupport_Module__startupDone__S)
                  20018ca0    00000064     sysbios.aem4 : BIOS.obj (.text:ti_sysbios_family_arm_cc32xx_Seconds_setTime__E)
                  20018d04    00000004     release_pem4.oem4 (.text:ti_sysbios_heaps_HeapMem_Module_GateProxy_enter__E)
                  20018d08    00000064     sysbios.aem4 : BIOS.obj (.text:ti_sysbios_family_arm_m3_Hwi_dispatchC__I)
                  20018d6c    00000064     shadow_sample.obj (.text:windowActuate_Callback)
                  20018dd0    00000062     drivers_cc32xx.aem4 : UARTCC32XX.oem4 (.text:UARTCC32XX_writePolling)
                  20018e32    00000062     rtsv7M4_T_le_eabi.lib : _io_perm.c.obj (.text:__TI_wrt_ok)
                  20018e94    00000060                           : hostopen.c.obj (.text:HOSTopen)
                  20018ef4    00000060     driverlib.a : prcm.obj (.text:PRCMSysResetCauseGet)
                  20018f54    00000060     rtsv7M4_T_le_eabi.lib : fs_cmp_t2.asm.obj (.text:__aeabi_cfcmple)
                  20018fb4    00000060                           : fs_cmp_t2.asm.obj (.text:__aeabi_cfrcmple)
                  20019014    00000060     aws_iot_mqtt_client_common_internal.obj (.text:aws_iot_mqtt_internal_wait_for_read)
                  20019074    00000060     aws_iot_shadow_records.obj (.text:getNextFreeIndexOfAckWaitList)
                  200190d4    00000004     release_pem4.oem4 (.text:ti_sysbios_heaps_HeapMem_Module_GateProxy_leave__E)
                  200190d8    00000060     sysbios.aem4 : BIOS.obj (.text:ti_sysbios_knl_Semaphore_post__E)
                  20019138    00000060                  : BIOS.obj (.text:ti_sysbios_knl_Swi_run__I)
                  20019198    0000005e     slnetifwifi.a : slnetifwifi.obj (.text:SlNetIfWifi_setSockOpt)
                  200191f6    0000005e     aws_iot_mqtt_client_publish.obj (.text:_aws_iot_mqtt_read_string_with_len)
                  20019254    0000005c     display.aem4 : Display.oem4 (.text:Display_doOpen)
                  200192b0    0000005c     drivers_cc32xx.aem4 : GPIOCC32XX.oem4 (.text:GPIO_setCallback)
                  2001930c    0000005c     simplelink.a : spawn.obj (.text:_SlInternalSpawn)
                  20019368    0000005c     rtsv7M4_T_le_eabi.lib : close.c.obj (.text:close)
                  200193c4    0000005c     aws_iot_shadow_records.obj (.text:findIndexOfSubscriptionList)
                  20019420    0000005c     main_tirtos.obj (.text:flashFile)
                  2001947c    0000005c     rtsv7M4_T_le_eabi.lib : s_frexp.c.obj (.text:frexp)
                  200194d8    0000005c     timer.obj (.text:left_ms)
                  20019534    00000004     release_pem4.oem4 (.text:ti_sysbios_knl_Clock_TimerProxy_getMaxTicks__E)
                  20019538    0000005c     sysbios.aem4 : BIOS.obj (.text:ti_sysbios_family_arm_m3_Timer_start__E)
                  20019594    00000004     release_pem4.oem4 (.text:ti_sysbios_knl_Clock_TimerProxy_setPeriodMicroSecs__E)
                  20019598    0000005c     sysbios.aem4 : BIOS.obj (.text:ti_sysbios_knl_Swi_schedule__I)
                  200195f4    00000004     release_pem4.oem4 (.text:ti_sysbios_knl_Clock_TimerProxy_start__E)
                  200195f8    0000005c     sysbios.aem4 : BIOS.obj (.text:ti_sysbios_knl_Task_startCore__E)
                  20019654    00000004     release_pem4.oem4 (.text:ti_sysbios_knl_Clock_TimerProxy_stop__E)
                  20019658    0000005c     sysbios.aem4 : BIOS.obj (.text:xdc_runtime_Startup_exec__E)
                  200196b4    0000005a     aws_iot_mqtt_client_connect.obj (.text:aws_iot_mqtt_attempt_reconnect)
                  2001970e    00000002     --HOLE-- [fill = 0]
                  20019710    00000058     drivers_cc32xx.aem4 : GPIOCC32XX.oem4 (.text:GPIO_write)
                  20019768    00000058     rtsv7M4_T_le_eabi.lib : hostread.c.obj (.text:HOSTread)
                  200197c0    00000058                           : hostwrite.c.obj (.text:HOSTwrite)
                  20019818    00000058     driverlib.a : prcm.obj (.text:PRCMPeripheralReset)
                  20019870    00000058     drivers_cc32xx.aem4 : PowerCC32XX.oem4 (.text:Power_releaseDependency)
                  200198c8    00000058     slnetsock_release.a : slnetsock.oem4 (.text:SlNetSock_recv)
                  20019920    00000058                         : slnetsock.oem4 (.text:SlNetSock_send)
                  20019978    00000058     simplelink.a : sl_socket.obj (.text:_SlDrvClearCtrlSocket)
                  200199d0    00000058     aws_iot_mqtt_client_connect.obj (.text:_aws_iot_get_connect_packet_length)
                  20019a28    00000058     aws_iot_shadow_records.obj (.text:getNextFreeIndexOfSubscriptionList)
                  20019a80    00000058     sysbios.aem4 : BIOS.obj (.text:pthread_mutex_init)
                  20019ad8    00000058     simplelink.a : sl_socket.obj (.text:sl_Listen)
                  20019b30    00000058                  : eventreg.obj (.text:sl_RegisterLibsEventHandler)
                  20019b88    00000058     sysbios.aem4 : BIOS.obj (.text:ti_sysbios_family_arm_cc32xx_Seconds_getCount__I)
                  20019be0    00000056     rtsv7M4_T_le_eabi.lib : _printfi.c.obj (.text:_pconv_f)
                  20019c36    00000056     aws_iot_shadow.obj (.text:aws_iot_shadow_update)
                  20019c8c    00000056     network_sl.obj (.text:iot_tls_write)
                  20019ce2    00000002     --HOLE-- [fill = 0]
                  20019ce4    00000054     simplelink.a : driver.obj (.text:_SlDrvRxIrqHandler)
                  20019d38    00000054     rtsv7M4_T_le_eabi.lib : ltoa.c.obj (.text:ltoa)
                  20019d8c    00000054     drivers_cc32xx.aem4 : UARTCC32XX.oem4 (.text:ringBufGet)
                  20019de0    00000054     sysbios.aem4 : BIOS.obj (.text:ti_sysbios_family_arm_cc32xx_Seconds_getTime__E)
                  20019e34    00000054     release_pem4.oem4 (.text:ti_sysbios_family_arm_m3_Hwi_create)
                  20019e88    00000054     sysbios.aem4 : BIOS.obj (.text:ti_sysbios_family_arm_m3_Timer_setPeriod__E)
                  20019edc    00000052     drivers_cc32xx.aem4 : PowerCC32XX_asm.oem4 (.text:PowerCC32XX_resumeLPDS)
                  20019f2e    00000052     rtsv7M4_T_le_eabi.lib : _printfi.c.obj (.text:_ecpy)
                  20019f80    00000052     sntp_release.a : sntp.oem4 (.text:getAddrByName)
                  20019fd2    00000002     --HOLE-- [fill = 0]
                  20019fd4    00000050     dpl_cc32xx.aem4 : ClockP_tirtos.oem4 (.text:ClockP_create)
                  2001a024    00000050     simplelink.a : cc_pal.obj (.text:NwpRegisterInterruptHandler)
                  2001a074    00000050     slnetsock_release.a : slnetif.oem4 (.text:SlNetIf_queryIf)
                  2001a0c4    00000050     simplelink.a : sl_socket.obj (.text:_SlDrvCloseCtrlSocket)
                  2001a114    00000050                  : driver.obj (.text:_SlDrvCmdSend_noWait)
                  2001a164    00000050                  : driver.obj (.text:_SlDrvUpdateApiInProgress)
                  2001a1b4    00000050                  : spawn.obj (.text:_SlInternalSpawnTaskEntry)
                  2001a204    00000050                  : eventreg.obj (.text:_SlNetAppHttpServerHdlr)
                  2001a254    00000050                  : eventreg.obj (.text:_SlNetAppRequestHdlr)
                  2001a2a4    00000050     shadow_sample.obj (.text:simulateRoomTemperature)
                  2001a2f4    00000004     release_pem4.oem4 (.text:ti_sysbios_knl_Clock_delete)
                  2001a2f8    00000050     sysbios.aem4 : BIOS.obj (.text:ti_sysbios_family_arm_m3_Hwi_Module_startup__E)
                  2001a348    00000050                  : BIOS.obj (.text:ti_sysbios_knl_Clock_Instance_init__E)
                  2001a398    00000050     release_pem4.oem4 (.text:ti_sysbios_knl_Task_create)
                  2001a3e8    00000050     network.obj (.text:wlanConnect)
                  2001a438    0000004d     sntp_release.a : sntp.oem4 (.text:hasKissCode)
                  2001a485    00000003     --HOLE-- [fill = 0]
                  2001a488    0000004c     drivers_cc32xx.aem4 : GPIOCC32XX.oem4 (.text:GPIO_enableInt)
                  2001a4d4    0000004c     simplelink.a : cc_pal.obj (.text:NwpWaitForShutDownInd)
                  2001a520    0000004c     drivers_cc32xx.aem4 : PowerCC32XX.oem4 (.text:PowerCC32XX_parkPin)
                  2001a56c    0000004c     slnetifwifi.a : slnetifwifi.obj (.text:SlNetIfWifi_getConnectionStatus)
                  2001a5b8    0000004c     slnetsock_release.a : slnetsock.oem4 (.text:SlNetSock_freeVirtualSocket)
                  2001a604    0000004c                         : slnetsock.oem4 (.text:SlNetSock_startSec)
                  2001a650    0000004c     rtsv7M4_T_le_eabi.lib : fflush.c.obj (.text:__TI_doflush)
                  2001a69c    0000004c     aws_iot_mqtt_client_unsubscribe.obj (.text:_aws_iot_mqtt_deserialize_unsuback)
                  2001a6e8    0000004c     rtsv7M4_T_le_eabi.lib : atoi.c.obj (.text:atoi)
                  2001a734    0000004c                           : cpy_tbl.c.obj (.text:copy_in)
                  2001a780    0000004c     drivers_cc32xx.aem4 : PowerCC32XX.oem4 (.text:restorePeriphClocks)
                  2001a7cc    0000004c     startsntp.obj (.text:setNwpTime)
                  2001a818    0000004c     simplelink.a : wlan.obj (.text:sl_WlanSetMode)
                  2001a864    0000004c     rtsv7M4_T_le_eabi.lib : snprintf.c.obj (.text:snprintf)
                  2001a8b0    0000004c     sysbios.aem4 : m3_TaskSupport_asm.obj (.text:ti_sysbios_family_arm_m3_TaskSupport_buildTaskStack)
                  2001a8fc    00000004     release_pem4.oem4 (.text:ti_sysbios_knl_Semaphore_delete)
                  2001a900    0000004c     sysbios.aem4 : BIOS.obj (.text:ti_sysbios_heaps_HeapMem_getStats__E)
                  2001a94c    00000004     release_pem4.oem4 (.text:ti_sysbios_knl_Task_delete)
                  2001a950    0000004c     sysbios.aem4 : BIOS.obj (.text:ti_sysbios_knl_Swi_runLoop__I)
                  2001a99c    00000004     release_pem4.oem4 (.text:xdc_runtime_System_Module_GateProxy_enter__E)
                  2001a9a0    0000004c     sysbios.aem4 : BIOS.obj (.text:ti_sysbios_knl_Task_allBlockedFunction__I)
                  2001a9ec    00000004     release_pem4.oem4 (.text:xdc_runtime_System_Module_GateProxy_leave__E)
                  2001a9f0    0000004c     sysbios.aem4 : BIOS.obj (.text:ti_sysbios_knl_Task_schedule__I)
                  2001aa3c    0000004b     aws_iot_shadow_json.obj (.text:aws_iot_shadow_init_json_document)
                  2001aa87    00000001     --HOLE-- [fill = 0]
                  2001aa88    0000004a     display.aem4 : DisplayUart.oem4 (.text:DisplayUartMin_open)
                  2001aad2    00000002     --HOLE-- [fill = 0]
                  2001aad4    00000048     driverlib.a : flash.obj (.text:FlashDisable)
                  2001ab1c    00000048                 : prcm.obj (.text:PRCMLPDSEnter)
                  2001ab64    00000048                 : prcm.obj (.text:PRCMPeripheralClkEnable)
                  2001abac    00000048     drivers_cc32xx.aem4 : PowerCC32XX.oem4 (.text:Power_releaseConstraint)
                  2001abf4    00000048     slnetsock_release.a : slnetsock.oem4 (.text:SlNetSock_connect)
                  2001ac3c    00000048                         : slnetsock.oem4 (.text:SlNetSock_getOpt)
                  2001ac84    00000048                         : slnetsock.oem4 (.text:SlNetSock_init)
                  2001accc    00000048                         : slnetsock.oem4 (.text:SlNetSock_setOpt)
                  2001ad14    00000048     simplelink.a : eventreg.obj (.text:_SlDeviceFatalErrorEvtHdlr)
                  2001ad5c    00000048                  : eventreg.obj (.text:_SlDeviceGeneralEvtHdlr)
                  2001ada4    00000048                  : driver.obj (.text:_SlDrvBasicCmd)
                  2001adec    00000048                  : driver.obj (.text:_SlDrvSyncObjWaitTimeout)
                  2001ae34    00000048                  : eventreg.obj (.text:_SlNetAppEvtHdlr)
                  2001ae7c    00000048                  : eventreg.obj (.text:_SlNetAppRequestMemFree)
                  2001aec4    00000048                  : eventreg.obj (.text:_SlSockEvtHdlr)
                  2001af0c    00000048                  : eventreg.obj (.text:_SlWlanEvtHdlr)
                  2001af54    00000048     aws_iot_shadow_records.obj (.text:isValidShadowVersionUpdate)
                  2001af9c    00000048     aws_iot_json_utils.obj (.text:jsoneq)
                  2001afe4    00000048     rtsv7M4_T_le_eabi.lib : fd_toi_t2.asm.obj (.text)
                  2001b02c    00000004     --HOLE-- [fill = 0]
                  2001b030    00000048     sysbios.aem4 : BIOS.obj (.text:ti_sysbios_family_arm_m3_Hwi_disableInterrupt__E)
                  2001b078    00000048                  : BIOS.obj (.text:ti_sysbios_family_arm_m3_Hwi_enableInterrupt__E)
                  2001b0c0    00000048                  : m3_Hwi_asm_switch.obj (.text:ti_sysbios_family_arm_m3_Hwi_initStacks__E)
                  2001b108    00000048                  : BIOS.obj (.text:ti_sysbios_family_arm_m3_Timer_initDevice__I)
                  2001b150    00000048                  : BIOS.obj (.text:ti_sysbios_knl_Mailbox_Module_startup__E)
                  2001b198    00000048                  : BIOS.obj (.text:xdc_runtime_Core_assignParams__I)
                  2001b1e0    00000046     display.aem4 : DisplayUart.oem4 (.text:DisplayUartMin_vprintf)
                  2001b226    00000046     drivers_cc32xx.aem4 : RingBuf.oem4 (.text:RingBuf_put)
                  2001b26c    00000046     aws_iot_mqtt_client_common_internal.obj (.text:aws_iot_mqtt_internal_write_len_to_buffer)
                  2001b2b2    00000046     aws_iot_mqtt_client_common_internal.obj (.text:aws_iot_mqtt_internal_write_uint_16)
                  2001b2f8    00000044     rtsv7M4_T_le_eabi.lib : hostclose.c.obj (.text:HOSTclose)
                  2001b33c    00000044                           : hostunlink.c.obj (.text:HOSTunlink)
                  2001b380    00000044     driverlib.a : prcm.obj (.text:PRCMLPDSRestoreInfoSet)
                  2001b3c4    00000044     drivers_cc32xx.aem4 : PowerCC32XX_asm.oem4 (.text:PowerCC32XX_enterLPDS)
                  2001b408    00000044                         : SPI.oem4 (.text:SPI_init)
                  2001b44c    00000044     slnetsock_release.a : slnetutils.oem4 (.text:SlNetUtil_strTok)
                  2001b490    00000044     drivers_cc32xx.aem4 : UART.oem4 (.text:UART_init)
                  2001b4d4    00000044     boot.aem4 : boot.oem4 (.text)
                  2001b518    00000044     rtsv7M4_T_le_eabi.lib : getdevice.c.obj (.text:getdevice)
                  2001b55c    00000044                           : fd_tou_t2.asm.obj (.text)
                  2001b5a0    00000044     sysbios.aem4 : BIOS.obj (.text:ti_sysbios_family_arm_m3_Hwi_getStackInfo__E)
                  2001b5e4    00000004     --HOLE-- [fill = 0]
                  2001b5e8    00000044                  : BIOS.obj (.text:ti_sysbios_knl_Mailbox_postInit__I)
                  2001b62c    00000004     --HOLE-- [fill = 0]
                  2001b630    00000044                  : BIOS.obj (.text:ti_sysbios_knl_Swi_post__E)
                  2001b674    00000004     --HOLE-- [fill = 0]
                  2001b678    00000044                  : BIOS.obj (.text:xdc_runtime_System_atexit__E)
                  2001b6bc    00000042     aws_iot_mqtt_client_common_internal.obj (.text:aws_iot_mqtt_internal_get_final_packet_length_from_remaining_length)
                  2001b6fe    00000042     aws_iot_mqtt_client_common_internal.obj (.text:aws_iot_mqtt_internal_read_uint16_t)
                  2001b740    00000042     aws_iot_mqtt_client.obj (.text:aws_iot_mqtt_set_client_state)
                  2001b782    00000040     simplelink.a : sl_socket.obj (.text:CountSetBits)
                  2001b7c2    00000002     --HOLE-- [fill = 0]
                  2001b7c4    00000040     dpl_cc32xx.aem4 : HwiP_tirtos.oem4 (.text:HwiP_create)
                  2001b804    00000040     driverlib.a : pin.obj (.text:PinModeSet)
                  2001b844    00000040     drivers_cc32xx.aem4 : RingBuf.oem4 (.text:RingBuf_get)
                  2001b884    00000040                         : SPI.oem4 (.text:SPI_open)
                  2001b8c4    00000040     slnetsock_release.a : slnetsock.oem4 (.text:SlNetSock_secAttribSet)
                  2001b904    00000040     drivers_cc32xx.aem4 : UARTCC32XX.oem4 (.text:UARTCC32XX_read)
                  2001b944    00000040                         : UART.oem4 (.text:UART_open)
                  2001b984    00000040                         : UDMACC32XX.oem4 (.text:UDMACC32XX_init)
                  2001b9c4    00000040     simplelink.a : driver.obj (.text:_SlDrvGlobalObjUnLock)
                  2001ba04    00000040                  : driver.obj (.text:_SlFindAndReleasePendingCmd)
                  2001ba44    00000040                  : spawn.obj (.text:_SlInternalSpawnWaitForEvent)
                  2001ba84    00000040                  : eventreg.obj (.text:_SlIsEventRegistered)
                  2001bac4    00000040     aws_iot_shadow_records.obj (.text:initDeltaTokens)
                  2001bb04    00000040     jsmn.obj (.text:jsmn_alloc_token)
                  2001bb44    00000040     rtsv7M4_T_le_eabi.lib : u_divt2.asm.obj (.text)
                  2001bb84    00000040                           : sprintf.c.obj (.text:sprintf)
                  2001bbc4    00000004     --HOLE-- [fill = 0]
                  2001bbc8    00000040     sysbios.aem4 : BIOS.obj (.text:ti_sysbios_heaps_HeapMem_Instance_init__E)
                  2001bc08    0000003e     slnetsock_release.a : slnetsock.oem4 (.text:SlNetSock_close)
                  2001bc46    0000003e     simplelink.a : sl_socket.obj (.text:_SlSocketBuildAddress)
                  2001bc84    0000003e     aws_iot_mqtt_client_yield.obj (.text:_aws_iot_mqtt_handle_disconnect)
                  2001bcc2    0000003e     rtsv7M4_T_le_eabi.lib : _printfi.c.obj (.text:_fcpy)
                  2001bd00    0000003e     network_sl.obj (.text:iot_tls_destroy)
                  2001bd3e    00000002     --HOLE-- [fill = 0]
                  2001bd40    0000003e     sysbios.aem4 : BIOS.obj (.text:sem_timedwait)
                  2001bd7e    00000002     --HOLE-- [fill = 0]
                  2001bd80    0000003c     drivers_cc32xx.aem4 : PowerCC32XX.oem4 (.text:Power_setConstraint)
                  2001bdbc    0000003c     dpl_cc32xx.aem4 : SemaphoreP_tirtos.oem4 (.text:SemaphoreP_create)
                  2001bdf8    0000003c     simplelink.a : netapp.obj (.text:_SlNetAppCopyPingResultsToReport)
                  2001be34    00000004     --HOLE-- [fill = 0]
                  2001be38    0000003c     sysbios.aem4 : BIOS.obj (.text:clock_settime)
                  2001be74    0000003c     network_sl.obj (.text:iot_tls_set_connect_params)
                  2001beb0    0000003c     sysbios.aem4 : BIOS.obj (.text:pthread_mutex_unlock)
                  2001beec    00000004     --HOLE-- [fill = 0]
                  2001bef0    0000003c                  : BIOS.obj (.text:sleep)
                  2001bf2c    00000004     --HOLE-- [fill = 0]
                  2001bf30    0000003c                  : BIOS.obj (.text:ti_sysbios_family_arm_m3_Hwi_Instance_finalize__E)
                  2001bf6c    00000004     --HOLE-- [fill = 0]
                  2001bf70    0000003c                  : BIOS.obj (.text:ti_sysbios_family_arm_m3_Timer_setPeriodMicroSecs__E)
                  2001bfac    0000003c     release_pem4.oem4 (.text:ti_sysbios_knl_Clock_create)
                  2001bfe8    0000003c     sysbios.aem4 : BIOS.obj (.text:ti_sysbios_knl_Clock_walkQueuePeriodic__E)
                  2001c024    00000004     --HOLE-- [fill = 0]
                  2001c028    0000003c                  : BIOS.obj (.text:ti_sysbios_knl_Swi_restore__E)
                  2001c064    0000003c     simplelink.a : sl_socket.obj (.text:to_mSec)
                  2001c0a0    0000003c     sysbios.aem4 : BIOS.obj (.text:usleep)
                  2001c0dc    00000004     --HOLE-- [fill = 0]
                  2001c0e0    0000003c                  : BIOS.obj (.text:xdc_runtime_System_processAtExit__E)
                  2001c11c    0000003a     slnetifwifi.a : slnetifwifi.obj (.text:SlNetIfWifi_getIPAddr)
                  2001c156    0000003a     dpl_cc32xx.aem4 : PowerCC32XX_tirtos.oem4 (.text:getCountsRTC)
                  2001c190    00000038     aws_iot_shadow_json.obj (.text:FillWithClientTokenSize)
                  2001c1c8    00000038     drivers_cc32xx.aem4 : GPIOCC32XX.oem4 (.text:GPIO_read)
                  2001c200    00000038     driverlib.a : prcm.obj (.text:PRCMLPDSEnterKeepDebugIf)
                  2001c238    00000038     slnetifwifi.a : slnetifwifi.obj (.text:SlNetIfWifi_recvFrom)
                  2001c270    00000038                   : slnetifwifi.obj (.text:SlNetIfWifi_sendTo)
                  2001c2a8    00000038                   : slnetifwifi.obj (.text:SlNetIfWifi_socket)
                  2001c2e0    00000038     slnetsock_release.a : slnetif.oem4 (.text:SlNetIf_configCheck)
                  2001c318    00000038                         : slnetutils.oem4 (.text:SlNetUtil_htonl)
                  2001c350    00000038     rtsv7M4_T_le_eabi.lib : trgmsg.c.obj (.text:__TI_writemsg)
                  2001c388    00000038     aws_iot_mqtt_client_common_internal.obj (.text:aws_iot_mqtt_internal_write_utf8_string)
                  2001c3c0    00000038     drivers_cc32xx.aem4 : PowerCC32XX.oem4 (.text:notify)
                  2001c3f8    00000038     rtsv7M4_T_le_eabi.lib : fs_tod_t2.asm.obj (.text)
                  2001c430    00000038                           : sscanf.c.obj (.text:sscanf)
                  2001c468    00000038     sysbios.aem4 : BIOS.obj (.text:ti_sysbios_knl_Task_processVitalTaskFlag__I)
                  2001c4a0    00000036     slnetifwifi.a : slnetifwifi.obj (.text:SlNetIfWifi_getHostByName)
                  2001c4d6    00000036                   : slnetifwifi.obj (.text:SlNetIfWifi_select)
                  2001c50c    00000036     drivers_cc32xx.aem4 : UARTCC32XX.oem4 (.text:UARTCC32XX_readCancel)
                  2001c542    00000036     rtsv7M4_T_le_eabi.lib : strncpy.c.obj (.text:strncpy)
                  2001c578    00000034     driverlib.a : pin.obj (.text:PinModeGet)
                  2001c5ac    00000034     drivers_cc32xx.aem4 : PowerCC32XX.oem4 (.text:PowerCC32XX_restoreParkState)
                  2001c5e0    00000034     slnetsock_release.a : slnetutils.oem4 (.text:SlNetUtil_htons)
                  2001c614    00000034     drivers_cc32xx.aem4 : UDMACC32XX.oem4 (.text:UDMACC32XX_close)
                  2001c648    00000034     rtsv7M4_T_le_eabi.lib : fopen.c.obj (.text:__TI_cleanup)
                  2001c67c    00000034                           : trgmsg.c.obj (.text:__TI_readmsg)
                  2001c6b0    00000034     sysbios.aem4 : BIOS.obj (.text:_pthread_delete$41)
                  2001c6e4    00000034     slnetsock_release.a : socket.oem4 (.text:getsockopt)
                  2001c718    00000034     rtsv7M4_T_le_eabi.lib : strstr.c.obj (.text:strstr)
                  2001c74c    00000004     --HOLE-- [fill = 0]
                  2001c750    00000034     sysbios.aem4 : BIOS.obj (.text:ti_sysbios_family_arm_m3_Timer_periodicStub__I)
                  2001c784    00000034     release_pem4.oem4 (.text:ti_sysbios_knl_Semaphore_create)
                  2001c7b8    00000032     sysbios.aem4 : BIOS.obj (.text:ti_sysbios_hal_Hwi_initStack)
                  2001c7ea    00000006     display.aem4 : DisplayUart.oem4 (.text:DisplayUartMin_control)
                  2001c7f0    00000032     sysbios.aem4 : BIOS.obj (.text:xdc_runtime_System_putchar__I)
                  2001c822    00000030     drivers_cc32xx.aem4 : PowerCC32XX.oem4 (.text:PowerCC32XX_restoreParkedPin)
                  2001c852    00000002     --HOLE-- [fill = 0]
                  2001c854    00000030     network.obj (.text:SimpleLinkNetAppEventHandler)
                  2001c884    00000030     network.obj (.text:SimpleLinkWlanEventHandler)
                  2001c8b4    00000030     slnetsock_release.a : slnetif.oem4 (.text:SlNetIf_getIDByName)
                  2001c8e4    00000030     simplelink.a : fs.obj (.text:_SlFsStrlen)
                  2001c914    00000030     aws_iot_mqtt_client_subscribe.obj (.text:_aws_iot_mqtt_get_free_message_handler_index)
                  2001c944    00000030     rtsv7M4_T_le_eabi.lib : snprintf.c.obj (.text:_outs)
                  2001c974    00000030                           : getdevice.c.obj (.text:finddevice)
                  2001c9a4    00000030     release_pem4.oem4 (.text:ti_sysbios_BIOS_atExitFunc__I)
                  2001c9d4    00000030     release_pem4.oem4 (.text:ti_sysbios_BIOS_startFunc__I)
                  2001ca04    00000004     --HOLE-- [fill = 0]
                  2001ca08    00000030     sysbios.aem4 : BIOS.obj (.text:ti_sysbios_family_arm_m3_TaskSupport_start__E)
                  2001ca38    00000030     release_pem4.oem4 (.text:ti_sysbios_gates_GateHwi_Object__create__S)
                  2001ca68    00000030     release_pem4.oem4 (.text:ti_sysbios_gates_GateMutex_Object__create__S)
                  2001ca98    00000030     sysbios.aem4 : BIOS.obj (.text:ti_sysbios_gates_GateMutex_enter__E)
                  2001cac8    00000030     release_pem4.oem4 (.text:ti_sysbios_heaps_HeapMem_Object__create__S)
                  2001caf8    00000030     release_pem4.oem4 (.text:ti_sysbios_knl_Semaphore_construct)
                  2001cb28    00000030     sysbios.aem4 : BIOS.obj (.text:ti_sysbios_knl_Semaphore_pendTimeout__I)
                  2001cb58    00000030                  : BIOS.obj (.text:ti_sysbios_knl_Task_restore__E)
                  2001cb88    00000030                  : BIOS.obj (.text:ti_sysbios_knl_Task_unblockI__E)
                  2001cbb8    0000002e     simplelink.a : cc_pal.obj (.text:Mutex_create_handle)
                  2001cbe6    0000002e     network.obj (.text:SimpleLinkFatalErrorEventHandler)
                  2001cc14    0000002e     rtsv7M4_T_le_eabi.lib : i_tofd_t2.asm.obj (.text)
                  2001cc42    0000002e     release_pem4.oem4 (.text:ti_sysbios_rts_MemAlloc_alloc)
                  2001cc70    0000002c     simplelink.a : cc_pal.obj (.text:NwpPowerOn)
                  2001cc9c    0000002c     drivers_cc32xx.aem4 : PowerCC32XX.oem4 (.text:PowerCC32XX_getParkState)
                  2001ccc8    0000002c     dpl_cc32xx.aem4 : SemaphoreP_tirtos.oem4 (.text:SemaphoreP_createBinary)
                  2001ccf4    0000002c     slnetifwifi.a : slnetifwifi.obj (.text:SlNetIfWifi_recv)
                  2001cd20    0000002c                   : slnetifwifi.obj (.text:SlNetIfWifi_send)
                  2001cd4c    0000002c     simplelink.a : driver.obj (.text:_SlDrvSyncObjWaitForever)
                  2001cd78    0000002c     sysbios.aem4 : BIOS.obj (.text:_pthread_cleanupFxn)
                  2001cda4    00000004     --HOLE-- [fill = 0]
                  2001cda8    0000002c                  : BIOS.obj (.text:clockFxn$39)
                  2001cdd4    00000004     --HOLE-- [fill = 0]
                  2001cdd8    0000002c                  : BIOS.obj (.text:getTime$20)
                  2001ce04    0000002c     jsmn.obj (.text:jsmn_fill_token)
                  2001ce30    0000002c     slnetsock_release.a : slnetutils.oem4 (.text:mergeLists)
                  2001ce5c    0000002c     rtsv7M4_T_le_eabi.lib : strncmp.c.obj (.text:strncmp)
                  2001ce88    0000002c     release_pem4.oem4 (.text:ti_sysbios_gates_GateHwi_Handle__label__S)
                  2001ceb4    0000002c     release_pem4.oem4 (.text:ti_sysbios_gates_GateMutex_Handle__label__S)
                  2001cee0    0000002c     release_pem4.oem4 (.text:ti_sysbios_heaps_HeapMem_Handle__label__S)
                  2001cf0c    0000002c     release_pem4.oem4 (.text:ti_sysbios_knl_Clock_doTick__I)
                  2001cf38    0000002c     release_pem4.oem4 (.text:ti_sysbios_knl_Queue_construct)
                  2001cf64    0000002c     rtsv7M4_T_le_eabi.lib : unlink.c.obj (.text:unlink)
                  2001cf90    0000002a     display.aem4 : Display.oem4 (.text:Display_doPrintf)
                  2001cfba    0000002a     slnetsock_release.a : slnetutils.oem4 (.text:SlNetUtil_inetPton)
                  2001cfe4    0000002a     aws_iot_shadow.obj (.text:aws_iot_shadow_register_delta)
                  2001d00e    0000002a     release_pem4.oem4 (.text:calloc)
                  2001d038    0000002a     network_sl.obj (.text:iot_tls_is_connected)
                  2001d062    00000006     display.aem4 : DisplayUart.oem4 (.text:DisplayUartMin_getType)
                  2001d068    0000002a     sysbios.aem4 : BIOS.obj (.text:sem_init)
                  2001d092    00000002     --HOLE-- [fill = 0]
                  2001d094    00000028     display.aem4 : Display.oem4 (.text:Display_doInit)
                  2001d0bc    00000028     driverlib.a : prcm.obj (.text:PRCMPeripheralClkDisable)
                  2001d0e4    00000028     dpl_cc32xx.aem4 : PowerCC32XX_tirtos.oem4 (.text:PowerCC32XX_initPolicy)
                  2001d10c    00000028     drivers_cc32xx.aem4 : PowerCC32XX.oem4 (.text:Power_registerNotify)
                  2001d134    00000028     slnetsock_release.a : slnetif.oem4 (.text:SlNetIf_getIfByID)
                  2001d15c    00000028                         : slnetsock.oem4 (.text:SlNetSock_secAttribDelete)
                  2001d184    00000028     simplelink.a : driver.obj (.text:_SlDrvProtectionObjLockWaitForever)
                  2001d1ac    00000028                  : driver.obj (.text:_SlDrvProtectionObjUnLock)
                  2001d1d4    00000028                  : flowcont.obj (.text:_SlFlowContSet)
                  2001d1fc    00000028     aws_iot_mqtt_client_yield.obj (.text:_aws_iot_mqtt_force_client_disconnect)
                  2001d224    00000028     aws_iot_shadow_json.obj (.text:checkReturnValueOfSnPrintf)
                  2001d24c    00000028     rtsv7M4_T_le_eabi.lib : lseek.c.obj (.text:lseek)
                  2001d274    00000028     sysbios.aem4 : m3_Hwi_asm.obj (.text:ti_sysbios_family_arm_m3_Hwi_excHandlerAsm__I)
                  2001d29c    00000004     --HOLE-- [fill = 0]
                  2001d2a0    00000028                  : BIOS.obj (.text:ti_sysbios_knl_Clock_addI__E)
                  2001d2c8    00000028                  : BIOS.obj (.text:ti_sysbios_knl_Swi_Module_startup__E)
                  2001d2f0    00000028     rtsv7M4_T_le_eabi.lib : write.c.obj (.text:write)
                  2001d318    00000026     drivers_cc32xx.aem4 : List.oem4 (.text:List_put)
                  2001d33e    00000026                         : List.oem4 (.text:List_remove)
                  2001d364    00000026     aws_iot_mqtt_client.obj (.text:aws_iot_mqtt_get_next_packet_id)
                  2001d38a    00000002     --HOLE-- [fill = 0]
                  2001d38c    00000024     drivers_cc32xx.aem4 : PowerCC32XX.oem4 (.text:PowerCC32XX_reset)
                  2001d3b0    00000024     slnetsock_release.a : slnetif.oem4 (.text:SlNetIf_getConnectionStatus)
                  2001d3d4    00000024                         : slnetsock.oem4 (.text:SlNetSock_getIfID)
                  2001d3f8    00000024     simplelink.a : driver.obj (.text:_SlDrvIsApiInProgress)
                  2001d41c    00000024                  : driver.obj (.text:_SlDrvStartMeasureTimeout)
                  2001d440    00000024     sysbios.aem4 : BIOS.obj (.text:pthread_attr_init)
                  2001d464    00000024     simplelink.a : wlan.obj (.text:sl_WlanDisconnect)
                  2001d488    00000024     release_pem4.oem4 (.text:ti_sysbios_BIOS_registerRTSLock__I)
                  2001d4ac    00000024     release_pem4.oem4 (.text:ti_sysbios_BIOS_removeRTSLock__I)
                  2001d4d0    00000024     sysbios.aem4 : BIOS.obj (.text:ti_sysbios_family_arm_m3_Timer_postInit__I)
                  2001d4f4    00000004     --HOLE-- [fill = 0]
                  2001d4f8    00000024                  : BIOS.obj (.text:ti_sysbios_family_arm_m3_Timer_startup__E)
                  2001d51c    00000024     release_pem4.oem4 (.text:ti_sysbios_gates_GateMutex_Object__delete__S)
                  2001d540    00000024     sysbios.aem4 : BIOS.obj (.text:ti_sysbios_knl_Clock_Module_startup__E)
                  2001d564    00000024     release_pem4.oem4 (.text:ti_sysbios_knl_Clock_Object__delete__S)
                  2001d588    00000024     sysbios.aem4 : BIOS.obj (.text:ti_sysbios_knl_Clock_start__E)
                  2001d5ac    00000004     --HOLE-- [fill = 0]
                  2001d5b0    00000024                  : BIOS.obj (.text:ti_sysbios_knl_Semaphore_Instance_init__E)
                  2001d5d4    00000024     release_pem4.oem4 (.text:ti_sysbios_knl_Semaphore_Object__delete__S)
                  2001d5f8    00000024     sysbios.aem4 : BIOS.obj (.text:ti_sysbios_knl_Task_restoreHwi__E)
                  2001d61c    00000004     --HOLE-- [fill = 0]
                  2001d620    00000024                  : BIOS.obj (.text:xdc_runtime_Error_policyMin__E)
                  2001d644    00000022     aws_iot_mqtt_client.obj (.text:aws_iot_mqtt_autoreconnect_set_status)
                  2001d666    00000002     --HOLE-- [fill = 0]
                  2001d668    00000020     drivers_cc32xx.aem4 : PowerCC32XX.oem4 (.text:Power_unregisterNotify)
                  2001d688    00000020                         : RingBuf.oem4 (.text:RingBuf_peek)
                  2001d6a8    00000020     slnetifwifi.a : slnetifwifi.obj (.text:SlNetIfWifi_accept)
                  2001d6c8    00000020     aws_iot_mqtt_client_common_internal.obj (.text:aws_iot_mqtt_internal_read_char)
                  2001d6e8    00000020     aws_iot_mqtt_client_common_internal.obj (.text:aws_iot_mqtt_internal_write_char)
                  2001d708    00000020     drivers_cc32xx.aem4 : SPICC32XXDMA.oem4 (.text:getPowerMgrId)
                  2001d728    00000020                         : UARTCC32XX.oem4 (.text:getPowerMgrId)
                  2001d748    00000020     timer.obj (.text:has_timer_expired)
                  2001d768    00000020     rtsv7M4_T_le_eabi.lib : memchr.c.obj (.text:memchr)
                  2001d788    00000020     network.obj (.text:smartConfigFxn)
                  2001d7a8    00000020     release_pem4.oem4 (.text:ti_sysbios_BIOS_rtsLock__I)
                  2001d7c8    00000020     release_pem4.oem4 (.text:ti_sysbios_family_arm_m3_Hwi_Object__delete__S)
                  2001d7e8    00000020     sysbios.aem4 : BIOS.obj (.text:ti_sysbios_family_arm_m3_Hwi_clearInterrupt__E)
                  2001d808    00000020     release_pem4.oem4 (.text:ti_sysbios_gates_GateHwi_Object__delete__S)
                  2001d828    00000020     release_pem4.oem4 (.text:ti_sysbios_heaps_HeapMem_Object__delete__S)
                  2001d848    00000020     sysbios.aem4 : BIOS.obj (.text:ti_sysbios_knl_Idle_run__E)
                  2001d868    00000020     release_pem4.oem4 (.text:ti_sysbios_knl_Semaphore_destruct)
                  2001d888    00000020     release_pem4.oem4 (.text:ti_sysbios_knl_Task_Object__delete__S)
                  2001d8a8    0000001e     slnetifwifi.a : slnetifwifi.obj (.text:SlNetIfWifi_bind)
                  2001d8c6    0000001e                   : slnetifwifi.obj (.text:SlNetIfWifi_connect)
                  2001d8e4    0000001e     simplelink.a : driver.obj (.text:_SlDrvObjLockWaitForever)
                  2001d902    0000001e                  : driver.obj (.text:_SlDrvObjUnLock)
                  2001d920    0000001e                  : driver.obj (.text:_SlDrvSyncObjSignal)
                  2001d93e    0000001e     aws_iot_shadow.obj (.text:aws_iot_shadow_yield)
                  2001d95c    0000001e     jsmn.obj (.text:jsmn_init)
                  2001d97a    0000001e     drivers_cc32xx.aem4 : UDMACC32XX.oem4 (.text:postNotifyFxn)
                  2001d998    0000001e     sysbios.aem4 : m3_Hwi_asm_switch.obj (.text:ti_sysbios_family_xxx_Hwi_switchAndRunFunc)
                  2001d9b6    00000002     --HOLE-- [fill = 0]
                  2001d9b8    0000001c     driverlib.a : pin.obj (.text:PinToPadGet)
                  2001d9d4    0000001c     simplelink.a : device.obj (.text:_SlDeviceGetStartResponseConvert)
                  2001d9f0    0000001c                  : spawn.obj (.text:_SlInternalIsItSpawnThread)
                  2001da0c    0000001c     rtsv7M4_T_le_eabi.lib : assert.c.obj (.text:_abort_msg)
                  2001da28    0000001c                           : memccpy.c.obj (.text:memccpy)
                  2001da44    00000004     --HOLE-- [fill = 0]
                  2001da48    0000001c     sysbios.aem4 : BIOS.obj (.text:ti_sysbios_family_arm_m3_Hwi_excHandler__I)
                  2001da64    00000004     --HOLE-- [fill = 0]
                  2001da68    0000001c                  : BIOS.obj (.text:ti_sysbios_family_arm_m3_Timer_Module_startup__E)
                  2001da84    00000004     --HOLE-- [fill = 0]
                  2001da88    0000001c                  : BIOS.obj (.text:ti_sysbios_family_arm_m3_Timer_stop__E)
                  2001daa4    00000004     --HOLE-- [fill = 0]
                  2001daa8    0000001c                  : BIOS.obj (.text:ti_sysbios_gates_GateMutex_Instance_init__E)
                  2001dac4    00000004     --HOLE-- [fill = 0]
                  2001dac8    0000001c                  : BIOS.obj (.text:ti_sysbios_knl_Clock_Instance_finalize__E)
                  2001dae4    0000001c     release_pem4.oem4 (.text:ti_sysbios_knl_Queue_destruct)
                  2001db00    0000001c     sysbios.aem4 : BIOS.obj (.text:ti_sysbios_knl_Queue_put__E)
                  2001db1c    00000004     --HOLE-- [fill = 0]
                  2001db20    0000001c                  : BIOS.obj (.text:ti_sysbios_knl_Task_enter__I)
                  2001db3c    00000004     --HOLE-- [fill = 0]
                  2001db40    0000001c                  : BIOS.obj (.text:ti_sysbios_rts_ti_ReentSupport_getReent__F)
                  2001db5c    0000001a     slnetifwifi.a : slnetifwifi.obj (.text:SlNetIfWifi_listen)
                  2001db76    0000001a     release_pem4.oem4 (.text:free)
                  2001db90    0000001a     sysbios.aem4 : m3_Hwi_asm.obj (.text:ti_sysbios_family_arm_m3_Hwi_pendSV__I)
                  2001dbaa    00000002     --HOLE-- [fill = 0]
                  2001dbac    00000018     network.obj (.text:Network_init)
                  2001dbc4    00000018     drivers_cc32xx.aem4 : PowerCC32XX.oem4 (.text:Power_idleFunc)
                  2001dbdc    00000018     driverlib.a : uart.obj (.text:UARTBusy)
                  2001dbf4    00000018                 : uart.obj (.text:UARTIntEnable)
                  2001dc0c    00000018     drivers_cc32xx.aem4 : UART.oem4 (.text:UART_Params_init)
                  2001dc24    00000018     rtsv7M4_T_le_eabi.lib : args_main.c.obj (.text:_args_main)
                  2001dc3c    00000018                           : snprintf.c.obj (.text:_outc)
                  2001dc54    00000018                           : sprintf.c.obj (.text:_outs)
                  2001dc6c    00000018     network_sl.obj (.text:close)
                  2001dc84    00000018     rtsv7M4_T_le_eabi.lib : ll_mul_t2.asm.obj (.text)
                  2001dc9c    00000018     slnetsock_release.a : socket.oem4 (.text:setsockopt)
                  2001dcb4    00000018     rtsv7M4_T_le_eabi.lib : strcmp.c.obj (.text:strcmp)
                  2001dccc    00000018                           : strrchr.c.obj (.text:strrchr)
                  2001dce4    00000018     release_pem4.oem4 (.text:ti_sysbios_BIOS_rtsUnlock__I)
                  2001dcfc    00000018     release_pem4.oem4 (.text:ti_sysbios_family_arm_m3_Hwi_Module__startupDone__F)
                  2001dd14    00000018     release_pem4.oem4 (.text:ti_sysbios_family_arm_m3_Timer_Module__startupDone__F)
                  2001dd2c    00000004     --HOLE-- [fill = 0]
                  2001dd30    00000018     sysbios.aem4 : BIOS.obj (.text:ti_sysbios_gates_GateMutex_leave__E)
                  2001dd48    00000018                  : BIOS.obj (.text:ti_sysbios_knl_Task_sleepTimeout__I)
                  2001dd60    00000018     release_pem4.oem4 (.text:ti_sysbios_rts_ti_ReentSupport_getTlsAddr__I)
                  2001dd78    00000018     sysbios.aem4 : BIOS.obj (.text:xdc_runtime_Error_init__E)
                  2001dd90    00000018                  : BIOS.obj (.text:xdc_runtime_System_exit__E)
                  2001dda8    00000016     display.aem4 : DisplayUart.oem4 (.text:DisplayUartMin_close)
                  2001ddbe    00000016     driverlib.a : prcm.obj (.text:PRCMHIBRegRead)
                  2001ddd4    00000016                 : prcm.obj (.text:PRCMHIBRegWrite)
                  2001ddea    00000016     simplelink.a : driver.obj (.text:_SlDrvMemZero)
                  2001de00    00000016     aws_iot_mqtt_client.obj (.text:aws_iot_mqtt_get_client_state)
                  2001de16    00000016     timer.obj (.text:init_timer)
                  2001de2c    00000004     --HOLE-- [fill = 0]
                  2001de30    00000016     sysbios.aem4 : BIOS.obj (.text:pthread_mutex_destroy)
                  2001de46    00000016     slnetsock_release.a : socket.oem4 (.text:socket)
                  2001de5c    00000016     rtsv7M4_T_le_eabi.lib : strchr.c.obj (.text:strchr)
                  2001de72    00000016     release_pem4.oem4 (.text:ti_sysbios_BIOS_exitFunc__I)
                  2001de88    00000014     drivers_cc32xx.aem4 : PowerCC32XX.oem4 (.text:Power_getDependencyCount)
                  2001de9c    00000014                         : SPI.oem4 (.text:SPI_Params_init)
                  2001deb0    00000014     aws_iot_shadow.obj (.text:aws_iot_shadow_set_autoreconnect_status)
                  2001dec4    00000014     drivers_cc32xx.aem4 : UARTCC32XX.oem4 (.text:releasePowerConstraint)
                  2001ded8    00000014     rtsv7M4_T_le_eabi.lib : strcpy.c.obj (.text:strcpy)
                  2001deec    00000014                           : strlen.c.obj (.text:strlen)
                  2001df00    00000014     release_pem4.oem4 (.text:ti_sysbios_family_arm_m3_Hwi_Object__get__S)
                  2001df14    00000004     --HOLE-- [fill = 0]
                  2001df18    00000014     sysbios.aem4 : BIOS.obj (.text:ti_sysbios_family_arm_m3_Hwi_switchFromBootStack__E)
[...]
2001e5c9  ti_sysbios_knl_Clock_setTimeout__E                                 
2001e5d1  ti_sysbios_knl_Task_startup__E                                     
2001e5d9  xdc_runtime_SysCallback_defaultReady                               
2001e5e1  ti_sysbios_BIOS_linkedWithIncorrectBootLibrary__E                  
2001e5e9  ti_sysbios_gates_GateHwi_Instance_init__E                          
2001e5f1  ti_sysbios_knl_Clock_logTick__E                                    
2001e5f9  xdc_runtime_SysCallback_defaultAbort                               
2001e601  xdc_runtime_SysCallback_defaultExit                                
2001e609  xdc_runtime_SysCallback_defaultPutch                               
2001e611  xdc_runtime_System_abortSpin__E                                    
2001e619  xdc_runtime_System_exitSpin__E                                     
2001e620  __primary_heap_start__                                             
20026620  __primary_heap_end__                                               
20027700  SubscriptionList                                                   
20027d7c  AckWaitList                                                        
200286a4  PowerCC32XX_contextSave                                            
200287d0  GlobalLockObj                                                      
20028c00  g_CB                                                               
20028ffc  ti_sysbios_family_arm_m3_Hwi_dispatchTable                         
20029308  shadowRxBuf                                                        
20029510  ti_sysbios_knl_Task_Instance_State_0_stack__A                      
20029710  __CIOBUF_                                                          
20029830  uartCC3220SObjects                                                 
20029938  __TI_tmpnams                                                       
200299d8  spiCC3220SDMAObjects                                               
20029b30  mqttClientID                                                       
20029b80  shadowDeltaTopic                                                   
20029bd0  uartCC3220SRingBuffer                                              
20029c10  g_SlInternalSpawnCB                                                
20029cd4  myThingName                                                        
20029cf4  DeviceCB                                                           
20029d00  Msg                                                                
20029d0c  displayUartObject                                                  
20029d20  parmbuf                                                            
20029d28  spiCC3220SDMAscratchBuf                                            
20029d30  udmaCC3220SObject                                                  
20029d38  ClockP_tickPeriod                                                  
20029d3c  display                                                            
20029d40  pMqttClient                                                        
20029d44  ti_sysbios_knl_Task_Instance_State_0_hookEnv__A                    
20029d48  RxIrqCnt                                                           
20029d50  _ctypes_                                                           
20029e52  ti_sysbios_family_arm_m3_Hwi_Module__id__C                         
2002a0c8  spiCC3220SDMAHWAttrs                                               
2002a140  OpcodeTranslateTable                                               
2002a21a  ti_sysbios_family_arm_m3_Timer_Module__id__C                       
2002a27c  _SlActionLookupTable                                               
2002a364  uartCC3220SHWAttrs                                                 
2002a3ac  PowerCC32XX_config                                                 
2002a3ec  ti_sysbios_knl_Task_Object__PARAMS__C                              
2002a460  iotClientConnectParamsDefault                                      
2002a4c8  ti_sysbios_family_arm_m3_Hwi_Object__PARAMS__C                     
2002a4f8  UARTCC32XX_fxnTable                                                
2002a520  ti_sysbios_heaps_HeapMem_Module__FXNS__C                           
2002a56c  UART_defaultParams                                                 
2002a590  ti_sysbios_gates_GateHwi_Module__FXNS__C                           
2002a5b4  ti_sysbios_gates_GateMutex_Module__FXNS__C                         
2002a5d8  ti_sysbios_heaps_HeapMem_Object__PARAMS__C                         
2002a5fc  ti_sysbios_knl_Clock_Object__PARAMS__C                             
2002a620  ti_sysbios_knl_Semaphore_Object__PARAMS__C                         
2002a686  ti_sysbios_heaps_HeapMem_Module__id__C                             
2002a688  DisplayUartMin_fxnTable                                            
2002a6a8  FlagsTranslate                                                     
2002a6e8  SPI_defaultParams                                                  
2002a768  ti_sysbios_family_arm_m3_Hwi_Object__DESC__C                       
2002a788  ti_sysbios_gates_GateHwi_Object__DESC__C                           
2002a7a8  ti_sysbios_gates_GateMutex_Object__DESC__C                         
2002a7c8  ti_sysbios_heaps_HeapMem_Object__DESC__C                           
2002a7e8  ti_sysbios_knl_Clock_Object__DESC__C                               
2002a808  ti_sysbios_knl_Queue_Object__DESC__C                               
2002a828  ti_sysbios_knl_Semaphore_Object__DESC__C                           
2002a848  ti_sysbios_knl_Task_Object__DESC__C                                
2002a868  xdc_runtime_Startup_sfxnTab__A                                     
2002a8c0  ShadowInitParametersDefault                                        
2002a8f8  SPICC32XXDMA_fxnTable                                              
2002a910  SPI_config                                                         
2002a928  UART_config                                                        
2002a940  ti_sysbios_gates_GateHwi_Object__PARAMS__C                         
2002a958  ti_sysbios_gates_GateMutex_Object__PARAMS__C                       
2002a970  ti_sysbios_knl_Queue_Object__PARAMS__C                             
2002a988  ti_sysbios_knl_Task_hooks__A                                       
2002a9b6  xdc_runtime_Memory_Module__id__C                                   
2002aa6c  GPIOCC32XX_config                                                  
2002aa94  displayUartHWAttrs                                                 
2002ab70  ShadowConnectParametersDefault                                     
2002abc0  xdc_runtime_Startup_sfxnRts__A                                     
2002abec  ADC_count                                                          
2002abed  Capture_count                                                      
2002abee  CryptoCC32XX_count                                                 
2002abef  Display_count                                                      
2002abf0  I2C_count                                                          
2002abf1  PWM_count                                                          
2002abf2  SDFatFS_count                                                      
2002abf3  SD_count                                                           
2002abf4  SPI_count                                                          
2002abf5  Timer_count                                                        
2002abf6  UART_count                                                         
2002abf7  Watchdog_count                                                     
2002abf8  Display_config                                                     
2002ac28  udmaCC3220SHWAttrs                                                 
2002ac34  xdc_runtime_Startup_firstFxns__A                                   
2002ac40  UDMACC32XX_config                                                  
2002ac60  outPinTypes                                                        
2002ac70  ti_sysbios_knl_Idle_funcList__A                                    
2002ac78  ti_sysbios_knl_Idle_funcList__C                                    
2002ac80  ti_sysbios_knl_Task_hooks__C                                       
2002ac88  xdc_runtime_Startup_firstFxns__C                                   
2002ac90  xdc_runtime_Startup_lastFxns__C                                    
2002ac9e  inPinTypes                                                         
2002aca4  outPinStrengths                                                    
2002ace8  _SlNetAppSendResponseCmdCtrl                                       
2002acec  _SlNetAppSendTokenValueCmdCtrl                                     
2002acfc  _SlProvisioningCmdCtrl                                             
2002ad28  ti_sysbios_family_arm_m3_Hwi_E_alreadyDefined__C                   
2002ad2c  ti_sysbios_family_arm_m3_Hwi_E_badIntNum__C                        
2002ad30  ti_sysbios_family_arm_m3_Hwi_NUM_INTERRUPTS__C                     
2002ad34  ti_sysbios_family_arm_m3_Hwi_Object__count__C                      
2002ad38  ti_sysbios_family_arm_m3_Hwi_ccr__C                                
2002ad3c  ti_sysbios_family_arm_m3_Hwi_excHandlerFunc__C                     
2002ad40  ti_sysbios_family_arm_m3_Hwi_nullIsrFunc__C                        
2002ad44  ti_sysbios_family_arm_m3_Hwi_priGroup__C                           
2002ad48  ti_sysbios_family_arm_m3_Hwi_swiDisable__C                         
2002ad4c  ti_sysbios_family_arm_m3_Hwi_swiRestore__C                         
2002ad50  ti_sysbios_family_arm_m3_TaskSupport_stackAlignment__C             
2002ad54  ti_sysbios_family_arm_m3_Timer_E_cannotSupport__C                  
2002ad58  ti_sysbios_family_arm_m3_Timer_startupNeeded__C                    
2002ad5c  ti_sysbios_gates_GateMutex_Instance_State_sem__O                   
2002ad60  ti_sysbios_heaps_HeapMem_E_memory__C                               
2002ad64  ti_sysbios_heaps_HeapMem_Module__gateObj__C                        
2002ad68  ti_sysbios_heaps_HeapMem_Object__count__C                          
2002ad6c  ti_sysbios_heaps_HeapMem_primaryHeapBaseAddr__C                    
2002ad70  ti_sysbios_heaps_HeapMem_primaryHeapEndAddr__C                     
2002ad74  ti_sysbios_heaps_HeapMem_reqAlign__C                               
2002ad78  ti_sysbios_knl_Clock_Module_State_clockQ__O                        
2002ad7c  ti_sysbios_knl_Clock_tickPeriod__C                                 
2002ad80  ti_sysbios_knl_Mailbox_Instance_State_freeQue__O                   
2002ad84  ti_sysbios_knl_Mailbox_Object__count__C                            
2002ad88  ti_sysbios_knl_Mailbox_maxTypeAlign__C                             
2002ad8c  ti_sysbios_knl_Semaphore_Instance_State_pendQ__O                   
2002ad90  ti_sysbios_knl_Swi_Object__count__C                                
2002ad94  ti_sysbios_knl_Task_Module_State_inactiveQ__O                      
2002ad98  ti_sysbios_knl_Task_Object__count__C                               
2002ad9c  ti_sysbios_knl_Task_Object__heap__C                                
2002ada0  ti_sysbios_knl_Task_allBlockedFunc__C                              
2002ada4  ti_sysbios_knl_Task_defaultStackHeap__C                            
2002ada8  ti_sysbios_knl_Task_defaultStackSize__C                            
2002adac  ti_sysbios_knl_Task_numConstructedTasks__C                         
2002adb0  xdc_runtime_Error_E_memory__C                                      
2002adb4  xdc_runtime_Error_policyFxn__C                                     
2002adb8  xdc_runtime_IGateProvider_Interface__BASE__C                       
2002adbc  xdc_runtime_IHeap_Interface__BASE__C                               
2002adc0  xdc_runtime_IModule_Interface__BASE__C                             
2002adc4  xdc_runtime_Memory_defaultHeapInstance__C                          
2002adc8  xdc_runtime_Startup_execImpl__C                                    
2002adcc  xdc_runtime_Startup_maxPasses__C                                   
2002add0  xdc_runtime_Startup_sfxnRts__C                                     
2002add4  xdc_runtime_Startup_sfxnTab__C                                     
2002add8  xdc_runtime_SysCallback_abortFxn__C                                
2002addc  xdc_runtime_SysCallback_exitFxn__C                                 
2002ade0  xdc_runtime_SysCallback_putchFxn__C                                
2002ade4  xdc_runtime_SysCallback_readyFxn__C                                
2002ade8  xdc_runtime_System_Module__gateObj__C                              
2002adec  xdc_runtime_System_abortFxn__C                                     
2002adf0  xdc_runtime_System_exitFxn__C                                      
2002adf4  xdc_runtime_System_extendFxn__C                                    
2002adf8  xdc_runtime_System_maxAtexitHandlers__C                            
2002ae00  Display_defaultParams                                              
2002ae01  ti_sysbios_knl_Clock_tickMode__C                                   
2002ae02  ti_sysbios_knl_Clock_tickSource__C                                 
2002ae03  xdc_runtime_Error_policy__C                                        
2002ae04  PowerCC32XX_module                                                 
2002af70  HostAddress                                                        
2002b06f  client_cert_pem                                                    
2002b070  parkInfo                                                           
2002b168  _ftable                                                            
2002b2e0  ti_sysbios_knl_Swi_Module_State_0_readyQ__A                        
2002b360  ti_sysbios_knl_Task_Module_State_0_readyQ__A                       
2002b3e0  _device                                                            
2002b458  SlNetIfConfigWifi                                                  
2002b4b0  ti_sysbios_gates_GateMutex_Object__table__V                        
2002b504  _stream                                                            
2002b554  ti_sysbios_knl_Task_Object__table__V                               
2002b5a0  ti_sysbios_knl_Task_Module__state__V                               
2002b5e4  ti_sysbios_family_arm_m3_Hwi_Module__state__V                      
2002b618  ti_sysbios_family_arm_m3_Timer_Object__table__V                    
2002b648  ti_sysbios_knl_Swi_Object__table__V                                
2002b678  ti_sysbios_knl_Clock_Module__state__V                              
2002b6a4  g_LibsEvents                                                       
2002b6c8  g_UserEvents                                                       
2002b6ec  gpioPinConfigs                                                     
2002b734  ti_sysbios_BIOS_Module__state__V                                   
2002b758  xdc_runtime_Error_IgnoreBlock                                      
2002b778  ti_sysbios_knl_Swi_Module__state__V                                
2002b7ad  client_private_key_pem                                             
2002b7ae  ti_sysbios_family_arm_m3_Hwi_Module_State_0_excActive__A           
2002b7b0  ti_sysbios_family_arm_m3_Hwi_Object__table__V                      
2002b7c8  ti_sysbios_heaps_HeapMem_Object__table__V                          
2002b7f4  _tz                                                                
2002b804  gpioCallbackFunctions                                              
2002b814  __TI_ft_end                                                        
2002b818  __aeabi_stdin                                                      
2002b81c  __aeabi_stdout                                                     
2002b820  __aeabi_stderr                                                     
2002b824  ti_sysbios_family_arm_cc32xx_Seconds_Module__state__V              
2002b83c  shadowJsonVersionNum                                               
2002b840  shadowDiscardOldDeltaFlag                                          
2002b843  root_ca_pem                                                        
2002b844  root_ca_pem_len                                                    
2002b848  client_cert_pem_len                                                
2002b84c  client_private_key_pem_len                                         
2002b854  __TI_cleanup_ptr                                                   
2002b858  __TI_dtors_ptr                                                     
2002b85c  __TI_enable_exit_profile_output                                    
2002b860  gGlobalLockCntRequested                                            
2002b861  gGlobalLockCntReleased                                             
2002b862  g_SlDeviceStatus                                                   
2002b864  g_pCB                                                              
2002b868  pPingCallBackFunc                                                  
2002b86c  ti_sysbios_family_arm_m3_Timer_Module__state__V                    
2002b884  _lock                                                              
2002b888  _unlock                                                            
2002b89c  ti_sysbios_family_arm_m3_Hwi_Module__root__V                       
2002b8a4  ti_sysbios_gates_GateHwi_Module__root__V                           
2002b8ac  ti_sysbios_gates_GateMutex_Module__root__V                         
2002b8b4  ti_sysbios_heaps_HeapMem_Module__root__V                           
2002b8bc  ti_sysbios_knl_Clock_Module__root__V                               
2002b8c4  ti_sysbios_knl_Queue_Module__root__V                               
2002b8cc  ti_sysbios_knl_Semaphore_Module__root__V                           
2002b8d4  ti_sysbios_knl_Task_Module__root__V                                
2002b8dc  xdc_runtime_Startup_Module__state__V                               
2002b8e4  xdc_runtime_System_Module_State_0_atexitHandlers__A                
2002b8ec  xdc_runtime_System_Module__state__V                                
2002b8f4  port                                                               
2002b8f8  numPubs                                                            
2002b900  main_func_sp                                                       
2002b904  g_intHandle                                                        
2002b90c  ti_sysbios_family_arm_m3_Hwi_Module_State_0_excContext__A          
2002b910  ti_sysbios_family_arm_m3_Hwi_Module_State_0_excStack__A            
2002b914  ti_sysbios_gates_GateHwi_Object__table__V                          
2002b918  ti_sysbios_knl_Task_Module_State_0_idleTask__A                     
2002b91c  ti_sysbios_rts_ti_ReentSupport_Module__state__V                    
2002b920  xdc_runtime_Memory_Module__state__V                                
2002b928  __TI_static_base__                                                 
2002bc50  __TI_Handler_Table_Base                                            
2002bc5c  __TI_Handler_Table_Limit                                           
2002bc68  __TI_CINIT_Base                                                    
2002bc78  __TI_CINIT_Limit                                                   
e000e000  ti_sysbios_family_arm_m3_Hwi_nvic                                  
ffffffff  __TI_pprof_out_hndl                                                
ffffffff  __TI_prof_data_size                                                
ffffffff  __TI_prof_data_start                                               
ffffffff  __binit__                                                          
ffffffff  __c_args__                                                         
ffffffff  binit                                                              
UNDEFED   SHT$$INIT_ARRAY$$Base                                              
UNDEFED   SHT$$INIT_ARRAY$$Limit                                             

[1058 symbols]
